[    0.000000] Initializing cgroup subsys cpuset
[    0.000000] Initializing cgroup subsys cpu
[    0.000000] Initializing cgroup subsys cpuacct
[    0.000000] Linux version 3.10.0-693.el7.x86_64 (builder@kbuilder.dev.centos.org) (gcc version 4.8.5 20150623 (Red Hat 4.8.5-16) (GCC) ) #1 SMP Tue Aug 22 21:09:27 UTC 2017
[    0.000000] Command line: BOOT_IMAGE=/vmlinuz-3.10.0-693.el7.x86_64 root=/dev/mapper/centos-root ro crashkernel=auto rd.lvm.lv=centos/root rd.lvm.lv=centos/swap rhgb quiet LANG=es_CL.UTF-8
[    0.000000] Disabled fast string operations
[    0.000000] e820: BIOS-provided physical RAM map:
[    0.000000] BIOS-e820: [mem 0x0000000000000000-0x000000000009f7ff] usable
[    0.000000] BIOS-e820: [mem 0x000000000009f800-0x000000000009ffff] reserved
[    0.000000] BIOS-e820: [mem 0x00000000000dc000-0x00000000000fffff] reserved
[    0.000000] BIOS-e820: [mem 0x0000000000100000-0x00000000bfeeffff] usable
[    0.000000] BIOS-e820: [mem 0x00000000bfef0000-0x00000000bfefefff] ACPI data
[    0.000000] BIOS-e820: [mem 0x00000000bfeff000-0x00000000bfefffff] ACPI NVS
[    0.000000] BIOS-e820: [mem 0x00000000bff00000-0x00000000bfffffff] usable
[    0.000000] BIOS-e820: [mem 0x00000000f0000000-0x00000000f7ffffff] reserved
[    0.000000] BIOS-e820: [mem 0x00000000fec00000-0x00000000fec0ffff] reserved
[    0.000000] BIOS-e820: [mem 0x00000000fee00000-0x00000000fee00fff] reserved
[    0.000000] BIOS-e820: [mem 0x00000000fffe0000-0x00000000ffffffff] reserved
[    0.000000] BIOS-e820: [mem 0x0000000100000000-0x000000023fffffff] usable
[    0.000000] NX (Execute Disable) protection: active
[    0.000000] SMBIOS 2.4 present.
[    0.000000] DMI: VMware, Inc. VMware Virtual Platform/440BX Desktop Reference Platform, BIOS 6.00 09/21/2015
[    0.000000] Hypervisor detected: VMware
[    0.000000] e820: update [mem 0x00000000-0x00000fff] usable ==> reserved
[    0.000000] e820: remove [mem 0x000a0000-0x000fffff] usable
[    0.000000] e820: last_pfn = 0x240000 max_arch_pfn = 0x400000000
[    0.000000] MTRR default type: uncachable
[    0.000000] MTRR fixed ranges enabled:
[    0.000000]   00000-9FFFF write-back
[    0.000000]   A0000-BFFFF uncachable
[    0.000000]   C0000-CBFFF write-protect
[    0.000000]   CC000-EFFFF uncachable
[    0.000000]   F0000-FFFFF write-protect
[    0.000000] MTRR variable ranges enabled:
[    0.000000]   0 base 000C0000000 mask 3FFC0000000 uncachable
[    0.000000]   1 base 00000000000 mask 3FE00000000 write-back
[    0.000000]   2 base 00200000000 mask 3FFC0000000 write-back
[    0.000000]   3 disabled
[    0.000000]   4 disabled
[    0.000000]   5 disabled
[    0.000000]   6 disabled
[    0.000000]   7 disabled
[    0.000000] x86 PAT enabled: cpu 0, old 0x7040600070406, new 0x7010600070106
[    0.000000] original variable MTRRs
[    0.000000] reg 0, base: 3GB, range: 1GB, type UC
[    0.000000] reg 1, base: 0GB, range: 8GB, type WB
[    0.000000] reg 2, base: 8GB, range: 1GB, type WB
[    0.000000] total RAM covered: 8192M
[    0.000000] Found optimal setting for mtrr clean up
[    0.000000]  gran_size: 64K 	chunk_size: 8G 	num_reg: 3  	lose cover RAM: 0G
[    0.000000] New variable MTRRs
[    0.000000] reg 0, base: 0GB, range: 8GB, type WB
[    0.000000] reg 1, base: 3GB, range: 1GB, type UC
[    0.000000] reg 2, base: 8GB, range: 1GB, type WB
[    0.000000] e820: update [mem 0xc0000000-0xffffffff] usable ==> reserved
[    0.000000] e820: last_pfn = 0xc0000 max_arch_pfn = 0x400000000
[    0.000000] found SMP MP-table at [mem 0x000f6b30-0x000f6b3f] mapped at [ffff8800000f6b30]
[    0.000000] Base memory trampoline at [ffff880000099000] 99000 size 24576
[    0.000000] Using GB pages for direct mapping
[    0.000000] BRK [0x01fe9000, 0x01fe9fff] PGTABLE
[    0.000000] BRK [0x01fea000, 0x01feafff] PGTABLE
[    0.000000] BRK [0x01feb000, 0x01febfff] PGTABLE
[    0.000000] RAMDISK: [mem 0x3454c000-0x3629dfff]
[    0.000000] Early table checksum verification disabled
[    0.000000] ACPI: RSDP 00000000000f6ac0 00024 (v02 PTLTD )
[    0.000000] ACPI: XSDT 00000000bfef109b 0005C (v01 INTEL  440BX    06040000 VMW  01324272)
[    0.000000] ACPI: FACP 00000000bfefee73 000F4 (v04 INTEL  440BX    06040000 PTL  000F4240)
[    0.000000] ACPI: DSDT 00000000bfef1349 0DB2A (v01 PTLTD  Custom   06040000 MSFT 03000001)
[    0.000000] ACPI: FACS 00000000bfefffc0 00040
[    0.000000] ACPI: BOOT 00000000bfef1321 00028 (v01 PTLTD  $SBFTBL$ 06040000  LTP 00000001)
[    0.000000] ACPI: APIC 00000000bfef12c3 0005E (v01 PTLTD  ? APIC   06040000  LTP 00000000)
[    0.000000] ACPI: MCFG 00000000bfef1287 0003C (v01 PTLTD  $PCITBL$ 06040000  LTP 00000001)
[    0.000000] ACPI: SRAT 00000000bfef1197 000F0 (v02 VMWARE MEMPLUG  06040000 VMW  00000001)
[    0.000000] ACPI: HPET 00000000bfef115f 00038 (v01 VMWARE VMW HPET 06040000 VMW  00000001)
[    0.000000] ACPI: WAET 00000000bfef1137 00028 (v01 VMWARE VMW WAET 06040000 VMW  00000001)
[    0.000000] ACPI: Local APIC address 0xfee00000
[    0.000000] SRAT: PXM 0 -> APIC 0x00 -> Node 0
[    0.000000] SRAT: PXM 0 -> APIC 0x02 -> Node 0
[    0.000000] SRAT: Node 0 PXM 0 [mem 0x00000000-0x0009ffff]
[    0.000000] SRAT: Node 0 PXM 0 [mem 0x00100000-0x0fffffff]
[    0.000000] SRAT: Node 0 PXM 0 [mem 0x10000000-0xbfffffff]
[    0.000000] SRAT: Node 0 PXM 0 [mem 0x100000000-0x23fffffff]
[    0.000000] NUMA: Node 0 [mem 0x00000000-0x0009ffff] + [mem 0x00100000-0x0fffffff] -> [mem 0x00000000-0x0fffffff]
[    0.000000] NUMA: Node 0 [mem 0x00000000-0x0fffffff] + [mem 0x10000000-0xbfffffff] -> [mem 0x00000000-0xbfffffff]
[    0.000000] NUMA: Node 0 [mem 0x00000000-0xbfffffff] + [mem 0x100000000-0x23fffffff] -> [mem 0x00000000-0x23fffffff]
[    0.000000] NODE_DATA(0) allocated [mem 0x23ffd7000-0x23fffdfff]
[    0.000000] Reserving 161MB of memory at 672MB for crashkernel (System RAM: 8191MB)
[    0.000000] Zone ranges:
[    0.000000]   DMA      [mem 0x00001000-0x00ffffff]
[    0.000000]   DMA32    [mem 0x01000000-0xffffffff]
[    0.000000]   Normal   [mem 0x100000000-0x23fffffff]
[    0.000000] Movable zone start for each node
[    0.000000] Early memory node ranges
[    0.000000]   node   0: [mem 0x00001000-0x0009efff]
[    0.000000]   node   0: [mem 0x00100000-0xbfeeffff]
[    0.000000]   node   0: [mem 0xbff00000-0xbfffffff]
[    0.000000]   node   0: [mem 0x100000000-0x23fffffff]
[    0.000000] Initmem setup node 0 [mem 0x00001000-0x23fffffff]
[    0.000000] On node 0 totalpages: 2097038
[    0.000000]   DMA zone: 64 pages used for memmap
[    0.000000]   DMA zone: 21 pages reserved
[    0.000000]   DMA zone: 3998 pages, LIFO batch:0
[    0.000000]   DMA32 zone: 12224 pages used for memmap
[    0.000000]   DMA32 zone: 782320 pages, LIFO batch:31
[    0.000000]   Normal zone: 20480 pages used for memmap
[    0.000000]   Normal zone: 1310720 pages, LIFO batch:31
[    0.000000] ACPI: PM-Timer IO Port: 0x1008
[    0.000000] ACPI: Local APIC address 0xfee00000
[    0.000000] ACPI: LAPIC (acpi_id[0x00] lapic_id[0x00] enabled)
[    0.000000] ACPI: LAPIC (acpi_id[0x01] lapic_id[0x02] enabled)
[    0.000000] ACPI: LAPIC_NMI (acpi_id[0x00] high edge lint[0x1])
[    0.000000] ACPI: LAPIC_NMI (acpi_id[0x01] high edge lint[0x1])
[    0.000000] ACPI: IOAPIC (id[0x01] address[0xfec00000] gsi_base[0])
[    0.000000] IOAPIC[0]: apic_id 1, version 17, address 0xfec00000, GSI 0-23
[    0.000000] ACPI: INT_SRC_OVR (bus 0 bus_irq 0 global_irq 2 high edge)
[    0.000000] ACPI: IRQ0 used by override.
[    0.000000] ACPI: IRQ9 used by override.
[    0.000000] Using ACPI (MADT) for SMP configuration information
[    0.000000] ACPI: HPET id: 0x8086af01 base: 0xfed00000
[    0.000000] smpboot: Allowing 2 CPUs, 0 hotplug CPUs
[    0.000000] PM: Registered nosave memory: [mem 0x0009f000-0x0009ffff]
[    0.000000] PM: Registered nosave memory: [mem 0x000a0000-0x000dbfff]
[    0.000000] PM: Registered nosave memory: [mem 0x000dc000-0x000fffff]
[    0.000000] PM: Registered nosave memory: [mem 0xbfef0000-0xbfefefff]
[    0.000000] PM: Registered nosave memory: [mem 0xbfeff000-0xbfefffff]
[    0.000000] PM: Registered nosave memory: [mem 0xc0000000-0xefffffff]
[    0.000000] PM: Registered nosave memory: [mem 0xf0000000-0xf7ffffff]
[    0.000000] PM: Registered nosave memory: [mem 0xf8000000-0xfebfffff]
[    0.000000] PM: Registered nosave memory: [mem 0xfec00000-0xfec0ffff]
[    0.000000] PM: Registered nosave memory: [mem 0xfec10000-0xfedfffff]
[    0.000000] PM: Registered nosave memory: [mem 0xfee00000-0xfee00fff]
[    0.000000] PM: Registered nosave memory: [mem 0xfee01000-0xfffdffff]
[    0.000000] PM: Registered nosave memory: [mem 0xfffe0000-0xffffffff]
[    0.000000] e820: [mem 0xc0000000-0xefffffff] available for PCI devices
[    0.000000] Booting paravirtualized kernel on bare hardware
[    0.000000] setup_percpu: NR_CPUS:5120 nr_cpumask_bits:2 nr_cpu_ids:2 nr_node_ids:1
[    0.000000] PERCPU: Embedded 33 pages/cpu @ffff88023fc00000 s97048 r8192 d29928 u1048576
[    0.000000] pcpu-alloc: s97048 r8192 d29928 u1048576 alloc=1*2097152
[    0.000000] pcpu-alloc: [0] 0 1 
[    0.000000] Built 1 zonelists in Zone order, mobility grouping on.  Total pages: 2064249
[    0.000000] Policy zone: Normal
[    0.000000] Kernel command line: BOOT_IMAGE=/vmlinuz-3.10.0-693.el7.x86_64 root=/dev/mapper/centos-root ro crashkernel=auto rd.lvm.lv=centos/root rd.lvm.lv=centos/swap rhgb quiet LANG=es_CL.UTF-8
[    0.000000] PID hash table entries: 4096 (order: 3, 32768 bytes)
[    0.000000] x86/fpu: xstate_offset[2]: 0240, xstate_sizes[2]: 0100
[    0.000000] xsave: enabled xstate_bv 0x7, cntxt size 0x340 using standard form
[    0.000000] Memory: 4965544k/9437184k available (6886k kernel code, 1049032k absent, 409120k reserved, 4545k data, 1764k init)
[    0.000000] SLUB: HWalign=64, Order=0-3, MinObjects=0, CPUs=2, Nodes=1
[    0.000000] Hierarchical RCU implementation.
[    0.000000] 	RCU restricting CPUs from NR_CPUS=5120 to nr_cpu_ids=2.
[    0.000000] NR_IRQS:327936 nr_irqs:440 0
[    0.000000] Console: colour VGA+ 80x25
[    0.000000] console [tty0] enabled
[    0.000000] allocated 33554432 bytes of page_cgroup
[    0.000000] please try 'cgroup_disable=memory' option if you don't want memory cgroups
[    0.000000] hpet clockevent registered
[    0.000000] tsc: Fast TSC calibration using PIT
[    0.000000] TSC freq read from hypervisor : 2596.992 MHz
[    0.000000] tsc: Detected 2596.206 MHz processor
[    0.000017] Calibrating delay loop (skipped) preset value.. 5193.98 BogoMIPS (lpj=2596992)
[    0.000029] pid_max: default: 32768 minimum: 301
[    0.000140] Security Framework initialized
[    0.000150] SELinux:  Initializing.
[    0.000163] SELinux:  Starting in permissive mode
[    0.000164] Yama: becoming mindful.
[    0.000196] Dentry cache hash table entries: 1048576 (order: 11, 8388608 bytes)
[    0.001153] Inode-cache hash table entries: 524288 (order: 10, 4194304 bytes)
[    0.001169] Mount-cache hash table entries: 16384 (order: 5, 131072 bytes)
[    0.001182] Mountpoint-cache hash table entries: 16384 (order: 5, 131072 bytes)
[    0.001326] Initializing cgroup subsys memory
[    0.001335] Initializing cgroup subsys devices
[    0.001337] Initializing cgroup subsys freezer
[    0.001339] Initializing cgroup subsys net_cls
[    0.001341] Initializing cgroup subsys blkio
[    0.001343] Initializing cgroup subsys perf_event
[    0.001345] Initializing cgroup subsys hugetlb
[    0.001348] Initializing cgroup subsys pids
[    0.001349] Initializing cgroup subsys net_prio
[    0.001370] Disabled fast string operations
[    0.001374] CPU: Physical Processor ID: 0
[    0.001382] ENERGY_PERF_BIAS: Set to 'normal', was 'performance'
[    0.001383] ENERGY_PERF_BIAS: View and update with x86_energy_perf_policy(8)
[    0.002140] mce: CPU supports 0 MCE banks
[    0.002171] Last level iTLB entries: 4KB 0, 2MB 0, 4MB 0
[    0.002174] Last level dTLB entries: 4KB 64, 2MB 0, 4MB 0
[    0.002176] tlb_flushall_shift: 6
[    0.002192] Freeing SMP alternatives: 24k freed
[    0.005138] ACPI: Core revision 20130517
[    0.007139] ACPI: All ACPI Tables successfully acquired
[    0.007171] ftrace: allocating 26584 entries in 104 pages
[    0.020249] smpboot: Max logical packages: 2
[    0.020271] Enabling x2apic
[    0.021129] Enabled x2apic
[    0.021176] Switched APIC routing to physical x2apic.
[    0.021406] ..TIMER: vector=0x30 apic1=0 pin1=2 apic2=-1 pin2=-1
[    0.031419] smpboot: CPU0: Intel(R) Xeon(R) CPU E5-2660 v3 @ 2.60GHz (fam: 06, model: 3f, stepping: 02)
[    0.031442] TSC deadline timer enabled
[    0.031504] Performance Events: 16-deep LBR, Haswell events, core PMU driver.
[    0.031547] core: CPUID marked event: 'cpu cycles' unavailable
[    0.031549] core: CPUID marked event: 'instructions' unavailable
[    0.031550] core: CPUID marked event: 'bus cycles' unavailable
[    0.031552] core: CPUID marked event: 'cache references' unavailable
[    0.031553] core: CPUID marked event: 'cache misses' unavailable
[    0.031555] core: CPUID marked event: 'branch instructions' unavailable
[    0.031556] core: CPUID marked event: 'branch misses' unavailable
[    0.031560] ... version:                1
[    0.031562] ... bit width:              48
[    0.031563] ... generic registers:      4
[    0.031564] ... value mask:             0000ffffffffffff
[    0.031566] ... max period:             000000007fffffff
[    0.031568] ... fixed-purpose events:   0
[    0.031569] ... event mask:             000000000000000f
[    0.032660] NMI watchdog: disabled (cpu0): hardware events not enabled
[    0.032662] NMI watchdog: Shutting down hard lockup detector on all cpus
[    0.032806] smpboot: Booting Node   0, Processors  #1 OK
[    0.035766] Disabled fast string operations
[    0.037007] mce: CPU supports 0 MCE banks
[    0.037133] smpboot: CPU 1 Converting physical 2 to logical package 1
[    0.037210] Skipped synchronization checks as TSC is reliable.
[    0.037240] Brought up 2 CPUs
[    0.037243] smpboot: Total of 2 processors activated (10387.96 BogoMIPS)
[    0.068787] node 0 initialised, 753372 pages in 32ms
[    0.069239] devtmpfs: initialized
[    0.073001] EVM: security.selinux
[    0.073009] EVM: security.ima
[    0.073012] EVM: security.capability
[    0.073157] PM: Registering ACPI NVS region [mem 0xbfeff000-0xbfefffff] (4096 bytes)
[    0.073817] atomic64 test passed for x86-64 platform with CX8 and with SSE
[    0.073824] pinctrl core: initialized pinctrl subsystem
[    0.073941] RTC time:  0:08:02, date: 07/28/20
[    0.074058] NET: Registered protocol family 16
[    0.074238] ACPI: bus type PCI registered
[    0.074246] acpiphp: ACPI Hot Plug PCI Controller Driver version: 0.5
[    0.074318] PCI: MMCONFIG for domain 0000 [bus 00-7f] at [mem 0xf0000000-0xf7ffffff] (base 0xf0000000)
[    0.074328] PCI: MMCONFIG at [mem 0xf0000000-0xf7ffffff] reserved in E820
[    0.074343] pmd_set_huge: Cannot satisfy [mem 0xf0000000-0xf0200000] with a huge-page mapping due to MTRR override.
[    0.074737] PCI: Using configuration type 1 for base access
[    0.074851] core: PMU erratum BJ122, BV98, HSD29 workaround disabled, HT off
[    0.078576] ACPI: Added _OSI(Module Device)
[    0.078581] ACPI: Added _OSI(Processor Device)
[    0.078585] ACPI: Added _OSI(3.0 _SCP Extensions)
[    0.078588] ACPI: Added _OSI(Processor Aggregator Device)
[    0.083061] ACPI: EC: Look up EC in DSDT
[    0.089258] [Firmware Bug]: ACPI: BIOS _OSI(Linux) query ignored
[    0.097294] ACPI: Interpreter enabled
[    0.097322] ACPI: (supports S0 S1 S4 S5)
[    0.097327] ACPI: Using IOAPIC for interrupt routing
[    0.097359] PCI: Using host bridge windows from ACPI; if necessary, use "pci=nocrs" and report a bug
[    0.112479] ACPI: PCI Root Bridge [PCI0] (domain 0000 [bus 00-7f])
[    0.112495] acpi PNP0A03:00: _OSC: OS supports [ExtendedConfig ASPM ClockPM Segments MSI]
[    0.112527] acpi PNP0A03:00: _OSC: platform does not support [AER]
[    0.112560] acpi PNP0A03:00: _OSC: OS now controls [PCIeHotplug PME PCIeCapability]
[    0.113489] PCI host bridge to bus 0000:00
[    0.113500] pci_bus 0000:00: root bus resource [bus 00-7f]
[    0.113505] pci_bus 0000:00: root bus resource [mem 0x000a0000-0x000bffff window]
[    0.113508] pci_bus 0000:00: root bus resource [mem 0x000cc000-0x000cffff window]
[    0.113511] pci_bus 0000:00: root bus resource [mem 0x000d0000-0x000d3fff window]
[    0.113514] pci_bus 0000:00: root bus resource [mem 0x000d4000-0x000d7fff window]
[    0.113517] pci_bus 0000:00: root bus resource [mem 0x000d8000-0x000dbfff window]
[    0.113520] pci_bus 0000:00: root bus resource [mem 0xc0000000-0xfebfffff window]
[    0.113523] pci_bus 0000:00: root bus resource [io  0x0000-0x0cf7 window]
[    0.113526] pci_bus 0000:00: root bus resource [io  0x0d00-0xfeff window]
[    0.113558] pci 0000:00:00.0: [8086:7190] type 00 class 0x060000
[    0.113623] pci 0000:00:01.0: [8086:7191] type 01 class 0x060400
[    0.113688] pci 0000:00:07.0: [8086:7110] type 00 class 0x060100
[    0.114286] pci 0000:00:07.1: [8086:7111] type 00 class 0x01018a
[    0.116275] pci 0000:00:07.1: reg 0x20: [io  0x1060-0x106f]
[    0.116608] pci 0000:00:07.1: legacy IDE quirk: reg 0x10: [io  0x01f0-0x01f7]
[    0.116616] pci 0000:00:07.1: legacy IDE quirk: reg 0x14: [io  0x03f6]
[    0.116620] pci 0000:00:07.1: legacy IDE quirk: reg 0x18: [io  0x0170-0x0177]
[    0.116623] pci 0000:00:07.1: legacy IDE quirk: reg 0x1c: [io  0x0376]
[    0.116688] pci 0000:00:07.3: [8086:7113] type 00 class 0x068000
[    0.119296] pci 0000:00:07.3: quirk: [io  0x1000-0x103f] claimed by PIIX4 ACPI
[    0.119320] pci 0000:00:07.3: quirk: [io  0x1040-0x104f] claimed by PIIX4 SMB
[    0.119673] pci 0000:00:07.7: [15ad:0740] type 00 class 0x088000
[    0.120628] pci 0000:00:07.7: reg 0x10: [io  0x1080-0x10bf]
[    0.121635] pci 0000:00:07.7: reg 0x14: [mem 0xfebfe000-0xfebfffff 64bit]
[    0.125772] pci 0000:00:0f.0: [15ad:0405] type 00 class 0x030000
[    0.127715] pci 0000:00:0f.0: reg 0x10: [io  0x1070-0x107f]
[    0.129761] pci 0000:00:0f.0: reg 0x14: [mem 0xe8000000-0xefffffff pref]
[    0.131785] pci 0000:00:0f.0: reg 0x18: [mem 0xfe000000-0xfe7fffff]
[    0.139929] pci 0000:00:0f.0: reg 0x30: [mem 0x00000000-0x00007fff pref]
[    0.140012] pci 0000:00:11.0: [15ad:0790] type 01 class 0x060401
[    0.140952] pci 0000:00:11.0: System wakeup disabled by ACPI
[    0.141002] pci 0000:00:15.0: [15ad:07a0] type 01 class 0x060400
[    0.141955] pci 0000:00:15.0: PME# supported from D0 D3hot D3cold
[    0.141987] pci 0000:00:15.0: System wakeup disabled by ACPI
[    0.142030] pci 0000:00:15.1: [15ad:07a0] type 01 class 0x060400
[    0.142965] pci 0000:00:15.1: PME# supported from D0 D3hot D3cold
[    0.142997] pci 0000:00:15.1: System wakeup disabled by ACPI
[    0.143058] pci 0000:00:15.2: [15ad:07a0] type 01 class 0x060400
[    0.143980] pci 0000:00:15.2: PME# supported from D0 D3hot D3cold
[    0.144013] pci 0000:00:15.2: System wakeup disabled by ACPI
[    0.144061] pci 0000:00:15.3: [15ad:07a0] type 01 class 0x060400
[    0.144989] pci 0000:00:15.3: PME# supported from D0 D3hot D3cold
[    0.145034] pci 0000:00:15.3: System wakeup disabled by ACPI
[    0.145079] pci 0000:00:15.4: [15ad:07a0] type 01 class 0x060400
[    0.146001] pci 0000:00:15.4: PME# supported from D0 D3hot D3cold
[    0.146033] pci 0000:00:15.4: System wakeup disabled by ACPI
[    0.146074] pci 0000:00:15.5: [15ad:07a0] type 01 class 0x060400
[    0.147015] pci 0000:00:15.5: PME# supported from D0 D3hot D3cold
[    0.147047] pci 0000:00:15.5: System wakeup disabled by ACPI
[    0.147125] pci 0000:00:15.6: [15ad:07a0] type 01 class 0x060400
[    0.148032] pci 0000:00:15.6: PME# supported from D0 D3hot D3cold
[    0.148065] pci 0000:00:15.6: System wakeup disabled by ACPI
[    0.148114] pci 0000:00:15.7: [15ad:07a0] type 01 class 0x060400
[    0.149045] pci 0000:00:15.7: PME# supported from D0 D3hot D3cold
[    0.149078] pci 0000:00:15.7: System wakeup disabled by ACPI
[    0.149123] pci 0000:00:16.0: [15ad:07a0] type 01 class 0x060400
[    0.150013] pci 0000:00:16.0: PME# supported from D0 D3hot D3cold
[    0.150057] pci 0000:00:16.0: System wakeup disabled by ACPI
[    0.150098] pci 0000:00:16.1: [15ad:07a0] type 01 class 0x060400
[    0.151065] pci 0000:00:16.1: PME# supported from D0 D3hot D3cold
[    0.151098] pci 0000:00:16.1: System wakeup disabled by ACPI
[    0.151169] pci 0000:00:16.2: [15ad:07a0] type 01 class 0x060400
[    0.152046] pci 0000:00:16.2: PME# supported from D0 D3hot D3cold
[    0.152089] pci 0000:00:16.2: System wakeup disabled by ACPI
[    0.152139] pci 0000:00:16.3: [15ad:07a0] type 01 class 0x060400
[    0.153057] pci 0000:00:16.3: PME# supported from D0 D3hot D3cold
[    0.153140] pci 0000:00:16.3: System wakeup disabled by ACPI
[    0.153187] pci 0000:00:16.4: [15ad:07a0] type 01 class 0x060400
[    0.154121] pci 0000:00:16.4: PME# supported from D0 D3hot D3cold
[    0.154154] pci 0000:00:16.4: System wakeup disabled by ACPI
[    0.154202] pci 0000:00:16.5: [15ad:07a0] type 01 class 0x060400
[    0.155134] pci 0000:00:16.5: PME# supported from D0 D3hot D3cold
[    0.155166] pci 0000:00:16.5: System wakeup disabled by ACPI
[    0.155238] pci 0000:00:16.6: [15ad:07a0] type 01 class 0x060400
[    0.156151] pci 0000:00:16.6: PME# supported from D0 D3hot D3cold
[    0.156183] pci 0000:00:16.6: System wakeup disabled by ACPI
[    0.156245] pci 0000:00:16.7: [15ad:07a0] type 01 class 0x060400
[    0.157160] pci 0000:00:16.7: PME# supported from D0 D3hot D3cold
[    0.157192] pci 0000:00:16.7: System wakeup disabled by ACPI
[    0.157238] pci 0000:00:17.0: [15ad:07a0] type 01 class 0x060400
[    0.158174] pci 0000:00:17.0: PME# supported from D0 D3hot D3cold
[    0.158207] pci 0000:00:17.0: System wakeup disabled by ACPI
[    0.158250] pci 0000:00:17.1: [15ad:07a0] type 01 class 0x060400
[    0.159188] pci 0000:00:17.1: PME# supported from D0 D3hot D3cold
[    0.159240] pci 0000:00:17.1: System wakeup disabled by ACPI
[    0.159301] pci 0000:00:17.2: [15ad:07a0] type 01 class 0x060400
[    0.160202] pci 0000:00:17.2: PME# supported from D0 D3hot D3cold
[    0.160235] pci 0000:00:17.2: System wakeup disabled by ACPI
[    0.160300] pci 0000:00:17.3: [15ad:07a0] type 01 class 0x060400
[    0.161218] pci 0000:00:17.3: PME# supported from D0 D3hot D3cold
[    0.161270] pci 0000:00:17.3: System wakeup disabled by ACPI
[    0.161322] pci 0000:00:17.4: [15ad:07a0] type 01 class 0x060400
[    0.162232] pci 0000:00:17.4: PME# supported from D0 D3hot D3cold
[    0.162265] pci 0000:00:17.4: System wakeup disabled by ACPI
[    0.162307] pci 0000:00:17.5: [15ad:07a0] type 01 class 0x060400
[    0.163236] pci 0000:00:17.5: PME# supported from D0 D3hot D3cold
[    0.163268] pci 0000:00:17.5: System wakeup disabled by ACPI
[    0.163337] pci 0000:00:17.6: [15ad:07a0] type 01 class 0x060400
[    0.164262] pci 0000:00:17.6: PME# supported from D0 D3hot D3cold
[    0.164294] pci 0000:00:17.6: System wakeup disabled by ACPI
[    0.164344] pci 0000:00:17.7: [15ad:07a0] type 01 class 0x060400
[    0.165287] pci 0000:00:17.7: PME# supported from D0 D3hot D3cold
[    0.165320] pci 0000:00:17.7: System wakeup disabled by ACPI
[    0.165364] pci 0000:00:18.0: [15ad:07a0] type 01 class 0x060400
[    0.166256] pci 0000:00:18.0: PME# supported from D0 D3hot D3cold
[    0.166291] pci 0000:00:18.0: System wakeup disabled by ACPI
[    0.166332] pci 0000:00:18.1: [15ad:07a0] type 01 class 0x060400
[    0.166364] pci 0000:00:18.1: PME# supported from D0 D3hot D3cold
[    0.166397] pci 0000:00:18.1: System wakeup disabled by ACPI
[    0.166454] pci 0000:00:18.2: [15ad:07a0] type 01 class 0x060400
[    0.167308] pci 0000:00:18.2: PME# supported from D0 D3hot D3cold
[    0.167340] pci 0000:00:18.2: System wakeup disabled by ACPI
[    0.167388] pci 0000:00:18.3: [15ad:07a0] type 01 class 0x060400
[    0.168305] pci 0000:00:18.3: PME# supported from D0 D3hot D3cold
[    0.168337] pci 0000:00:18.3: System wakeup disabled by ACPI
[    0.168382] pci 0000:00:18.4: [15ad:07a0] type 01 class 0x060400
[    0.169296] pci 0000:00:18.4: PME# supported from D0 D3hot D3cold
[    0.169338] pci 0000:00:18.4: System wakeup disabled by ACPI
[    0.169379] pci 0000:00:18.5: [15ad:07a0] type 01 class 0x060400
[    0.169412] pci 0000:00:18.5: PME# supported from D0 D3hot D3cold
[    0.169444] pci 0000:00:18.5: System wakeup disabled by ACPI
[    0.169509] pci 0000:00:18.6: [15ad:07a0] type 01 class 0x060400
[    0.170351] pci 0000:00:18.6: PME# supported from D0 D3hot D3cold
[    0.170384] pci 0000:00:18.6: System wakeup disabled by ACPI
[    0.170434] pci 0000:00:18.7: [15ad:07a0] type 01 class 0x060400
[    0.171320] pci 0000:00:18.7: PME# supported from D0 D3hot D3cold
[    0.171365] pci 0000:00:18.7: System wakeup disabled by ACPI
[    0.171459] pci 0000:00:01.0: PCI bridge to [bus 01]
[    0.171685] acpiphp: Slot [32] registered
[    0.171726] acpiphp: Slot [33] registered
[    0.171755] acpiphp: Slot [34] registered
[    0.171782] acpiphp: Slot [35] registered
[    0.171810] acpiphp: Slot [36] registered
[    0.171843] acpiphp: Slot [37] registered
[    0.171872] acpiphp: Slot [38] registered
[    0.171899] acpiphp: Slot [39] registered
[    0.171927] acpiphp: Slot [40] registered
[    0.171954] acpiphp: Slot [41] registered
[    0.171982] acpiphp: Slot [42] registered
[    0.172009] acpiphp: Slot [43] registered
[    0.172041] acpiphp: Slot [44] registered
[    0.172069] acpiphp: Slot [45] registered
[    0.172097] acpiphp: Slot [46] registered
[    0.172124] acpiphp: Slot [47] registered
[    0.172151] acpiphp: Slot [48] registered
[    0.172184] acpiphp: Slot [49] registered
[    0.172212] acpiphp: Slot [50] registered
[    0.172246] acpiphp: Slot [51] registered
[    0.172274] acpiphp: Slot [52] registered
[    0.172302] acpiphp: Slot [53] registered
[    0.172333] acpiphp: Slot [54] registered
[    0.172361] acpiphp: Slot [55] registered
[    0.172389] acpiphp: Slot [56] registered
[    0.172417] acpiphp: Slot [57] registered
[    0.172445] acpiphp: Slot [58] registered
[    0.172479] acpiphp: Slot [59] registered
[    0.172508] acpiphp: Slot [60] registered
[    0.172535] acpiphp: Slot [61] registered
[    0.172563] acpiphp: Slot [62] registered
[    0.172590] acpiphp: Slot [63] registered
[    0.172623] pci 0000:00:11.0: PCI bridge to [bus 02] (subtractive decode)
[    0.172654] pci 0000:00:11.0:   bridge window [io  0x2000-0x3fff]
[    0.172684] pci 0000:00:11.0:   bridge window [mem 0xfd600000-0xfdffffff]
[    0.172717] pci 0000:00:11.0:   bridge window [mem 0xe7b00000-0xe7ffffff 64bit pref]
[    0.172721] pci 0000:00:11.0:   bridge window [mem 0x000a0000-0x000bffff window] (subtractive decode)
[    0.172724] pci 0000:00:11.0:   bridge window [mem 0x000cc000-0x000cffff window] (subtractive decode)
[    0.172727] pci 0000:00:11.0:   bridge window [mem 0x000d0000-0x000d3fff window] (subtractive decode)
[    0.172730] pci 0000:00:11.0:   bridge window [mem 0x000d4000-0x000d7fff window] (subtractive decode)
[    0.172733] pci 0000:00:11.0:   bridge window [mem 0x000d8000-0x000dbfff window] (subtractive decode)
[    0.172736] pci 0000:00:11.0:   bridge window [mem 0xc0000000-0xfebfffff window] (subtractive decode)
[    0.172740] pci 0000:00:11.0:   bridge window [io  0x0000-0x0cf7 window] (subtractive decode)
[    0.172743] pci 0000:00:11.0:   bridge window [io  0x0d00-0xfeff window] (subtractive decode)
[    0.172808] pci 0000:03:00.0: [15ad:07c0] type 00 class 0x010700
[    0.174391] pci 0000:03:00.0: reg 0x10: [io  0x4000-0x4007]
[    0.176469] pci 0000:03:00.0: reg 0x14: [mem 0xfd5f8000-0xfd5fffff 64bit]
[    0.184635] pci 0000:03:00.0: reg 0x30: [mem 0x00000000-0x0000ffff pref]
[    0.184667] pci 0000:03:00.0: PME# supported from D0 D3hot D3cold
[    0.184732] pci 0000:03:00.0: System wakeup disabled by ACPI
[    0.184788] pci 0000:03:00.0: disabling ASPM on pre-1.1 PCIe device.  You can enable it with 'pcie_aspm=force'
[    0.184820] pci 0000:00:15.0: PCI bridge to [bus 03]
[    0.184853] pci 0000:00:15.0:   bridge window [io  0x4000-0x4fff]
[    0.184885] pci 0000:00:15.0:   bridge window [mem 0xfd500000-0xfd5fffff]
[    0.184950] pci 0000:00:15.1: PCI bridge to [bus 04]
[    0.184983] pci 0000:00:15.1:   bridge window [io  0x8000-0x8fff]
[    0.185015] pci 0000:00:15.1:   bridge window [mem 0xfd100000-0xfd1fffff]
[    0.185047] pci 0000:00:15.1:   bridge window [mem 0xe7800000-0xe78fffff 64bit pref]
[    0.185080] pci 0000:00:15.2: PCI bridge to [bus 05]
[    0.185112] pci 0000:00:15.2:   bridge window [io  0xc000-0xcfff]
[    0.185145] pci 0000:00:15.2:   bridge window [mem 0xfcd00000-0xfcdfffff]
[    0.185177] pci 0000:00:15.2:   bridge window [mem 0xe7400000-0xe74fffff 64bit pref]
[    0.185242] pci 0000:00:15.3: PCI bridge to [bus 06]
[    0.185275] pci 0000:00:15.3:   bridge window [mem 0xfc900000-0xfc9fffff]
[    0.185307] pci 0000:00:15.3:   bridge window [mem 0xe7000000-0xe70fffff 64bit pref]
[    0.185708] pci 0000:00:15.4: PCI bridge to [bus 07]
[    0.185741] pci 0000:00:15.4:   bridge window [mem 0xfc500000-0xfc5fffff]
[    0.185773] pci 0000:00:15.4:   bridge window [mem 0xe6c00000-0xe6cfffff 64bit pref]
[    0.185806] pci 0000:00:15.5: PCI bridge to [bus 08]
[    0.185838] pci 0000:00:15.5:   bridge window [mem 0xfc100000-0xfc1fffff]
[    0.185871] pci 0000:00:15.5:   bridge window [mem 0xe6800000-0xe68fffff 64bit pref]
[    0.185936] pci 0000:00:15.6: PCI bridge to [bus 09]
[    0.185968] pci 0000:00:15.6:   bridge window [mem 0xfbd00000-0xfbdfffff]
[    0.186001] pci 0000:00:15.6:   bridge window [mem 0xe6400000-0xe64fffff 64bit pref]
[    0.186065] pci 0000:00:15.7: PCI bridge to [bus 0a]
[    0.186098] pci 0000:00:15.7:   bridge window [mem 0xfb900000-0xfb9fffff]
[    0.186130] pci 0000:00:15.7:   bridge window [mem 0xe6000000-0xe60fffff 64bit pref]
[    0.186668] pci 0000:0b:00.0: [15ad:07b0] type 00 class 0x020000
[    0.188679] pci 0000:0b:00.0: reg 0x10: [mem 0xfd4fc000-0xfd4fcfff]
[    0.190692] pci 0000:0b:00.0: reg 0x14: [mem 0xfd4fd000-0xfd4fdfff]
[    0.192736] pci 0000:0b:00.0: reg 0x18: [mem 0xfd4fe000-0xfd4fffff]
[    0.194769] pci 0000:0b:00.0: reg 0x1c: [io  0x5000-0x500f]
[    0.200852] pci 0000:0b:00.0: reg 0x30: [mem 0x00000000-0x0000ffff pref]
[    0.200884] pci 0000:0b:00.0: supports D1 D2
[    0.200891] pci 0000:0b:00.0: PME# supported from D0 D1 D2 D3hot D3cold
[    0.200924] pci 0000:0b:00.0: System wakeup disabled by ACPI
[    0.200994] pci 0000:0b:00.0: disabling ASPM on pre-1.1 PCIe device.  You can enable it with 'pcie_aspm=force'
[    0.201027] pci 0000:00:16.0: PCI bridge to [bus 0b]
[    0.201059] pci 0000:00:16.0:   bridge window [io  0x5000-0x5fff]
[    0.201092] pci 0000:00:16.0:   bridge window [mem 0xfd400000-0xfd4fffff]
[    0.201157] pci 0000:00:16.1: PCI bridge to [bus 0c]
[    0.201189] pci 0000:00:16.1:   bridge window [io  0x9000-0x9fff]
[    0.201221] pci 0000:00:16.1:   bridge window [mem 0xfd000000-0xfd0fffff]
[    0.201254] pci 0000:00:16.1:   bridge window [mem 0xe7700000-0xe77fffff 64bit pref]
[    0.201350] pci 0000:00:16.2: PCI bridge to [bus 0d]
[    0.201382] pci 0000:00:16.2:   bridge window [io  0xd000-0xdfff]
[    0.201415] pci 0000:00:16.2:   bridge window [mem 0xfcc00000-0xfccfffff]
[    0.201447] pci 0000:00:16.2:   bridge window [mem 0xe7300000-0xe73fffff 64bit pref]
[    0.201877] pci 0000:00:16.3: PCI bridge to [bus 0e]
[    0.201909] pci 0000:00:16.3:   bridge window [mem 0xfc800000-0xfc8fffff]
[    0.201941] pci 0000:00:16.3:   bridge window [mem 0xe6f00000-0xe6ffffff 64bit pref]
[    0.202006] pci 0000:00:16.4: PCI bridge to [bus 0f]
[    0.202039] pci 0000:00:16.4:   bridge window [mem 0xfc400000-0xfc4fffff]
[    0.202071] pci 0000:00:16.4:   bridge window [mem 0xe6b00000-0xe6bfffff 64bit pref]
[    0.202136] pci 0000:00:16.5: PCI bridge to [bus 10]
[    0.202169] pci 0000:00:16.5:   bridge window [mem 0xfc000000-0xfc0fffff]
[    0.202201] pci 0000:00:16.5:   bridge window [mem 0xe6700000-0xe67fffff 64bit pref]
[    0.202234] pci 0000:00:16.6: PCI bridge to [bus 11]
[    0.202266] pci 0000:00:16.6:   bridge window [mem 0xfbc00000-0xfbcfffff]
[    0.202298] pci 0000:00:16.6:   bridge window [mem 0xe6300000-0xe63fffff 64bit pref]
[    0.202380] pci 0000:00:16.7: PCI bridge to [bus 12]
[    0.202412] pci 0000:00:16.7:   bridge window [mem 0xfb800000-0xfb8fffff]
[    0.202445] pci 0000:00:16.7:   bridge window [mem 0xe5f00000-0xe5ffffff 64bit pref]
[    0.202932] pci 0000:00:17.0: PCI bridge to [bus 13]
[    0.202965] pci 0000:00:17.0:   bridge window [io  0x6000-0x6fff]
[    0.202997] pci 0000:00:17.0:   bridge window [mem 0xfd300000-0xfd3fffff]
[    0.203030] pci 0000:00:17.0:   bridge window [mem 0xe7a00000-0xe7afffff 64bit pref]
[    0.203062] pci 0000:00:17.1: PCI bridge to [bus 14]
[    0.203094] pci 0000:00:17.1:   bridge window [io  0xa000-0xafff]
[    0.203127] pci 0000:00:17.1:   bridge window [mem 0xfcf00000-0xfcffffff]
[    0.203159] pci 0000:00:17.1:   bridge window [mem 0xe7600000-0xe76fffff 64bit pref]
[    0.203269] pci 0000:00:17.2: PCI bridge to [bus 15]
[    0.203301] pci 0000:00:17.2:   bridge window [io  0xe000-0xefff]
[    0.203334] pci 0000:00:17.2:   bridge window [mem 0xfcb00000-0xfcbfffff]
[    0.203366] pci 0000:00:17.2:   bridge window [mem 0xe7200000-0xe72fffff 64bit pref]
[    0.203900] pci 0000:00:17.3: PCI bridge to [bus 16]
[    0.203932] pci 0000:00:17.3:   bridge window [mem 0xfc700000-0xfc7fffff]
[    0.203965] pci 0000:00:17.3:   bridge window [mem 0xe6e00000-0xe6efffff 64bit pref]
[    0.204030] pci 0000:00:17.4: PCI bridge to [bus 17]
[    0.204062] pci 0000:00:17.4:   bridge window [mem 0xfc300000-0xfc3fffff]
[    0.204095] pci 0000:00:17.4:   bridge window [mem 0xe6a00000-0xe6afffff 64bit pref]
[    0.204160] pci 0000:00:17.5: PCI bridge to [bus 18]
[    0.204192] pci 0000:00:17.5:   bridge window [mem 0xfbf00000-0xfbffffff]
[    0.204224] pci 0000:00:17.5:   bridge window [mem 0xe6600000-0xe66fffff 64bit pref]
[    0.204257] pci 0000:00:17.6: PCI bridge to [bus 19]
[    0.204289] pci 0000:00:17.6:   bridge window [mem 0xfbb00000-0xfbbfffff]
[    0.204322] pci 0000:00:17.6:   bridge window [mem 0xe6200000-0xe62fffff 64bit pref]
[    0.204425] pci 0000:00:17.7: PCI bridge to [bus 1a]
[    0.204457] pci 0000:00:17.7:   bridge window [mem 0xfb700000-0xfb7fffff]
[    0.204490] pci 0000:00:17.7:   bridge window [mem 0xe5e00000-0xe5efffff 64bit pref]
[    0.204945] pci 0000:00:18.0: PCI bridge to [bus 1b]
[    0.204977] pci 0000:00:18.0:   bridge window [io  0x7000-0x7fff]
[    0.205010] pci 0000:00:18.0:   bridge window [mem 0xfd200000-0xfd2fffff]
[    0.205042] pci 0000:00:18.0:   bridge window [mem 0xe7900000-0xe79fffff 64bit pref]
[    0.205075] pci 0000:00:18.1: PCI bridge to [bus 1c]
[    0.205107] pci 0000:00:18.1:   bridge window [io  0xb000-0xbfff]
[    0.205140] pci 0000:00:18.1:   bridge window [mem 0xfce00000-0xfcefffff]
[    0.205172] pci 0000:00:18.1:   bridge window [mem 0xe7500000-0xe75fffff 64bit pref]
[    0.205237] pci 0000:00:18.2: PCI bridge to [bus 1d]
[    0.205269] pci 0000:00:18.2:   bridge window [mem 0xfca00000-0xfcafffff]
[    0.205302] pci 0000:00:18.2:   bridge window [mem 0xe7100000-0xe71fffff 64bit pref]
[    0.205367] pci 0000:00:18.3: PCI bridge to [bus 1e]
[    0.205399] pci 0000:00:18.3:   bridge window [mem 0xfc600000-0xfc6fffff]
[    0.205432] pci 0000:00:18.3:   bridge window [mem 0xe6d00000-0xe6dfffff 64bit pref]
[    0.205926] pci 0000:00:18.4: PCI bridge to [bus 1f]
[    0.205959] pci 0000:00:18.4:   bridge window [mem 0xfc200000-0xfc2fffff]
[    0.205991] pci 0000:00:18.4:   bridge window [mem 0xe6900000-0xe69fffff 64bit pref]
[    0.206056] pci 0000:00:18.5: PCI bridge to [bus 20]
[    0.206089] pci 0000:00:18.5:   bridge window [mem 0xfbe00000-0xfbefffff]
[    0.206121] pci 0000:00:18.5:   bridge window [mem 0xe6500000-0xe65fffff 64bit pref]
[    0.206154] pci 0000:00:18.6: PCI bridge to [bus 21]
[    0.206186] pci 0000:00:18.6:   bridge window [mem 0xfba00000-0xfbafffff]
[    0.206218] pci 0000:00:18.6:   bridge window [mem 0xe6100000-0xe61fffff 64bit pref]
[    0.206307] pci 0000:00:18.7: PCI bridge to [bus 22]
[    0.206339] pci 0000:00:18.7:   bridge window [mem 0xfb600000-0xfb6fffff]
[    0.206371] pci 0000:00:18.7:   bridge window [mem 0xe5d00000-0xe5dfffff 64bit pref]
[    0.210111] ACPI: PCI Interrupt Link [LNKA] (IRQs 3 4 5 6 7 *9 10 11 14 15)
[    0.210143] ACPI: PCI Interrupt Link [LNKB] (IRQs 3 4 5 6 7 9 10 11 14 15) *0, disabled.
[    0.210176] ACPI: PCI Interrupt Link [LNKC] (IRQs 3 4 5 6 7 9 10 *11 14 15)
[    0.210208] ACPI: PCI Interrupt Link [LNKD] (IRQs 3 4 5 6 7 9 *10 11 14 15)
[    0.227268] ACPI: Enabled 2 GPEs in block 00 to 0F
[    0.227420] vgaarb: device added: PCI:0000:00:0f.0,decodes=io+mem,owns=io+mem,locks=none
[    0.227443] vgaarb: loaded
[    0.227446] vgaarb: bridge control possible 0000:00:0f.0
[    0.227567] SCSI subsystem initialized
[    0.227600] ACPI: bus type USB registered
[    0.227638] usbcore: registered new interface driver usbfs
[    0.227650] usbcore: registered new interface driver hub
[    0.227693] usbcore: registered new device driver usb
[    0.227917] PCI: Using ACPI for IRQ routing
[    0.271777] PCI: pci_cache_line_size set to 64 bytes
[    0.272790] e820: reserve RAM buffer [mem 0x0009f800-0x0009ffff]
[    0.272798] e820: reserve RAM buffer [mem 0xbfef0000-0xbfffffff]
[    0.272927] NetLabel: Initializing
[    0.272932] NetLabel:  domain hash size = 128
[    0.272934] NetLabel:  protocols = UNLABELED CIPSOv4
[    0.272953] NetLabel:  unlabeled traffic allowed by default
[    0.273018] hpet0: at MMIO 0xfed00000, IRQs 2, 8, 0, 0, 0, 0, 0, 0, 0, 0, 0, 0, 0, 0, 0, 0
[    0.273034] hpet0: 16 comparators, 64-bit 14.318180 MHz counter
[    0.276237] amd_nb: Cannot enumerate AMD northbridges
[    0.276314] Switched to clocksource hpet
[    0.286042] pnp: PnP ACPI init
[    0.286068] ACPI: bus type PNP registered
[    0.286393] system 00:00: [io  0x1000-0x103f] could not be reserved
[    0.286400] system 00:00: [io  0x1040-0x104f] has been reserved
[    0.286405] system 00:00: [io  0x0cf0-0x0cf1] has been reserved
[    0.286413] system 00:00: Plug and Play ACPI device, IDs PNP0c02 (active)
[    0.286445] pnp 00:01: Plug and Play ACPI device, IDs PNP0b00 (active)
[    0.286492] pnp 00:02: Plug and Play ACPI device, IDs PNP0303 (active)
[    0.286532] pnp 00:03: Plug and Play ACPI device, IDs PNP0f13 (active)
[    0.286565] system 00:04: [mem 0xfed00000-0xfed003ff] has been reserved
[    0.286573] system 00:04: Plug and Play ACPI device, IDs PNP0103 PNP0c01 (active)
[    0.288351] pnp 00:05: [dma 2]
[    0.288402] pnp 00:05: Plug and Play ACPI device, IDs PNP0700 (active)
[    0.288434] system 00:06: [io  0xfce0-0xfcff] has been reserved
[    0.288443] system 00:06: [mem 0xf0000000-0xf7ffffff] has been reserved
[    0.288448] system 00:06: [mem 0xfe800000-0xfe9fffff] has been reserved
[    0.288453] system 00:06: Plug and Play ACPI device, IDs PNP0c02 (active)
[    0.294353] pnp: PnP ACPI: found 7 devices
[    0.294359] ACPI: bus type PNP unregistered
[    0.306566] pci 0000:00:15.0: bridge window [mem 0x00100000-0x000fffff 64bit pref] to [bus 03] add_size 200000 add_align 100000
[    0.306598] pci 0000:00:15.3: bridge window [io  0x1000-0x0fff] to [bus 06] add_size 1000
[    0.306630] pci 0000:00:15.4: bridge window [io  0x1000-0x0fff] to [bus 07] add_size 1000
[    0.306663] pci 0000:00:15.5: bridge window [io  0x1000-0x0fff] to [bus 08] add_size 1000
[    0.306695] pci 0000:00:15.6: bridge window [io  0x1000-0x0fff] to [bus 09] add_size 1000
[    0.306728] pci 0000:00:15.7: bridge window [io  0x1000-0x0fff] to [bus 0a] add_size 1000
[    0.306760] pci 0000:00:16.0: bridge window [mem 0x00100000-0x000fffff 64bit pref] to [bus 0b] add_size 200000 add_align 100000
[    0.306793] pci 0000:00:16.3: bridge window [io  0x1000-0x0fff] to [bus 0e] add_size 1000
[    0.306825] pci 0000:00:16.4: bridge window [io  0x1000-0x0fff] to [bus 0f] add_size 1000
[    0.306858] pci 0000:00:16.5: bridge window [io  0x1000-0x0fff] to [bus 10] add_size 1000
[    0.306890] pci 0000:00:16.6: bridge window [io  0x1000-0x0fff] to [bus 11] add_size 1000
[    0.306922] pci 0000:00:16.7: bridge window [io  0x1000-0x0fff] to [bus 12] add_size 1000
[    0.306955] pci 0000:00:17.3: bridge window [io  0x1000-0x0fff] to [bus 16] add_size 1000
[    0.306987] pci 0000:00:17.4: bridge window [io  0x1000-0x0fff] to [bus 17] add_size 1000
[    0.307020] pci 0000:00:17.5: bridge window [io  0x1000-0x0fff] to [bus 18] add_size 1000
[    0.307052] pci 0000:00:17.6: bridge window [io  0x1000-0x0fff] to [bus 19] add_size 1000
[    0.307085] pci 0000:00:17.7: bridge window [io  0x1000-0x0fff] to [bus 1a] add_size 1000
[    0.307362] pci 0000:00:18.2: bridge window [io  0x1000-0x0fff] to [bus 1d] add_size 1000
[    0.307395] pci 0000:00:18.3: bridge window [io  0x1000-0x0fff] to [bus 1e] add_size 1000
[    0.307427] pci 0000:00:18.4: bridge window [io  0x1000-0x0fff] to [bus 1f] add_size 1000
[    0.307460] pci 0000:00:18.5: bridge window [io  0x1000-0x0fff] to [bus 20] add_size 1000
[    0.307492] pci 0000:00:18.6: bridge window [io  0x1000-0x0fff] to [bus 21] add_size 1000
[    0.307525] pci 0000:00:18.7: bridge window [io  0x1000-0x0fff] to [bus 22] add_size 1000
[    0.307560] pci 0000:00:15.0: res[15]=[mem 0x00100000-0x000fffff 64bit pref] res_to_dev_res add_size 200000 min_align 100000
[    0.307564] pci 0000:00:15.0: res[15]=[mem 0x00100000-0x002fffff 64bit pref] res_to_dev_res add_size 200000 min_align 100000
[    0.307569] pci 0000:00:16.0: res[15]=[mem 0x00100000-0x000fffff 64bit pref] res_to_dev_res add_size 200000 min_align 100000
[    0.307572] pci 0000:00:16.0: res[15]=[mem 0x00100000-0x002fffff 64bit pref] res_to_dev_res add_size 200000 min_align 100000
[    0.307577] pci 0000:00:15.3: res[13]=[io  0x1000-0x0fff] res_to_dev_res add_size 1000 min_align 1000
[    0.307581] pci 0000:00:15.3: res[13]=[io  0x1000-0x1fff] res_to_dev_res add_size 1000 min_align 1000
[    0.307587] pci 0000:00:15.4: res[13]=[io  0x1000-0x0fff] res_to_dev_res add_size 1000 min_align 1000
[    0.307592] pci 0000:00:15.4: res[13]=[io  0x1000-0x1fff] res_to_dev_res add_size 1000 min_align 1000
[    0.307598] pci 0000:00:15.5: res[13]=[io  0x1000-0x0fff] res_to_dev_res add_size 1000 min_align 1000
[    0.307604] pci 0000:00:15.5: res[13]=[io  0x1000-0x1fff] res_to_dev_res add_size 1000 min_align 1000
[    0.307609] pci 0000:00:15.6: res[13]=[io  0x1000-0x0fff] res_to_dev_res add_size 1000 min_align 1000
[    0.307614] pci 0000:00:15.6: res[13]=[io  0x1000-0x1fff] res_to_dev_res add_size 1000 min_align 1000
[    0.307620] pci 0000:00:15.7: res[13]=[io  0x1000-0x0fff] res_to_dev_res add_size 1000 min_align 1000
[    0.307626] pci 0000:00:15.7: res[13]=[io  0x1000-0x1fff] res_to_dev_res add_size 1000 min_align 1000
[    0.307631] pci 0000:00:16.3: res[13]=[io  0x1000-0x0fff] res_to_dev_res add_size 1000 min_align 1000
[    0.307637] pci 0000:00:16.3: res[13]=[io  0x1000-0x1fff] res_to_dev_res add_size 1000 min_align 1000
[    0.307642] pci 0000:00:16.4: res[13]=[io  0x1000-0x0fff] res_to_dev_res add_size 1000 min_align 1000
[    0.307648] pci 0000:00:16.4: res[13]=[io  0x1000-0x1fff] res_to_dev_res add_size 1000 min_align 1000
[    0.307654] pci 0000:00:16.5: res[13]=[io  0x1000-0x0fff] res_to_dev_res add_size 1000 min_align 1000
[    0.307659] pci 0000:00:16.5: res[13]=[io  0x1000-0x1fff] res_to_dev_res add_size 1000 min_align 1000
[    0.307665] pci 0000:00:16.6: res[13]=[io  0x1000-0x0fff] res_to_dev_res add_size 1000 min_align 1000
[    0.307671] pci 0000:00:16.6: res[13]=[io  0x1000-0x1fff] res_to_dev_res add_size 1000 min_align 1000
[    0.307676] pci 0000:00:16.7: res[13]=[io  0x1000-0x0fff] res_to_dev_res add_size 1000 min_align 1000
[    0.307681] pci 0000:00:16.7: res[13]=[io  0x1000-0x1fff] res_to_dev_res add_size 1000 min_align 1000
[    0.307687] pci 0000:00:17.3: res[13]=[io  0x1000-0x0fff] res_to_dev_res add_size 1000 min_align 1000
[    0.307693] pci 0000:00:17.3: res[13]=[io  0x1000-0x1fff] res_to_dev_res add_size 1000 min_align 1000
[    0.307698] pci 0000:00:17.4: res[13]=[io  0x1000-0x0fff] res_to_dev_res add_size 1000 min_align 1000
[    0.307702] pci 0000:00:17.4: res[13]=[io  0x1000-0x1fff] res_to_dev_res add_size 1000 min_align 1000
[    0.307706] pci 0000:00:17.5: res[13]=[io  0x1000-0x0fff] res_to_dev_res add_size 1000 min_align 1000
[    0.307709] pci 0000:00:17.5: res[13]=[io  0x1000-0x1fff] res_to_dev_res add_size 1000 min_align 1000
[    0.307713] pci 0000:00:17.6: res[13]=[io  0x1000-0x0fff] res_to_dev_res add_size 1000 min_align 1000
[    0.307717] pci 0000:00:17.6: res[13]=[io  0x1000-0x1fff] res_to_dev_res add_size 1000 min_align 1000
[    0.307720] pci 0000:00:17.7: res[13]=[io  0x1000-0x0fff] res_to_dev_res add_size 1000 min_align 1000
[    0.307724] pci 0000:00:17.7: res[13]=[io  0x1000-0x1fff] res_to_dev_res add_size 1000 min_align 1000
[    0.307727] pci 0000:00:18.2: res[13]=[io  0x1000-0x0fff] res_to_dev_res add_size 1000 min_align 1000
[    0.307731] pci 0000:00:18.2: res[13]=[io  0x1000-0x1fff] res_to_dev_res add_size 1000 min_align 1000
[    0.307734] pci 0000:00:18.3: res[13]=[io  0x1000-0x0fff] res_to_dev_res add_size 1000 min_align 1000
[    0.307738] pci 0000:00:18.3: res[13]=[io  0x1000-0x1fff] res_to_dev_res add_size 1000 min_align 1000
[    0.307741] pci 0000:00:18.4: res[13]=[io  0x1000-0x0fff] res_to_dev_res add_size 1000 min_align 1000
[    0.307745] pci 0000:00:18.4: res[13]=[io  0x1000-0x1fff] res_to_dev_res add_size 1000 min_align 1000
[    0.307748] pci 0000:00:18.5: res[13]=[io  0x1000-0x0fff] res_to_dev_res add_size 1000 min_align 1000
[    0.307752] pci 0000:00:18.5: res[13]=[io  0x1000-0x1fff] res_to_dev_res add_size 1000 min_align 1000
[    0.307755] pci 0000:00:18.6: res[13]=[io  0x1000-0x0fff] res_to_dev_res add_size 1000 min_align 1000
[    0.307759] pci 0000:00:18.6: res[13]=[io  0x1000-0x1fff] res_to_dev_res add_size 1000 min_align 1000
[    0.307763] pci 0000:00:18.7: res[13]=[io  0x1000-0x0fff] res_to_dev_res add_size 1000 min_align 1000
[    0.307766] pci 0000:00:18.7: res[13]=[io  0x1000-0x1fff] res_to_dev_res add_size 1000 min_align 1000
[    0.307783] pci 0000:00:15.0: BAR 15: assigned [mem 0xc0000000-0xc01fffff 64bit pref]
[    0.307792] pci 0000:00:16.0: BAR 15: assigned [mem 0xc0200000-0xc03fffff 64bit pref]
[    0.307798] pci 0000:00:0f.0: BAR 6: assigned [mem 0xc0400000-0xc0407fff pref]
[    0.307807] pci 0000:00:15.3: BAR 13: no space for [io  size 0x1000]
[    0.307811] pci 0000:00:15.3: BAR 13: failed to assign [io  size 0x1000]
[    0.307816] pci 0000:00:15.4: BAR 13: no space for [io  size 0x1000]
[    0.307819] pci 0000:00:15.4: BAR 13: failed to assign [io  size 0x1000]
[    0.307824] pci 0000:00:15.5: BAR 13: no space for [io  size 0x1000]
[    0.307827] pci 0000:00:15.5: BAR 13: failed to assign [io  size 0x1000]
[    0.307832] pci 0000:00:15.6: BAR 13: no space for [io  size 0x1000]
[    0.307835] pci 0000:00:15.6: BAR 13: failed to assign [io  size 0x1000]
[    0.307839] pci 0000:00:15.7: BAR 13: no space for [io  size 0x1000]
[    0.307842] pci 0000:00:15.7: BAR 13: failed to assign [io  size 0x1000]
[    0.307847] pci 0000:00:16.3: BAR 13: no space for [io  size 0x1000]
[    0.307850] pci 0000:00:16.3: BAR 13: failed to assign [io  size 0x1000]
[    0.307855] pci 0000:00:16.4: BAR 13: no space for [io  size 0x1000]
[    0.307858] pci 0000:00:16.4: BAR 13: failed to assign [io  size 0x1000]
[    0.307863] pci 0000:00:16.5: BAR 13: no space for [io  size 0x1000]
[    0.307866] pci 0000:00:16.5: BAR 13: failed to assign [io  size 0x1000]
[    0.307871] pci 0000:00:16.6: BAR 13: no space for [io  size 0x1000]
[    0.307874] pci 0000:00:16.6: BAR 13: failed to assign [io  size 0x1000]
[    0.307878] pci 0000:00:16.7: BAR 13: no space for [io  size 0x1000]
[    0.307881] pci 0000:00:16.7: BAR 13: failed to assign [io  size 0x1000]
[    0.307886] pci 0000:00:17.3: BAR 13: no space for [io  size 0x1000]
[    0.307889] pci 0000:00:17.3: BAR 13: failed to assign [io  size 0x1000]
[    0.307900] pci 0000:00:17.4: BAR 13: no space for [io  size 0x1000]
[    0.307903] pci 0000:00:17.4: BAR 13: failed to assign [io  size 0x1000]
[    0.307907] pci 0000:00:17.5: BAR 13: no space for [io  size 0x1000]
[    0.307910] pci 0000:00:17.5: BAR 13: failed to assign [io  size 0x1000]
[    0.307915] pci 0000:00:17.6: BAR 13: no space for [io  size 0x1000]
[    0.307918] pci 0000:00:17.6: BAR 13: failed to assign [io  size 0x1000]
[    0.307922] pci 0000:00:17.7: BAR 13: no space for [io  size 0x1000]
[    0.307925] pci 0000:00:17.7: BAR 13: failed to assign [io  size 0x1000]
[    0.307930] pci 0000:00:18.2: BAR 13: no space for [io  size 0x1000]
[    0.307933] pci 0000:00:18.2: BAR 13: failed to assign [io  size 0x1000]
[    0.307937] pci 0000:00:18.3: BAR 13: no space for [io  size 0x1000]
[    0.307940] pci 0000:00:18.3: BAR 13: failed to assign [io  size 0x1000]
[    0.307945] pci 0000:00:18.4: BAR 13: no space for [io  size 0x1000]
[    0.307948] pci 0000:00:18.4: BAR 13: failed to assign [io  size 0x1000]
[    0.307952] pci 0000:00:18.5: BAR 13: no space for [io  size 0x1000]
[    0.307955] pci 0000:00:18.5: BAR 13: failed to assign [io  size 0x1000]
[    0.307960] pci 0000:00:18.6: BAR 13: no space for [io  size 0x1000]
[    0.307963] pci 0000:00:18.6: BAR 13: failed to assign [io  size 0x1000]
[    0.307967] pci 0000:00:18.7: BAR 13: no space for [io  size 0x1000]
[    0.307970] pci 0000:00:18.7: BAR 13: failed to assign [io  size 0x1000]
[    0.307982] pci 0000:00:18.7: BAR 13: no space for [io  size 0x1000]
[    0.307985] pci 0000:00:18.7: BAR 13: failed to assign [io  size 0x1000]
[    0.307990] pci 0000:00:18.6: BAR 13: no space for [io  size 0x1000]
[    0.307993] pci 0000:00:18.6: BAR 13: failed to assign [io  size 0x1000]
[    0.307998] pci 0000:00:18.5: BAR 13: no space for [io  size 0x1000]
[    0.308001] pci 0000:00:18.5: BAR 13: failed to assign [io  size 0x1000]
[    0.308006] pci 0000:00:18.4: BAR 13: no space for [io  size 0x1000]
[    0.308009] pci 0000:00:18.4: BAR 13: failed to assign [io  size 0x1000]
[    0.308014] pci 0000:00:18.3: BAR 13: no space for [io  size 0x1000]
[    0.308017] pci 0000:00:18.3: BAR 13: failed to assign [io  size 0x1000]
[    0.308021] pci 0000:00:18.2: BAR 13: no space for [io  size 0x1000]
[    0.308024] pci 0000:00:18.2: BAR 13: failed to assign [io  size 0x1000]
[    0.308029] pci 0000:00:17.7: BAR 13: no space for [io  size 0x1000]
[    0.308032] pci 0000:00:17.7: BAR 13: failed to assign [io  size 0x1000]
[    0.308036] pci 0000:00:17.6: BAR 13: no space for [io  size 0x1000]
[    0.308039] pci 0000:00:17.6: BAR 13: failed to assign [io  size 0x1000]
[    0.308044] pci 0000:00:17.5: BAR 13: no space for [io  size 0x1000]
[    0.308047] pci 0000:00:17.5: BAR 13: failed to assign [io  size 0x1000]
[    0.308052] pci 0000:00:17.4: BAR 13: no space for [io  size 0x1000]
[    0.308055] pci 0000:00:17.4: BAR 13: failed to assign [io  size 0x1000]
[    0.308059] pci 0000:00:17.3: BAR 13: no space for [io  size 0x1000]
[    0.308062] pci 0000:00:17.3: BAR 13: failed to assign [io  size 0x1000]
[    0.308067] pci 0000:00:16.7: BAR 13: no space for [io  size 0x1000]
[    0.308070] pci 0000:00:16.7: BAR 13: failed to assign [io  size 0x1000]
[    0.308074] pci 0000:00:16.6: BAR 13: no space for [io  size 0x1000]
[    0.308077] pci 0000:00:16.6: BAR 13: failed to assign [io  size 0x1000]
[    0.308082] pci 0000:00:16.5: BAR 13: no space for [io  size 0x1000]
[    0.308085] pci 0000:00:16.5: BAR 13: failed to assign [io  size 0x1000]
[    0.308089] pci 0000:00:16.4: BAR 13: no space for [io  size 0x1000]
[    0.308092] pci 0000:00:16.4: BAR 13: failed to assign [io  size 0x1000]
[    0.308097] pci 0000:00:16.3: BAR 13: no space for [io  size 0x1000]
[    0.308100] pci 0000:00:16.3: BAR 13: failed to assign [io  size 0x1000]
[    0.308104] pci 0000:00:15.7: BAR 13: no space for [io  size 0x1000]
[    0.308108] pci 0000:00:15.7: BAR 13: failed to assign [io  size 0x1000]
[    0.308112] pci 0000:00:15.6: BAR 13: no space for [io  size 0x1000]
[    0.308115] pci 0000:00:15.6: BAR 13: failed to assign [io  size 0x1000]
[    0.308119] pci 0000:00:15.5: BAR 13: no space for [io  size 0x1000]
[    0.308123] pci 0000:00:15.5: BAR 13: failed to assign [io  size 0x1000]
[    0.308127] pci 0000:00:15.4: BAR 13: no space for [io  size 0x1000]
[    0.308130] pci 0000:00:15.4: BAR 13: failed to assign [io  size 0x1000]
[    0.308135] pci 0000:00:15.3: BAR 13: no space for [io  size 0x1000]
[    0.308138] pci 0000:00:15.3: BAR 13: failed to assign [io  size 0x1000]
[    0.308145] pci 0000:00:01.0: PCI bridge to [bus 01]
[    0.308334] pci 0000:00:11.0: PCI bridge to [bus 02]
[    0.308358] pci 0000:00:11.0:   bridge window [io  0x2000-0x3fff]
[    0.308390] pci 0000:00:11.0:   bridge window [mem 0xfd600000-0xfdffffff]
[    0.308423] pci 0000:00:11.0:   bridge window [mem 0xe7b00000-0xe7ffffff 64bit pref]
[    0.308455] pci 0000:03:00.0: BAR 6: assigned [mem 0xfd500000-0xfd50ffff pref]
[    0.308463] pci 0000:00:15.0: PCI bridge to [bus 03]
[    0.308492] pci 0000:00:15.0:   bridge window [io  0x4000-0x4fff]
[    0.308524] pci 0000:00:15.0:   bridge window [mem 0xfd500000-0xfd5fffff]
[    0.308557] pci 0000:00:15.0:   bridge window [mem 0xc0000000-0xc01fffff 64bit pref]
[    0.308589] pci 0000:00:15.1: PCI bridge to [bus 04]
[    0.308613] pci 0000:00:15.1:   bridge window [io  0x8000-0x8fff]
[    0.308645] pci 0000:00:15.1:   bridge window [mem 0xfd100000-0xfd1fffff]
[    0.308678] pci 0000:00:15.1:   bridge window [mem 0xe7800000-0xe78fffff 64bit pref]
[    0.308710] pci 0000:00:15.2: PCI bridge to [bus 05]
[    0.308731] pci 0000:00:15.2:   bridge window [io  0xc000-0xcfff]
[    0.308763] pci 0000:00:15.2:   bridge window [mem 0xfcd00000-0xfcdfffff]
[    0.308796] pci 0000:00:15.2:   bridge window [mem 0xe7400000-0xe74fffff 64bit pref]
[    0.308828] pci 0000:00:15.3: PCI bridge to [bus 06]
[    0.308861] pci 0000:00:15.3:   bridge window [mem 0xfc900000-0xfc9fffff]
[    0.308893] pci 0000:00:15.3:   bridge window [mem 0xe7000000-0xe70fffff 64bit pref]
[    0.308925] pci 0000:00:15.4: PCI bridge to [bus 07]
[    0.308958] pci 0000:00:15.4:   bridge window [mem 0xfc500000-0xfc5fffff]
[    0.308990] pci 0000:00:15.4:   bridge window [mem 0xe6c00000-0xe6cfffff 64bit pref]
[    0.309023] pci 0000:00:15.5: PCI bridge to [bus 08]
[    0.309055] pci 0000:00:15.5:   bridge window [mem 0xfc100000-0xfc1fffff]
[    0.309088] pci 0000:00:15.5:   bridge window [mem 0xe6800000-0xe68fffff 64bit pref]
[    0.309120] pci 0000:00:15.6: PCI bridge to [bus 09]
[    0.309153] pci 0000:00:15.6:   bridge window [mem 0xfbd00000-0xfbdfffff]
[    0.309185] pci 0000:00:15.6:   bridge window [mem 0xe6400000-0xe64fffff 64bit pref]
[    0.309217] pci 0000:00:15.7: PCI bridge to [bus 0a]
[    0.309250] pci 0000:00:15.7:   bridge window [mem 0xfb900000-0xfb9fffff]
[    0.309282] pci 0000:00:15.7:   bridge window [mem 0xe6000000-0xe60fffff 64bit pref]
[    0.309356] pci 0000:0b:00.0: BAR 6: assigned [mem 0xfd400000-0xfd40ffff pref]
[    0.309361] pci 0000:00:16.0: PCI bridge to [bus 0b]
[    0.309382] pci 0000:00:16.0:   bridge window [io  0x5000-0x5fff]
[    0.309414] pci 0000:00:16.0:   bridge window [mem 0xfd400000-0xfd4fffff]
[    0.309446] pci 0000:00:16.0:   bridge window [mem 0xc0200000-0xc03fffff 64bit pref]
[    0.309479] pci 0000:00:16.1: PCI bridge to [bus 0c]
[    0.309499] pci 0000:00:16.1:   bridge window [io  0x9000-0x9fff]
[    0.309531] pci 0000:00:16.1:   bridge window [mem 0xfd000000-0xfd0fffff]
[    0.309564] pci 0000:00:16.1:   bridge window [mem 0xe7700000-0xe77fffff 64bit pref]
[    0.309596] pci 0000:00:16.2: PCI bridge to [bus 0d]
[    0.309616] pci 0000:00:16.2:   bridge window [io  0xd000-0xdfff]
[    0.309649] pci 0000:00:16.2:   bridge window [mem 0xfcc00000-0xfccfffff]
[    0.309681] pci 0000:00:16.2:   bridge window [mem 0xe7300000-0xe73fffff 64bit pref]
[    0.309714] pci 0000:00:16.3: PCI bridge to [bus 0e]
[    0.309746] pci 0000:00:16.3:   bridge window [mem 0xfc800000-0xfc8fffff]
[    0.309779] pci 0000:00:16.3:   bridge window [mem 0xe6f00000-0xe6ffffff 64bit pref]
[    0.309811] pci 0000:00:16.4: PCI bridge to [bus 0f]
[    0.309844] pci 0000:00:16.4:   bridge window [mem 0xfc400000-0xfc4fffff]
[    0.309876] pci 0000:00:16.4:   bridge window [mem 0xe6b00000-0xe6bfffff 64bit pref]
[    0.309909] pci 0000:00:16.5: PCI bridge to [bus 10]
[    0.309941] pci 0000:00:16.5:   bridge window [mem 0xfc000000-0xfc0fffff]
[    0.309973] pci 0000:00:16.5:   bridge window [mem 0xe6700000-0xe67fffff 64bit pref]
[    0.310006] pci 0000:00:16.6: PCI bridge to [bus 11]
[    0.310038] pci 0000:00:16.6:   bridge window [mem 0xfbc00000-0xfbcfffff]
[    0.310071] pci 0000:00:16.6:   bridge window [mem 0xe6300000-0xe63fffff 64bit pref]
[    0.310103] pci 0000:00:16.7: PCI bridge to [bus 12]
[    0.310136] pci 0000:00:16.7:   bridge window [mem 0xfb800000-0xfb8fffff]
[    0.310168] pci 0000:00:16.7:   bridge window [mem 0xe5f00000-0xe5ffffff 64bit pref]
[    0.310201] pci 0000:00:17.0: PCI bridge to [bus 13]
[    0.310221] pci 0000:00:17.0:   bridge window [io  0x6000-0x6fff]
[    0.310253] pci 0000:00:17.0:   bridge window [mem 0xfd300000-0xfd3fffff]
[    0.310260] pci 0000:00:17.0:   bridge window [mem 0xe7a00000-0xe7afffff 64bit pref]
[    0.310358] pci 0000:00:17.1: PCI bridge to [bus 14]
[    0.310379] pci 0000:00:17.1:   bridge window [io  0xa000-0xafff]
[    0.310412] pci 0000:00:17.1:   bridge window [mem 0xfcf00000-0xfcffffff]
[    0.310444] pci 0000:00:17.1:   bridge window [mem 0xe7600000-0xe76fffff 64bit pref]
[    0.310477] pci 0000:00:17.2: PCI bridge to [bus 15]
[    0.310497] pci 0000:00:17.2:   bridge window [io  0xe000-0xefff]
[    0.310530] pci 0000:00:17.2:   bridge window [mem 0xfcb00000-0xfcbfffff]
[    0.310562] pci 0000:00:17.2:   bridge window [mem 0xe7200000-0xe72fffff 64bit pref]
[    0.310594] pci 0000:00:17.3: PCI bridge to [bus 16]
[    0.310627] pci 0000:00:17.3:   bridge window [mem 0xfc700000-0xfc7fffff]
[    0.310659] pci 0000:00:17.3:   bridge window [mem 0xe6e00000-0xe6efffff 64bit pref]
[    0.310692] pci 0000:00:17.4: PCI bridge to [bus 17]
[    0.310724] pci 0000:00:17.4:   bridge window [mem 0xfc300000-0xfc3fffff]
[    0.310757] pci 0000:00:17.4:   bridge window [mem 0xe6a00000-0xe6afffff 64bit pref]
[    0.310789] pci 0000:00:17.5: PCI bridge to [bus 18]
[    0.310822] pci 0000:00:17.5:   bridge window [mem 0xfbf00000-0xfbffffff]
[    0.310854] pci 0000:00:17.5:   bridge window [mem 0xe6600000-0xe66fffff 64bit pref]
[    0.310886] pci 0000:00:17.6: PCI bridge to [bus 19]
[    0.310919] pci 0000:00:17.6:   bridge window [mem 0xfbb00000-0xfbbfffff]
[    0.310951] pci 0000:00:17.6:   bridge window [mem 0xe6200000-0xe62fffff 64bit pref]
[    0.310984] pci 0000:00:17.7: PCI bridge to [bus 1a]
[    0.311016] pci 0000:00:17.7:   bridge window [mem 0xfb700000-0xfb7fffff]
[    0.311049] pci 0000:00:17.7:   bridge window [mem 0xe5e00000-0xe5efffff 64bit pref]
[    0.311081] pci 0000:00:18.0: PCI bridge to [bus 1b]
[    0.311106] pci 0000:00:18.0:   bridge window [io  0x7000-0x7fff]
[    0.311139] pci 0000:00:18.0:   bridge window [mem 0xfd200000-0xfd2fffff]
[    0.311171] pci 0000:00:18.0:   bridge window [mem 0xe7900000-0xe79fffff 64bit pref]
[    0.311204] pci 0000:00:18.1: PCI bridge to [bus 1c]
[    0.311225] pci 0000:00:18.1:   bridge window [io  0xb000-0xbfff]
[    0.311258] pci 0000:00:18.1:   bridge window [mem 0xfce00000-0xfcefffff]
[    0.311290] pci 0000:00:18.1:   bridge window [mem 0xe7500000-0xe75fffff 64bit pref]
[    0.311360] pci 0000:00:18.2: PCI bridge to [bus 1d]
[    0.311393] pci 0000:00:18.2:   bridge window [mem 0xfca00000-0xfcafffff]
[    0.311425] pci 0000:00:18.2:   bridge window [mem 0xe7100000-0xe71fffff 64bit pref]
[    0.311458] pci 0000:00:18.3: PCI bridge to [bus 1e]
[    0.311490] pci 0000:00:18.3:   bridge window [mem 0xfc600000-0xfc6fffff]
[    0.311523] pci 0000:00:18.3:   bridge window [mem 0xe6d00000-0xe6dfffff 64bit pref]
[    0.311555] pci 0000:00:18.4: PCI bridge to [bus 1f]
[    0.311587] pci 0000:00:18.4:   bridge window [mem 0xfc200000-0xfc2fffff]
[    0.311620] pci 0000:00:18.4:   bridge window [mem 0xe6900000-0xe69fffff 64bit pref]
[    0.311652] pci 0000:00:18.5: PCI bridge to [bus 20]
[    0.311685] pci 0000:00:18.5:   bridge window [mem 0xfbe00000-0xfbefffff]
[    0.311717] pci 0000:00:18.5:   bridge window [mem 0xe6500000-0xe65fffff 64bit pref]
[    0.311750] pci 0000:00:18.6: PCI bridge to [bus 21]
[    0.311782] pci 0000:00:18.6:   bridge window [mem 0xfba00000-0xfbafffff]
[    0.311815] pci 0000:00:18.6:   bridge window [mem 0xe6100000-0xe61fffff 64bit pref]
[    0.311847] pci 0000:00:18.7: PCI bridge to [bus 22]
[    0.311879] pci 0000:00:18.7:   bridge window [mem 0xfb600000-0xfb6fffff]
[    0.311912] pci 0000:00:18.7:   bridge window [mem 0xe5d00000-0xe5dfffff 64bit pref]
[    0.311944] pci_bus 0000:00: resource 4 [mem 0x000a0000-0x000bffff window]
[    0.311952] pci_bus 0000:00: resource 5 [mem 0x000cc000-0x000cffff window]
[    0.311957] pci_bus 0000:00: resource 6 [mem 0x000d0000-0x000d3fff window]
[    0.311963] pci_bus 0000:00: resource 7 [mem 0x000d4000-0x000d7fff window]
[    0.311967] pci_bus 0000:00: resource 8 [mem 0x000d8000-0x000dbfff window]
[    0.311973] pci_bus 0000:00: resource 9 [mem 0xc0000000-0xfebfffff window]
[    0.311978] pci_bus 0000:00: resource 10 [io  0x0000-0x0cf7 window]
[    0.311983] pci_bus 0000:00: resource 11 [io  0x0d00-0xfeff window]
[    0.311991] pci_bus 0000:02: resource 0 [io  0x2000-0x3fff]
[    0.311996] pci_bus 0000:02: resource 1 [mem 0xfd600000-0xfdffffff]
[    0.312001] pci_bus 0000:02: resource 2 [mem 0xe7b00000-0xe7ffffff 64bit pref]
[    0.312006] pci_bus 0000:02: resource 4 [mem 0x000a0000-0x000bffff window]
[    0.312010] pci_bus 0000:02: resource 5 [mem 0x000cc000-0x000cffff window]
[    0.312015] pci_bus 0000:02: resource 6 [mem 0x000d0000-0x000d3fff window]
[    0.312019] pci_bus 0000:02: resource 7 [mem 0x000d4000-0x000d7fff window]
[    0.312024] pci_bus 0000:02: resource 8 [mem 0x000d8000-0x000dbfff window]
[    0.312030] pci_bus 0000:02: resource 9 [mem 0xc0000000-0xfebfffff window]
[    0.312035] pci_bus 0000:02: resource 10 [io  0x0000-0x0cf7 window]
[    0.312040] pci_bus 0000:02: resource 11 [io  0x0d00-0xfeff window]
[    0.312045] pci_bus 0000:03: resource 0 [io  0x4000-0x4fff]
[    0.312048] pci_bus 0000:03: resource 1 [mem 0xfd500000-0xfd5fffff]
[    0.312052] pci_bus 0000:03: resource 2 [mem 0xc0000000-0xc01fffff 64bit pref]
[    0.312056] pci_bus 0000:04: resource 0 [io  0x8000-0x8fff]
[    0.312060] pci_bus 0000:04: resource 1 [mem 0xfd100000-0xfd1fffff]
[    0.312063] pci_bus 0000:04: resource 2 [mem 0xe7800000-0xe78fffff 64bit pref]
[    0.312067] pci_bus 0000:05: resource 0 [io  0xc000-0xcfff]
[    0.312070] pci_bus 0000:05: resource 1 [mem 0xfcd00000-0xfcdfffff]
[    0.312073] pci_bus 0000:05: resource 2 [mem 0xe7400000-0xe74fffff 64bit pref]
[    0.312077] pci_bus 0000:06: resource 1 [mem 0xfc900000-0xfc9fffff]
[    0.312081] pci_bus 0000:06: resource 2 [mem 0xe7000000-0xe70fffff 64bit pref]
[    0.312085] pci_bus 0000:07: resource 1 [mem 0xfc500000-0xfc5fffff]
[    0.312088] pci_bus 0000:07: resource 2 [mem 0xe6c00000-0xe6cfffff 64bit pref]
[    0.312092] pci_bus 0000:08: resource 1 [mem 0xfc100000-0xfc1fffff]
[    0.312096] pci_bus 0000:08: resource 2 [mem 0xe6800000-0xe68fffff 64bit pref]
[    0.312100] pci_bus 0000:09: resource 1 [mem 0xfbd00000-0xfbdfffff]
[    0.312103] pci_bus 0000:09: resource 2 [mem 0xe6400000-0xe64fffff 64bit pref]
[    0.312107] pci_bus 0000:0a: resource 1 [mem 0xfb900000-0xfb9fffff]
[    0.312110] pci_bus 0000:0a: resource 2 [mem 0xe6000000-0xe60fffff 64bit pref]
[    0.312114] pci_bus 0000:0b: resource 0 [io  0x5000-0x5fff]
[    0.312117] pci_bus 0000:0b: resource 1 [mem 0xfd400000-0xfd4fffff]
[    0.312120] pci_bus 0000:0b: resource 2 [mem 0xc0200000-0xc03fffff 64bit pref]
[    0.312124] pci_bus 0000:0c: resource 0 [io  0x9000-0x9fff]
[    0.312127] pci_bus 0000:0c: resource 1 [mem 0xfd000000-0xfd0fffff]
[    0.312130] pci_bus 0000:0c: resource 2 [mem 0xe7700000-0xe77fffff 64bit pref]
[    0.312134] pci_bus 0000:0d: resource 0 [io  0xd000-0xdfff]
[    0.312137] pci_bus 0000:0d: resource 1 [mem 0xfcc00000-0xfccfffff]
[    0.312140] pci_bus 0000:0d: resource 2 [mem 0xe7300000-0xe73fffff 64bit pref]
[    0.312144] pci_bus 0000:0e: resource 1 [mem 0xfc800000-0xfc8fffff]
[    0.312148] pci_bus 0000:0e: resource 2 [mem 0xe6f00000-0xe6ffffff 64bit pref]
[    0.312151] pci_bus 0000:0f: resource 1 [mem 0xfc400000-0xfc4fffff]
[    0.312154] pci_bus 0000:0f: resource 2 [mem 0xe6b00000-0xe6bfffff 64bit pref]
[    0.312158] pci_bus 0000:10: resource 1 [mem 0xfc000000-0xfc0fffff]
[    0.312162] pci_bus 0000:10: resource 2 [mem 0xe6700000-0xe67fffff 64bit pref]
[    0.312165] pci_bus 0000:11: resource 1 [mem 0xfbc00000-0xfbcfffff]
[    0.312168] pci_bus 0000:11: resource 2 [mem 0xe6300000-0xe63fffff 64bit pref]
[    0.312172] pci_bus 0000:12: resource 1 [mem 0xfb800000-0xfb8fffff]
[    0.312175] pci_bus 0000:12: resource 2 [mem 0xe5f00000-0xe5ffffff 64bit pref]
[    0.312179] pci_bus 0000:13: resource 0 [io  0x6000-0x6fff]
[    0.312182] pci_bus 0000:13: resource 1 [mem 0xfd300000-0xfd3fffff]
[    0.312185] pci_bus 0000:13: resource 2 [mem 0xe7a00000-0xe7afffff 64bit pref]
[    0.312189] pci_bus 0000:14: resource 0 [io  0xa000-0xafff]
[    0.312192] pci_bus 0000:14: resource 1 [mem 0xfcf00000-0xfcffffff]
[    0.312196] pci_bus 0000:14: resource 2 [mem 0xe7600000-0xe76fffff 64bit pref]
[    0.312199] pci_bus 0000:15: resource 0 [io  0xe000-0xefff]
[    0.312203] pci_bus 0000:15: resource 1 [mem 0xfcb00000-0xfcbfffff]
[    0.312206] pci_bus 0000:15: resource 2 [mem 0xe7200000-0xe72fffff 64bit pref]
[    0.312210] pci_bus 0000:16: resource 1 [mem 0xfc700000-0xfc7fffff]
[    0.312213] pci_bus 0000:16: resource 2 [mem 0xe6e00000-0xe6efffff 64bit pref]
[    0.312217] pci_bus 0000:17: resource 1 [mem 0xfc300000-0xfc3fffff]
[    0.312220] pci_bus 0000:17: resource 2 [mem 0xe6a00000-0xe6afffff 64bit pref]
[    0.312224] pci_bus 0000:18: resource 1 [mem 0xfbf00000-0xfbffffff]
[    0.312227] pci_bus 0000:18: resource 2 [mem 0xe6600000-0xe66fffff 64bit pref]
[    0.312231] pci_bus 0000:19: resource 1 [mem 0xfbb00000-0xfbbfffff]
[    0.312234] pci_bus 0000:19: resource 2 [mem 0xe6200000-0xe62fffff 64bit pref]
[    0.312238] pci_bus 0000:1a: resource 1 [mem 0xfb700000-0xfb7fffff]
[    0.312241] pci_bus 0000:1a: resource 2 [mem 0xe5e00000-0xe5efffff 64bit pref]
[    0.312245] pci_bus 0000:1b: resource 0 [io  0x7000-0x7fff]
[    0.312248] pci_bus 0000:1b: resource 1 [mem 0xfd200000-0xfd2fffff]
[    0.312251] pci_bus 0000:1b: resource 2 [mem 0xe7900000-0xe79fffff 64bit pref]
[    0.312255] pci_bus 0000:1c: resource 0 [io  0xb000-0xbfff]
[    0.312258] pci_bus 0000:1c: resource 1 [mem 0xfce00000-0xfcefffff]
[    0.312261] pci_bus 0000:1c: resource 2 [mem 0xe7500000-0xe75fffff 64bit pref]
[    0.312265] pci_bus 0000:1d: resource 1 [mem 0xfca00000-0xfcafffff]
[    0.312268] pci_bus 0000:1d: resource 2 [mem 0xe7100000-0xe71fffff 64bit pref]
[    0.312272] pci_bus 0000:1e: resource 1 [mem 0xfc600000-0xfc6fffff]
[    0.312275] pci_bus 0000:1e: resource 2 [mem 0xe6d00000-0xe6dfffff 64bit pref]
[    0.312278] pci_bus 0000:1f: resource 1 [mem 0xfc200000-0xfc2fffff]
[    0.312282] pci_bus 0000:1f: resource 2 [mem 0xe6900000-0xe69fffff 64bit pref]
[    0.312285] pci_bus 0000:20: resource 1 [mem 0xfbe00000-0xfbefffff]
[    0.312289] pci_bus 0000:20: resource 2 [mem 0xe6500000-0xe65fffff 64bit pref]
[    0.312292] pci_bus 0000:21: resource 1 [mem 0xfba00000-0xfbafffff]
[    0.312295] pci_bus 0000:21: resource 2 [mem 0xe6100000-0xe61fffff 64bit pref]
[    0.312299] pci_bus 0000:22: resource 1 [mem 0xfb600000-0xfb6fffff]
[    0.312302] pci_bus 0000:22: resource 2 [mem 0xe5d00000-0xe5dfffff 64bit pref]
[    0.312377] NET: Registered protocol family 2
[    0.312690] TCP established hash table entries: 65536 (order: 7, 524288 bytes)
[    0.312760] TCP bind hash table entries: 65536 (order: 8, 1048576 bytes)
[    0.312793] TCP: Hash tables configured (established 65536 bind 65536)
[    0.312825] TCP: reno registered
[    0.312858] UDP hash table entries: 4096 (order: 5, 131072 bytes)
[    0.312890] UDP-Lite hash table entries: 4096 (order: 5, 131072 bytes)
[    0.312955] NET: Registered protocol family 1
[    0.312987] pci 0000:00:00.0: Limiting direct PCI/PCI transfers
[    0.313020] pci 0000:00:0f.0: Boot video device
[    0.313350] PCI: CLS 32 bytes, default 64
[    0.313405] Unpacking initramfs...
[    0.721370] Freeing initrd memory: 30024k freed
[    0.729335] PCI-DMA: Using software bounce buffering for IO (SWIOTLB)
[    0.729341] software IO TLB [mem 0xbbef0000-0xbfef0000] (64MB) mapped at [ffff8800bbef0000-ffff8800bfeeffff]
[    0.729393] RAPL PMU: API unit is 2^-32 Joules, 4 fixed counters, 10737418240 ms ovfl timer
[    0.729395] RAPL PMU: hw unit of domain pp0-core 2^-0 Joules
[    0.729396] RAPL PMU: hw unit of domain package 2^-0 Joules
[    0.729397] RAPL PMU: hw unit of domain dram 2^-0 Joules
[    0.729398] RAPL PMU: hw unit of domain pp1-gpu 2^-0 Joules
[    0.729439] Simple Boot Flag at 0x36 set to 0x80
[    0.729543] Switched to clocksource tsc
[    0.729871] sha1_ssse3: Using AVX optimized SHA-1 implementation
[    0.729936] sha256_ssse3: Using AVX2 optimized SHA-256 implementation
[    0.730219] futex hash table entries: 512 (order: 3, 32768 bytes)
[    0.730232] Initialise system trusted keyring
[    0.730251] audit: initializing netlink socket (disabled)
[    0.730269] type=2000 audit(1595894881.718:1): initialized
[    0.751741] HugeTLB registered 1 GB page size, pre-allocated 0 pages
[    0.751753] HugeTLB registered 2 MB page size, pre-allocated 0 pages
[    0.754172] zpool: loaded
[    0.754188] zbud: loaded
[    0.754408] VFS: Disk quotas dquot_6.5.2
[    0.754473] Dquot-cache hash table entries: 512 (order 0, 4096 bytes)
[    0.754736] msgmni has been set to 15642
[    0.754831] Key type big_key registered
[    0.754840] SELinux:  Registering netfilter hooks
[    0.756641] NET: Registered protocol family 38
[    0.756663] Key type asymmetric registered
[    0.756669] Asymmetric key parser 'x509' registered
[    0.756705] Block layer SCSI generic (bsg) driver version 0.4 loaded (major 250)
[    0.756781] io scheduler noop registered
[    0.756789] io scheduler deadline registered (default)
[    0.756842] io scheduler cfq registered
[    0.757372] pcieport 0000:00:15.0: irq 24 for MSI/MSI-X
[    0.758372] pcieport 0000:00:15.1: irq 25 for MSI/MSI-X
[    0.759367] pcieport 0000:00:15.2: irq 26 for MSI/MSI-X
[    0.759420] pcieport 0000:00:15.3: irq 27 for MSI/MSI-X
[    0.759456] pcieport 0000:00:15.4: irq 28 for MSI/MSI-X
[    0.759497] pcieport 0000:00:15.5: irq 29 for MSI/MSI-X
[    0.760371] pcieport 0000:00:15.6: irq 30 for MSI/MSI-X
[    0.760401] pcieport 0000:00:15.7: irq 31 for MSI/MSI-X
[    0.760432] pcieport 0000:00:16.0: irq 32 for MSI/MSI-X
[    0.760462] pcieport 0000:00:16.1: irq 33 for MSI/MSI-X
[    0.760507] pcieport 0000:00:16.2: irq 34 for MSI/MSI-X
[    0.761367] pcieport 0000:00:16.3: irq 35 for MSI/MSI-X
[    0.761412] pcieport 0000:00:16.4: irq 36 for MSI/MSI-X
[    0.761442] pcieport 0000:00:16.5: irq 37 for MSI/MSI-X
[    0.761473] pcieport 0000:00:16.6: irq 38 for MSI/MSI-X
[    0.761518] pcieport 0000:00:16.7: irq 39 for MSI/MSI-X
[    0.762358] pcieport 0000:00:17.0: irq 40 for MSI/MSI-X
[    0.762403] pcieport 0000:00:17.1: irq 41 for MSI/MSI-X
[    0.762449] pcieport 0000:00:17.2: irq 42 for MSI/MSI-X
[    0.763358] pcieport 0000:00:17.3: irq 43 for MSI/MSI-X
[    0.763403] pcieport 0000:00:17.4: irq 44 for MSI/MSI-X
[    0.763433] pcieport 0000:00:17.5: irq 45 for MSI/MSI-X
[    0.764371] pcieport 0000:00:17.6: irq 46 for MSI/MSI-X
[    0.764416] pcieport 0000:00:17.7: irq 47 for MSI/MSI-X
[    0.764462] pcieport 0000:00:18.0: irq 48 for MSI/MSI-X
[    0.765359] pcieport 0000:00:18.1: irq 49 for MSI/MSI-X
[    0.765410] pcieport 0000:00:18.2: irq 50 for MSI/MSI-X
[    0.766343] pcieport 0000:00:18.3: irq 51 for MSI/MSI-X
[    0.767376] pcieport 0000:00:18.4: irq 52 for MSI/MSI-X
[    0.767406] pcieport 0000:00:18.5: irq 53 for MSI/MSI-X
[    0.767436] pcieport 0000:00:18.6: irq 54 for MSI/MSI-X
[    0.767482] pcieport 0000:00:18.7: irq 55 for MSI/MSI-X
[    0.767512] pcieport 0000:00:15.0: Signaling PME through PCIe PME interrupt
[    0.767519] pci 0000:03:00.0: Signaling PME through PCIe PME interrupt
[    0.767534] pcie_pme 0000:00:15.0:pcie01: service driver pcie_pme loaded
[    0.767549] pcieport 0000:00:15.1: Signaling PME through PCIe PME interrupt
[    0.767564] pcie_pme 0000:00:15.1:pcie01: service driver pcie_pme loaded
[    0.767591] pcieport 0000:00:15.2: Signaling PME through PCIe PME interrupt
[    0.767606] pcie_pme 0000:00:15.2:pcie01: service driver pcie_pme loaded
[    0.767628] pcieport 0000:00:15.3: Signaling PME through PCIe PME interrupt
[    0.767643] pcie_pme 0000:00:15.3:pcie01: service driver pcie_pme loaded
[    0.767659] pcieport 0000:00:15.4: Signaling PME through PCIe PME interrupt
[    0.767674] pcie_pme 0000:00:15.4:pcie01: service driver pcie_pme loaded
[    0.767700] pcieport 0000:00:15.5: Signaling PME through PCIe PME interrupt
[    0.767715] pcie_pme 0000:00:15.5:pcie01: service driver pcie_pme loaded
[    0.767730] pcieport 0000:00:15.6: Signaling PME through PCIe PME interrupt
[    0.767745] pcie_pme 0000:00:15.6:pcie01: service driver pcie_pme loaded
[    0.767761] pcieport 0000:00:15.7: Signaling PME through PCIe PME interrupt
[    0.767776] pcie_pme 0000:00:15.7:pcie01: service driver pcie_pme loaded
[    0.767803] pcieport 0000:00:16.0: Signaling PME through PCIe PME interrupt
[    0.767807] pci 0000:0b:00.0: Signaling PME through PCIe PME interrupt
[    0.767822] pcie_pme 0000:00:16.0:pcie01: service driver pcie_pme loaded
[    0.767842] pcieport 0000:00:16.1: Signaling PME through PCIe PME interrupt
[    0.767858] pcie_pme 0000:00:16.1:pcie01: service driver pcie_pme loaded
[    0.767873] pcieport 0000:00:16.2: Signaling PME through PCIe PME interrupt
[    0.767888] pcie_pme 0000:00:16.2:pcie01: service driver pcie_pme loaded
[    0.767914] pcieport 0000:00:16.3: Signaling PME through PCIe PME interrupt
[    0.767929] pcie_pme 0000:00:16.3:pcie01: service driver pcie_pme loaded
[    0.767944] pcieport 0000:00:16.4: Signaling PME through PCIe PME interrupt
[    0.767959] pcie_pme 0000:00:16.4:pcie01: service driver pcie_pme loaded
[    0.767989] pcieport 0000:00:16.5: Signaling PME through PCIe PME interrupt
[    0.768004] pcie_pme 0000:00:16.5:pcie01: service driver pcie_pme loaded
[    0.768030] pcieport 0000:00:16.6: Signaling PME through PCIe PME interrupt
[    0.768045] pcie_pme 0000:00:16.6:pcie01: service driver pcie_pme loaded
[    0.768060] pcieport 0000:00:16.7: Signaling PME through PCIe PME interrupt
[    0.768075] pcie_pme 0000:00:16.7:pcie01: service driver pcie_pme loaded
[    0.768090] pcieport 0000:00:17.0: Signaling PME through PCIe PME interrupt
[    0.768105] pcie_pme 0000:00:17.0:pcie01: service driver pcie_pme loaded
[    0.768132] pcieport 0000:00:17.1: Signaling PME through PCIe PME interrupt
[    0.768147] pcie_pme 0000:00:17.1:pcie01: service driver pcie_pme loaded
[    0.768162] pcieport 0000:00:17.2: Signaling PME through PCIe PME interrupt
[    0.768177] pcie_pme 0000:00:17.2:pcie01: service driver pcie_pme loaded
[    0.768347] pcieport 0000:00:17.3: Signaling PME through PCIe PME interrupt
[    0.768368] pcie_pme 0000:00:17.3:pcie01: service driver pcie_pme loaded
[    0.768396] pcieport 0000:00:17.4: Signaling PME through PCIe PME interrupt
[    0.768411] pcie_pme 0000:00:17.4:pcie01: service driver pcie_pme loaded
[    0.768435] pcieport 0000:00:17.5: Signaling PME through PCIe PME interrupt
[    0.768450] pcie_pme 0000:00:17.5:pcie01: service driver pcie_pme loaded
[    0.768466] pcieport 0000:00:17.6: Signaling PME through PCIe PME interrupt
[    0.768481] pcie_pme 0000:00:17.6:pcie01: service driver pcie_pme loaded
[    0.768507] pcieport 0000:00:17.7: Signaling PME through PCIe PME interrupt
[    0.768522] pcie_pme 0000:00:17.7:pcie01: service driver pcie_pme loaded
[    0.768537] pcieport 0000:00:18.0: Signaling PME through PCIe PME interrupt
[    0.768553] pcie_pme 0000:00:18.0:pcie01: service driver pcie_pme loaded
[    0.768568] pcieport 0000:00:18.1: Signaling PME through PCIe PME interrupt
[    0.768583] pcie_pme 0000:00:18.1:pcie01: service driver pcie_pme loaded
[    0.768609] pcieport 0000:00:18.2: Signaling PME through PCIe PME interrupt
[    0.768624] pcie_pme 0000:00:18.2:pcie01: service driver pcie_pme loaded
[    0.768639] pcieport 0000:00:18.3: Signaling PME through PCIe PME interrupt
[    0.768655] pcie_pme 0000:00:18.3:pcie01: service driver pcie_pme loaded
[    0.768670] pcieport 0000:00:18.4: Signaling PME through PCIe PME interrupt
[    0.768685] pcie_pme 0000:00:18.4:pcie01: service driver pcie_pme loaded
[    0.768711] pcieport 0000:00:18.5: Signaling PME through PCIe PME interrupt
[    0.768726] pcie_pme 0000:00:18.5:pcie01: service driver pcie_pme loaded
[    0.768741] pcieport 0000:00:18.6: Signaling PME through PCIe PME interrupt
[    0.768756] pcie_pme 0000:00:18.6:pcie01: service driver pcie_pme loaded
[    0.768771] pcieport 0000:00:18.7: Signaling PME through PCIe PME interrupt
[    0.768786] pcie_pme 0000:00:18.7:pcie01: service driver pcie_pme loaded
[    0.768801] pci_hotplug: PCI Hot Plug PCI Core version: 0.5
[    0.768828] pciehp 0000:00:15.0:pcie04: Slot #160 AttnBtn+ PwrCtrl+ MRL- AttnInd- PwrInd- HotPlug+ Surprise- Interlock- NoCompl+ LLActRep+
[    0.768896] pciehp 0000:00:15.0:pcie04: service driver pciehp loaded
[    0.768911] pciehp 0000:00:15.1:pcie04: Slot #161 AttnBtn+ PwrCtrl+ MRL- AttnInd- PwrInd- HotPlug+ Surprise- Interlock- NoCompl+ LLActRep+
[    0.768941] pciehp 0000:00:15.1:pcie04: service driver pciehp loaded
[    0.768956] pciehp 0000:00:15.2:pcie04: Slot #162 AttnBtn+ PwrCtrl+ MRL- AttnInd- PwrInd- HotPlug+ Surprise- Interlock- NoCompl+ LLActRep+
[    0.768987] pciehp 0000:00:15.2:pcie04: service driver pciehp loaded
[    0.769002] pciehp 0000:00:15.3:pcie04: Slot #163 AttnBtn+ PwrCtrl+ MRL- AttnInd- PwrInd- HotPlug+ Surprise- Interlock- NoCompl+ LLActRep+
[    0.769032] pciehp 0000:00:15.3:pcie04: service driver pciehp loaded
[    0.769047] pciehp 0000:00:15.4:pcie04: Slot #164 AttnBtn+ PwrCtrl+ MRL- AttnInd- PwrInd- HotPlug+ Surprise- Interlock- NoCompl+ LLActRep+
[    0.769078] pciehp 0000:00:15.4:pcie04: service driver pciehp loaded
[    0.769093] pciehp 0000:00:15.5:pcie04: Slot #165 AttnBtn+ PwrCtrl+ MRL- AttnInd- PwrInd- HotPlug+ Surprise- Interlock- NoCompl+ LLActRep+
[    0.769124] pciehp 0000:00:15.5:pcie04: service driver pciehp loaded
[    0.769139] pciehp 0000:00:15.6:pcie04: Slot #166 AttnBtn+ PwrCtrl+ MRL- AttnInd- PwrInd- HotPlug+ Surprise- Interlock- NoCompl+ LLActRep+
[    0.769169] pciehp 0000:00:15.6:pcie04: service driver pciehp loaded
[    0.769184] pciehp 0000:00:15.7:pcie04: Slot #167 AttnBtn+ PwrCtrl+ MRL- AttnInd- PwrInd- HotPlug+ Surprise- Interlock- NoCompl+ LLActRep+
[    0.769215] pciehp 0000:00:15.7:pcie04: service driver pciehp loaded
[    0.769243] pciehp 0000:00:16.0:pcie04: Slot #192 AttnBtn+ PwrCtrl+ MRL- AttnInd- PwrInd- HotPlug+ Surprise- Interlock- NoCompl+ LLActRep+
[    0.769273] pciehp 0000:00:16.0:pcie04: service driver pciehp loaded
[    0.769288] pciehp 0000:00:16.1:pcie04: Slot #193 AttnBtn+ PwrCtrl+ MRL- AttnInd- PwrInd- HotPlug+ Surprise- Interlock- NoCompl+ LLActRep+
[    0.769370] pciehp 0000:00:16.1:pcie04: service driver pciehp loaded
[    0.769385] pciehp 0000:00:16.2:pcie04: Slot #194 AttnBtn+ PwrCtrl+ MRL- AttnInd- PwrInd- HotPlug+ Surprise- Interlock- NoCompl+ LLActRep+
[    0.769429] pciehp 0000:00:16.2:pcie04: service driver pciehp loaded
[    0.769445] pciehp 0000:00:16.3:pcie04: Slot #195 AttnBtn+ PwrCtrl+ MRL- AttnInd- PwrInd- HotPlug+ Surprise- Interlock- NoCompl+ LLActRep+
[    0.769475] pciehp 0000:00:16.3:pcie04: service driver pciehp loaded
[    0.769490] pciehp 0000:00:16.4:pcie04: Slot #196 AttnBtn+ PwrCtrl+ MRL- AttnInd- PwrInd- HotPlug+ Surprise- Interlock- NoCompl+ LLActRep+
[    0.769520] pciehp 0000:00:16.4:pcie04: service driver pciehp loaded
[    0.769535] pciehp 0000:00:16.5:pcie04: Slot #197 AttnBtn+ PwrCtrl+ MRL- AttnInd- PwrInd- HotPlug+ Surprise- Interlock- NoCompl+ LLActRep+
[    0.769568] pciehp 0000:00:16.5:pcie04: service driver pciehp loaded
[    0.769583] pciehp 0000:00:16.6:pcie04: Slot #198 AttnBtn+ PwrCtrl+ MRL- AttnInd- PwrInd- HotPlug+ Surprise- Interlock- NoCompl+ LLActRep+
[    0.769613] pciehp 0000:00:16.6:pcie04: service driver pciehp loaded
[    0.769637] pciehp 0000:00:16.7:pcie04: Slot #199 AttnBtn+ PwrCtrl+ MRL- AttnInd- PwrInd- HotPlug+ Surprise- Interlock- NoCompl+ LLActRep+
[    0.769670] pciehp 0000:00:16.7:pcie04: service driver pciehp loaded
[    0.769686] pciehp 0000:00:17.0:pcie04: Slot #224 AttnBtn+ PwrCtrl+ MRL- AttnInd- PwrInd- HotPlug+ Surprise- Interlock- NoCompl+ LLActRep+
[    0.769719] pciehp 0000:00:17.0:pcie04: service driver pciehp loaded
[    0.769734] pciehp 0000:00:17.1:pcie04: Slot #225 AttnBtn+ PwrCtrl+ MRL- AttnInd- PwrInd- HotPlug+ Surprise- Interlock- NoCompl+ LLActRep+
[    0.769765] pciehp 0000:00:17.1:pcie04: service driver pciehp loaded
[    0.769780] pciehp 0000:00:17.2:pcie04: Slot #226 AttnBtn+ PwrCtrl+ MRL- AttnInd- PwrInd- HotPlug+ Surprise- Interlock- NoCompl+ LLActRep+
[    0.769839] pciehp 0000:00:17.2:pcie04: service driver pciehp loaded
[    0.769854] pciehp 0000:00:17.3:pcie04: Slot #227 AttnBtn+ PwrCtrl+ MRL- AttnInd- PwrInd- HotPlug+ Surprise- Interlock- NoCompl+ LLActRep+
[    0.769884] pciehp 0000:00:17.3:pcie04: service driver pciehp loaded
[    0.769899] pciehp 0000:00:17.4:pcie04: Slot #228 AttnBtn+ PwrCtrl+ MRL- AttnInd- PwrInd- HotPlug+ Surprise- Interlock- NoCompl+ LLActRep+
[    0.769930] pciehp 0000:00:17.4:pcie04: service driver pciehp loaded
[    0.769955] pciehp 0000:00:17.5:pcie04: Slot #229 AttnBtn+ PwrCtrl+ MRL- AttnInd- PwrInd- HotPlug+ Surprise- Interlock- NoCompl+ LLActRep+
[    0.769986] pciehp 0000:00:17.5:pcie04: service driver pciehp loaded
[    0.770001] pciehp 0000:00:17.6:pcie04: Slot #230 AttnBtn+ PwrCtrl+ MRL- AttnInd- PwrInd- HotPlug+ Surprise- Interlock- NoCompl+ LLActRep+
[    0.770047] pciehp 0000:00:17.6:pcie04: service driver pciehp loaded
[    0.770062] pciehp 0000:00:17.7:pcie04: Slot #231 AttnBtn+ PwrCtrl+ MRL- AttnInd- PwrInd- HotPlug+ Surprise- Interlock- NoCompl+ LLActRep+
[    0.770092] pciehp 0000:00:17.7:pcie04: service driver pciehp loaded
[    0.770107] pciehp 0000:00:18.0:pcie04: Slot #256 AttnBtn+ PwrCtrl+ MRL- AttnInd- PwrInd- HotPlug+ Surprise- Interlock- NoCompl+ LLActRep+
[    0.770137] pciehp 0000:00:18.0:pcie04: service driver pciehp loaded
[    0.770153] pciehp 0000:00:18.1:pcie04: Slot #257 AttnBtn+ PwrCtrl+ MRL- AttnInd- PwrInd- HotPlug+ Surprise- Interlock- NoCompl+ LLActRep+
[    0.770183] pciehp 0000:00:18.1:pcie04: service driver pciehp loaded
[    0.770198] pciehp 0000:00:18.2:pcie04: Slot #258 AttnBtn+ PwrCtrl+ MRL- AttnInd- PwrInd- HotPlug+ Surprise- Interlock- NoCompl+ LLActRep+
[    0.770234] pciehp 0000:00:18.2:pcie04: service driver pciehp loaded
[    0.770250] pciehp 0000:00:18.3:pcie04: Slot #259 AttnBtn+ PwrCtrl+ MRL- AttnInd- PwrInd- HotPlug+ Surprise- Interlock- NoCompl+ LLActRep+
[    0.770283] pciehp 0000:00:18.3:pcie04: service driver pciehp loaded
[    0.770290] pciehp 0000:00:18.4:pcie04: Slot #260 AttnBtn+ PwrCtrl+ MRL- AttnInd- PwrInd- HotPlug+ Surprise- Interlock- NoCompl+ LLActRep+
[    0.770407] pciehp 0000:00:18.4:pcie04: service driver pciehp loaded
[    0.770423] pciehp 0000:00:18.5:pcie04: Slot #261 AttnBtn+ PwrCtrl+ MRL- AttnInd- PwrInd- HotPlug+ Surprise- Interlock- NoCompl+ LLActRep+
[    0.770472] pciehp 0000:00:18.5:pcie04: service driver pciehp loaded
[    0.770487] pciehp 0000:00:18.6:pcie04: Slot #262 AttnBtn+ PwrCtrl+ MRL- AttnInd- PwrInd- HotPlug+ Surprise- Interlock- NoCompl+ LLActRep+
[    0.770517] pciehp 0000:00:18.6:pcie04: service driver pciehp loaded
[    0.770532] pciehp 0000:00:18.7:pcie04: Slot #263 AttnBtn+ PwrCtrl+ MRL- AttnInd- PwrInd- HotPlug+ Surprise- Interlock- NoCompl+ LLActRep+
[    0.770570] pciehp 0000:00:18.7:pcie04: service driver pciehp loaded
[    0.770582] pciehp: PCI Express Hot Plug Controller Driver version: 0.4
[    0.770612] intel_idle: does not run on family 6 model 63
[    0.770661] ACPI: AC Adapter [ACAD] (on-line)
[    0.770743] input: Power Button as /devices/LNXSYSTM:00/LNXPWRBN:00/input/input0
[    0.770753] ACPI: Power Button [PWRF]
[    0.770911] GHES: HEST is not enabled!
[    0.770957] Serial: 8250/16550 driver, 4 ports, IRQ sharing enabled
[    0.771398] Non-volatile memory driver v1.3
[    0.771455] Linux agpgart interface v0.103
[    0.771470] agpgart-intel 0000:00:00.0: Intel 440BX Chipset
[    0.773413] agpgart-intel 0000:00:00.0: AGP aperture is 256M @ 0x0
[    0.773469] crash memory driver: version 1.1
[    0.773499] rdac: device handler registered
[    0.773595] hp_sw: device handler registered
[    0.773602] emc: device handler registered
[    0.773608] alua: device handler registered
[    0.773638] libphy: Fixed MDIO Bus: probed
[    0.773697] ehci_hcd: USB 2.0 'Enhanced' Host Controller (EHCI) Driver
[    0.773710] ehci-pci: EHCI PCI platform driver
[    0.773738] ohci_hcd: USB 1.1 'Open' Host Controller (OHCI) Driver
[    0.773747] ohci-pci: OHCI PCI platform driver
[    0.773762] uhci_hcd: USB Universal Host Controller Interface driver
[    0.773777] usbcore: registered new interface driver usbserial
[    0.773801] usbcore: registered new interface driver usbserial_generic
[    0.773816] usbserial: USB Serial support registered for generic
[    0.773831] i8042: PNP: PS/2 Controller [PNP0303:KBC,PNP0f13:MOUS] at 0x60,0x64 irq 1,12
[    0.774379] serio: i8042 KBD port at 0x60,0x64 irq 1
[    0.774395] serio: i8042 AUX port at 0x60,0x64 irq 12
[    0.774520] mousedev: PS/2 mouse device common for all mice
[    0.774989] rtc_cmos 00:01: rtc core: registered rtc_cmos as rtc0
[    0.775131] rtc_cmos 00:01: alarms up to one month, y3k, 114 bytes nvram, hpet irqs
[    0.775181] cpuidle: using governor menu
[    0.775521] input: AT Translated Set 2 keyboard as /devices/platform/i8042/serio0/input/input1
[    0.775793] input: VirtualPS/2 VMware VMMouse as /devices/platform/i8042/serio1/input/input2
[    0.775997] input: VirtualPS/2 VMware VMMouse as /devices/platform/i8042/serio1/input/input3
[    0.777827] hidraw: raw HID events driver (C) Jiri Kosina
[    0.777888] usbcore: registered new interface driver usbhid
[    0.777892] usbhid: USB HID core driver
[    0.777937] drop_monitor: Initializing network drop monitor service
[    0.777952] TCP: cubic registered
[    0.777964] Initializing XFRM netlink socket
[    0.778050] NET: Registered protocol family 10
[    0.778259] NET: Registered protocol family 17
[    0.778423] microcode: CPU0 sig=0x306f2, pf=0x1, revision=0x3a
[    0.778448] microcode: CPU1 sig=0x306f2, pf=0x1, revision=0x3a
[    0.778514] microcode: Microcode Update Driver: v2.01 <tigran@aivazian.fsnet.co.uk>, Peter Oruba
[    0.778688] PM: Hibernation image not present or could not be loaded.
[    0.778695] Loading compiled-in X.509 certificates
[    0.778738] Loaded X.509 cert 'CentOS Linux kpatch signing key: ea0413152cde1d98ebdca3fe6f0230904c9ef717'
[    0.778753] Loaded X.509 cert 'CentOS Linux Driver update signing key: 7f421ee0ab69461574bb358861dbe77762a4201b'
[    0.779369] Loaded X.509 cert 'CentOS Linux kernel signing key: da187dca7dbe53ab05bd13bd0c4e21f422b6a49c'
[    0.779399] registered taskstats version 1
[    0.781644] Key type trusted registered
[    0.783598] Key type encrypted registered
[    0.785617] IMA: No TPM chip found, activating TPM-bypass!
[    0.790462]   Magic number: 12:172:103
[    0.790776] rtc_cmos 00:01: setting system clock to 2020-07-28 00:08:03 UTC (1595894883)
[    0.791390] Freeing unused kernel memory: 1764k freed
[    0.793448] random: systemd: uninitialized urandom read (16 bytes read)
[    0.793585] random: systemd: uninitialized urandom read (16 bytes read)
[    0.793600] random: systemd: uninitialized urandom read (16 bytes read)
[    0.794057] systemd[1]: systemd 219 running in system mode. (+PAM +AUDIT +SELINUX +IMA -APPARMOR +SMACK +SYSVINIT +UTMP +LIBCRYPTSETUP +GCRYPT +GNUTLS +ACL +XZ -LZ4 -SECCOMP +BLKID +ELFUTILS +KMOD +IDN)
[    0.794072] systemd[1]: Detected virtualization vmware.
[    0.794087] systemd[1]: Detected architecture x86-64.
[    0.794101] systemd[1]: Running in initial RAM disk.
[    0.794116] systemd[1]: Set hostname to <openshiftrunner1>.
[    0.815570] random: systemd: uninitialized urandom read (16 bytes read)
[    0.815585] random: systemd: uninitialized urandom read (16 bytes read)
[    0.815600] random: systemd: uninitialized urandom read (16 bytes read)
[    0.815615] random: systemd: uninitialized urandom read (16 bytes read)
[    0.816397] random: systemd: uninitialized urandom read (16 bytes read)
[    0.816412] random: systemd: uninitialized urandom read (16 bytes read)
[    0.816427] random: systemd: uninitialized urandom read (16 bytes read)
[    0.822573] systemd[1]: Reached target Swap.
[    0.822588] systemd[1]: Starting Swap.
[    0.822631] systemd[1]: Created slice Root Slice.
[    0.822647] systemd[1]: Starting Root Slice.
[    0.822693] systemd[1]: Listening on udev Kernel Socket.
[    0.822706] systemd[1]: Starting udev Kernel Socket.
[    0.822762] systemd[1]: Listening on Journal Socket.
[    0.822777] systemd[1]: Starting Journal Socket.
[    0.822821] systemd[1]: Listening on udev Control Socket.
[    0.822833] systemd[1]: Starting udev Control Socket.
[    0.822852] systemd[1]: Reached target Sockets.
[    0.822863] systemd[1]: Starting Sockets.
[    0.822883] systemd[1]: Reached target Local File Systems.
[    0.822894] systemd[1]: Starting Local File Systems.
[    0.822934] systemd[1]: Created slice System Slice.
[    0.822949] systemd[1]: Starting System Slice.
[    0.823185] systemd[1]: Starting dracut cmdline hook...
[    0.823594] systemd[1]: Starting Journal Service...
[    0.823883] systemd[1]: Starting Setup Virtual Console...
[    0.823925] systemd[1]: Reached target Slices.
[    0.823940] systemd[1]: Starting Slices.
[    0.824286] systemd[1]: Starting Create list of required static device nodes for the current kernel...
[    0.824327] systemd[1]: Reached target Timers.
[    0.824377] systemd[1]: Starting Timers.
[    0.824689] systemd[1]: Starting Apply Kernel Variables...
[    0.825505] systemd[1]: Started Create list of required static device nodes for the current kernel.
[    0.827566] systemd[1]: Started Apply Kernel Variables.
[    0.827962] systemd[1]: Starting Create Static Device Nodes in /dev...
[    0.850018] systemd[1]: Started Create Static Device Nodes in /dev.
[    0.874071] systemd[1]: Started Journal Service.
[    0.994588] device-mapper: uevent: version 1.0.3
[    0.994726] device-mapper: ioctl: 4.35.0-ioctl (2016-06-23) initialised: dm-devel@redhat.com
[    1.062157] Floppy drive(s): fd0 is 1.44M
[    1.074380] FDC 0 is a post-1991 82077
[    1.096644] VMware PVSCSI driver - version 1.0.7.0-k
[    1.096871] vmw_pvscsi: using 64bit dma
[    1.096886] vmw_pvscsi: max_id: 16
[    1.096892] vmw_pvscsi: setting ring_pages to 8
[    1.106409] VMware vmxnet3 virtual NIC driver - version 1.4.7.0-k-NAPI
[    1.106424] vmxnet3 0000:0b:00.0: # of Tx queues : 2, # of Rx queues : 2
[    1.108575] libata version 3.00 loaded.
[    1.111441] ata_piix 0000:00:07.1: version 2.13
[    1.111663] scsi host1: ata_piix
[    1.111823] scsi host2: ata_piix
[    1.111853] ata1: PATA max UDMA/33 cmd 0x1f0 ctl 0x3f6 bmdma 0x1060 irq 14
[    1.111859] ata2: PATA max UDMA/33 cmd 0x170 ctl 0x376 bmdma 0x1068 irq 15
[    1.113727] vmxnet3 0000:0b:00.0: irq 56 for MSI/MSI-X
[    1.113793] vmxnet3 0000:0b:00.0: irq 57 for MSI/MSI-X
[    1.114542] vmxnet3 0000:0b:00.0: irq 58 for MSI/MSI-X
[    1.117693] vmxnet3 0000:0b:00.0 eth0: NIC Link is Up 10000 Mbps
[    1.119757] vmw_pvscsi 0000:03:00.0: irq 59 for MSI/MSI-X
[    1.119819] vmw_pvscsi: using MSI-X
[    1.119834] pvscsi: enabling reqCallThreshold
[    1.119866] pvscsi: driver-based request coalescing disabled
[    1.119968] scsi host0: VMware PVSCSI storage adapter rev 2, req/cmp/msg rings: 8/8/1 pages, cmd_per_lun=254
[    1.120046] vmw_pvscsi 0000:03:00.0: VMware PVSCSI rev 2 host #0
[    1.121111] scsi 0:0:0:0: Direct-Access     VMware   Virtual disk     1.0  PQ: 0 ANSI: 2
[    1.167729] [drm] Initialized
[    1.206714] [drm] DMA map mode: Using physical TTM page addresses.
[    1.206729] [drm] Capabilities:
[    1.206732] [drm]   Rect copy.
[    1.206734] [drm]   Cursor.
[    1.206735] [drm]   Cursor bypass.
[    1.206736] [drm]   Cursor bypass 2.
[    1.206738] [drm]   8bit emulation.
[    1.206739] [drm]   Alpha cursor.
[    1.206740] [drm]   Extended Fifo.
[    1.206742] [drm]   Multimon.
[    1.206743] [drm]   Pitchlock.
[    1.206744] [drm]   Irq mask.
[    1.206745] [drm]   Display Topology.
[    1.206747] [drm]   GMR.
[    1.206748] [drm]   Traces.
[    1.206750] [drm]   GMR2.
[    1.206751] [drm]   Screen Object 2.
[    1.206752] [drm]   Command Buffers.
[    1.206753] [drm]   Command Buffers 2.
[    1.206755] [drm]   Guest Backed Resources.
[    1.206756] [drm] Max GMR ids is 64
[    1.206757] [drm] Max number of GMR pages is 65536
[    1.206758] [drm] Max dedicated hypervisor surface memory is 0 kiB
[    1.206760] [drm] Maximum display memory size is 4096 kiB
[    1.206761] [drm] VRAM at 0xe8000000 size is 4096 kiB
[    1.206762] [drm] MMIO at 0xfe000000 size is 256 kiB
[    1.206764] [drm] global init.
[    1.206828] [TTM] Zone  kernel: Available graphics memory: 4005422 kiB
[    1.206829] [TTM] Zone   dma32: Available graphics memory: 2097152 kiB
[    1.206831] [TTM] Initializing pool allocator
[    1.206835] [TTM] Initializing DMA pool allocator
[    1.206866] [drm] Supports vblank timestamp caching Rev 2 (21.10.2013).
[    1.206867] [drm] No driver support for vblank timestamp query.
[    1.208170] [drm] Screen Target Display device initialized
[    1.208185] [drm] width 800
[    1.208194] [drm] height 480
[    1.208201] [drm] bpp 32
[    1.208411] [drm] Fifo max 0x00040000 min 0x00001000 cap 0x0000077f
[    1.210388] [drm] Using command buffers with DMA pool.
[    1.210403] [drm] DX: no.
[    1.212446] fbcon: svgadrmfb (fb0) is primary device
[    1.216384] Console: switching to colour frame buffer device 100x37
[    1.248501] [drm] Initialized vmwgfx 2.12.0 20170221 for 0000:00:0f.0 on minor 0
[    1.277460] ata2.00: ATAPI: VMware Virtual IDE CDROM Drive, 00000001, max UDMA/33
[    1.283469] ata2.00: configured for UDMA/33
[    1.283942] scsi 2:0:0:0: CD-ROM            NECVMWar VMware IDE CDR10 1.00 PQ: 0 ANSI: 5
[    1.301974] sd 0:0:0:0: [sda] 125829120 512-byte logical blocks: (64.4 GB/60.0 GiB)
[    1.302007] sd 0:0:0:0: [sda] Write Protect is off
[    1.302013] sd 0:0:0:0: [sda] Mode Sense: 61 00 00 00
[    1.302037] sd 0:0:0:0: [sda] Cache data unavailable
[    1.302041] sd 0:0:0:0: [sda] Assuming drive cache: write through
[    1.303241]  sda: sda1 sda2
[    1.303519] sd 0:0:0:0: [sda] Attached SCSI disk
[    1.325847] sr 2:0:0:0: [sr0] scsi3-mmc drive: 1x/1x writer dvd-ram cd/rw xa/form2 cdda tray
[    1.325854] cdrom: Uniform CD-ROM driver Revision: 3.20
[    1.325985] sr 2:0:0:0: Attached scsi CD-ROM sr0
[    1.464697] random: fast init done
[    1.635425] SGI XFS with ACLs, security attributes, no debug enabled
[    1.638615] XFS (dm-0): Mounting V5 Filesystem
[    1.666713] XFS (dm-0): Ending clean mount
[    1.904594] systemd-journald[93]: Received SIGTERM from PID 1 (systemd).
[    2.078636] type=1404 audit(1595894884.786:2): enforcing=1 old_enforcing=0 auid=4294967295 ses=4294967295
[    2.393338] SELinux: 2048 avtab hash slots, 113297 rules.
[    2.412532] SELinux: 2048 avtab hash slots, 113297 rules.
[    2.437465] SELinux:  8 users, 14 roles, 5051 types, 318 bools, 1 sens, 1024 cats
[    2.437469] SELinux:  130 classes, 113297 rules
[    2.440374] SELinux:  Completing initialization.
[    2.440378] SELinux:  Setting up existing superblocks.
[    2.449730] type=1403 audit(1595894885.157:3): policy loaded auid=4294967295 ses=4294967295
[    2.460510] systemd[1]: Successfully loaded SELinux policy in 384.974ms.
[    2.623606] ip_tables: (C) 2000-2006 Netfilter Core Team
[    2.623673] systemd[1]: Inserted module 'ip_tables'
[    2.657424] systemd[1]: Relabelled /dev and /run in 32.009ms.
[    2.657585] random: crng init done
[    3.554507] systemd-journald[483]: Received request to flush runtime journal from PID 1
[    3.575021] RPC: Registered named UNIX socket transport module.
[    3.575029] RPC: Registered udp transport module.
[    3.575033] RPC: Registered tcp transport module.
[    3.575036] RPC: Registered tcp NFSv4.1 backchannel transport module.
[    3.648815] Installing knfsd (copyright (C) 1996 okir@monad.swb.de).
[    4.183399] shpchp: Standard Hot Plug PCI Controller Driver version: 0.4
[    4.191089] vmw_vmci 0000:00:07.7: Found VMCI PCI device at 0x11080, irq 16
[    4.191108] vmw_vmci 0000:00:07.7: Using capabilities 0xc
[    4.191397] vmw_vmci 0000:00:07.7: irq 60 for MSI/MSI-X
[    4.191416] vmw_vmci 0000:00:07.7: irq 61 for MSI/MSI-X
[    4.191516] Guest personality initialized and is active
[    4.191626] VMCI host device registered (name=vmci, major=10, minor=58)
[    4.191632] Initialized host personality
[    4.198973] piix4_smbus 0000:00:07.3: SMBus Host Controller not enabled!
[    4.207783] input: PC Speaker as /devices/platform/pcspkr/input/input4
[    4.209471] sd 0:0:0:0: Attached scsi generic sg0 type 0
[    4.209520] sr 2:0:0:0: Attached scsi generic sg1 type 5
[    4.244562] ppdev: user-space parallel port driver
[    4.255820] AES CTR mode by8 optimization enabled
[    4.260463] alg: No test for __gcm-aes-aesni (__driver-gcm-aes-aesni)
[    4.267892] alg: No test for crc32 (crc32-pclmul)
[    4.282401] Adding 6291452k swap on /dev/mapper/centos-swap.  Priority:-1 extents:1 across:6291452k FS
[    4.295874] EDAC MC: Ver: 3.0.0
[    4.309622] EDAC sbridge: Seeking for: PCI ID 8086:2fa0
[    4.309636] EDAC sbridge:  Ver: 1.1.1 
[    4.402429] XFS (sda1): Mounting V5 Filesystem
[    4.622688] XFS (sda1): Ending clean mount
[    6.359612] XFS (dm-2): Mounting V5 Filesystem
[    6.383821] XFS (dm-2): Ending clean mount
[    6.730882] type=1305 audit(1595894889.438:4): audit_pid=670 old=0 auid=4294967295 ses=4294967295 subj=system_u:system_r:auditd_t:s0 res=1
