-- Logs begin at Sun 2020-07-05 03:09:07 UTC, end at Sun 2020-07-05 03:24:02 UTC. --
Jul 05 03:09:07 localhost systemd-journal[85]: Runtime journal is using 8.0M (max allowed 399.2M, trying to leave 598.8M free of 3.8G available â†’ current limit 399.2M).
Jul 05 03:09:07 localhost kernel: Initializing cgroup subsys cpuset
Jul 05 03:09:07 localhost kernel: Initializing cgroup subsys cpu
Jul 05 03:09:07 localhost kernel: Initializing cgroup subsys cpuacct
Jul 05 03:09:07 localhost kernel: Linux version 3.10.0-693.el7.x86_64 (builder@kbuilder.dev.centos.org) (gcc version 4.8.5 20150623 (Red Hat 4.8.5-16) (GCC) ) #1 SMP Tue Aug 22 21:09:27 UTC 2017
Jul 05 03:09:07 localhost kernel: Command line: initrd=initrd.img inst.stage2=hd:LABEL=CentOS\x207\x20x86_64 quiet BOOT_IMAGE=vmlinuz 
Jul 05 03:09:07 localhost kernel: Disabled fast string operations
Jul 05 03:09:07 localhost kernel: e820: BIOS-provided physical RAM map:
Jul 05 03:09:07 localhost kernel: BIOS-e820: [mem 0x0000000000000000-0x000000000009f7ff] usable
Jul 05 03:09:07 localhost kernel: BIOS-e820: [mem 0x000000000009f800-0x000000000009ffff] reserved
Jul 05 03:09:07 localhost kernel: BIOS-e820: [mem 0x00000000000dc000-0x00000000000fffff] reserved
Jul 05 03:09:07 localhost kernel: BIOS-e820: [mem 0x0000000000100000-0x00000000bfeeffff] usable
Jul 05 03:09:07 localhost kernel: BIOS-e820: [mem 0x00000000bfef0000-0x00000000bfefefff] ACPI data
Jul 05 03:09:07 localhost kernel: BIOS-e820: [mem 0x00000000bfeff000-0x00000000bfefffff] ACPI NVS
Jul 05 03:09:07 localhost kernel: BIOS-e820: [mem 0x00000000bff00000-0x00000000bfffffff] usable
Jul 05 03:09:07 localhost kernel: BIOS-e820: [mem 0x00000000f0000000-0x00000000f7ffffff] reserved
Jul 05 03:09:07 localhost kernel: BIOS-e820: [mem 0x00000000fec00000-0x00000000fec0ffff] reserved
Jul 05 03:09:07 localhost kernel: BIOS-e820: [mem 0x00000000fee00000-0x00000000fee00fff] reserved
Jul 05 03:09:07 localhost kernel: BIOS-e820: [mem 0x00000000fffe0000-0x00000000ffffffff] reserved
Jul 05 03:09:07 localhost kernel: BIOS-e820: [mem 0x0000000100000000-0x000000023fffffff] usable
Jul 05 03:09:07 localhost kernel: NX (Execute Disable) protection: active
Jul 05 03:09:07 localhost kernel: SMBIOS 2.4 present.
Jul 05 03:09:07 localhost kernel: DMI: VMware, Inc. VMware Virtual Platform/440BX Desktop Reference Platform, BIOS 6.00 09/21/2015
Jul 05 03:09:07 localhost kernel: Hypervisor detected: VMware
Jul 05 03:09:07 localhost kernel: e820: update [mem 0x00000000-0x00000fff] usable ==> reserved
Jul 05 03:09:07 localhost kernel: e820: remove [mem 0x000a0000-0x000fffff] usable
Jul 05 03:09:07 localhost kernel: e820: last_pfn = 0x240000 max_arch_pfn = 0x400000000
Jul 05 03:09:07 localhost kernel: MTRR default type: uncachable
Jul 05 03:09:07 localhost kernel: MTRR fixed ranges enabled:
Jul 05 03:09:07 localhost kernel:   00000-9FFFF write-back
Jul 05 03:09:07 localhost kernel:   A0000-BFFFF uncachable
Jul 05 03:09:07 localhost kernel:   C0000-CBFFF write-protect
Jul 05 03:09:07 localhost kernel:   CC000-EFFFF uncachable
Jul 05 03:09:07 localhost kernel:   F0000-FFFFF write-protect
Jul 05 03:09:07 localhost kernel: MTRR variable ranges enabled:
Jul 05 03:09:07 localhost kernel:   0 base 000C0000000 mask 3FFC0000000 uncachable
Jul 05 03:09:07 localhost kernel:   1 base 00000000000 mask 3FE00000000 write-back
Jul 05 03:09:07 localhost kernel:   2 base 00200000000 mask 3FFC0000000 write-back
Jul 05 03:09:07 localhost kernel:   3 disabled
Jul 05 03:09:07 localhost kernel:   4 disabled
Jul 05 03:09:07 localhost kernel:   5 disabled
Jul 05 03:09:07 localhost kernel:   6 disabled
Jul 05 03:09:07 localhost kernel:   7 disabled
Jul 05 03:09:07 localhost kernel: x86 PAT enabled: cpu 0, old 0x7040600070406, new 0x7010600070106
Jul 05 03:09:07 localhost kernel: original variable MTRRs
Jul 05 03:09:07 localhost kernel: reg 0, base: 3GB, range: 1GB, type UC
Jul 05 03:09:07 localhost kernel: reg 1, base: 0GB, range: 8GB, type WB
Jul 05 03:09:07 localhost kernel: reg 2, base: 8GB, range: 1GB, type WB
Jul 05 03:09:07 localhost kernel: total RAM covered: 8192M
Jul 05 03:09:07 localhost kernel: Found optimal setting for mtrr clean up
Jul 05 03:09:07 localhost kernel:  gran_size: 64K         chunk_size: 8G         num_reg: 3          lose cover RAM: 0G
Jul 05 03:09:07 localhost kernel: New variable MTRRs
Jul 05 03:09:07 localhost kernel: reg 0, base: 0GB, range: 8GB, type WB
Jul 05 03:09:07 localhost kernel: reg 1, base: 3GB, range: 1GB, type UC
Jul 05 03:09:07 localhost kernel: reg 2, base: 8GB, range: 1GB, type WB
Jul 05 03:09:07 localhost kernel: e820: update [mem 0xc0000000-0xffffffff] usable ==> reserved
Jul 05 03:09:07 localhost kernel: e820: last_pfn = 0xc0000 max_arch_pfn = 0x400000000
Jul 05 03:09:07 localhost kernel: found SMP MP-table at [mem 0x000f6b30-0x000f6b3f] mapped at [ffff8800000f6b30]
Jul 05 03:09:07 localhost kernel: Base memory trampoline at [ffff880000099000] 99000 size 24576
Jul 05 03:09:07 localhost kernel: Using GB pages for direct mapping
Jul 05 03:09:07 localhost kernel: BRK [0x01fe9000, 0x01fe9fff] PGTABLE
Jul 05 03:09:07 localhost kernel: BRK [0x01fea000, 0x01feafff] PGTABLE
Jul 05 03:09:07 localhost kernel: BRK [0x01feb000, 0x01febfff] PGTABLE
Jul 05 03:09:07 localhost kernel: RAMDISK: [mem 0x7d1ce000-0x7fffefff]
Jul 05 03:09:07 localhost kernel: Early table checksum verification disabled
Jul 05 03:09:07 localhost kernel: ACPI: RSDP 00000000000f6ac0 00024 (v02 PTLTD )
Jul 05 03:09:07 localhost kernel: ACPI: XSDT 00000000bfef109b 0005C (v01 INTEL  440BX    06040000 VMW  01324272)
Jul 05 03:09:07 localhost kernel: ACPI: FACP 00000000bfefee73 000F4 (v04 INTEL  440BX    06040000 PTL  000F4240)
Jul 05 03:09:07 localhost kernel: ACPI: DSDT 00000000bfef1349 0DB2A (v01 PTLTD  Custom   06040000 MSFT 03000001)
Jul 05 03:09:07 localhost kernel: ACPI: FACS 00000000bfefffc0 00040
Jul 05 03:09:07 localhost kernel: ACPI: BOOT 00000000bfef1321 00028 (v01 PTLTD  $SBFTBL$ 06040000  LTP 00000001)
Jul 05 03:09:07 localhost kernel: ACPI: APIC 00000000bfef12c3 0005E (v01 PTLTD  ? APIC   06040000  LTP 00000000)
Jul 05 03:09:07 localhost kernel: ACPI: MCFG 00000000bfef1287 0003C (v01 PTLTD  $PCITBL$ 06040000  LTP 00000001)
Jul 05 03:09:07 localhost kernel: ACPI: SRAT 00000000bfef1197 000F0 (v02 VMWARE MEMPLUG  06040000 VMW  00000001)
Jul 05 03:09:07 localhost kernel: ACPI: HPET 00000000bfef115f 00038 (v01 VMWARE VMW HPET 06040000 VMW  00000001)
Jul 05 03:09:07 localhost kernel: ACPI: WAET 00000000bfef1137 00028 (v01 VMWARE VMW WAET 06040000 VMW  00000001)
Jul 05 03:09:07 localhost kernel: ACPI: Local APIC address 0xfee00000
Jul 05 03:09:07 localhost kernel: SRAT: PXM 0 -> APIC 0x00 -> Node 0
Jul 05 03:09:07 localhost kernel: SRAT: PXM 0 -> APIC 0x02 -> Node 0
Jul 05 03:09:07 localhost kernel: SRAT: Node 0 PXM 0 [mem 0x00000000-0x0009ffff]
Jul 05 03:09:07 localhost kernel: SRAT: Node 0 PXM 0 [mem 0x00100000-0x0fffffff]
Jul 05 03:09:07 localhost kernel: SRAT: Node 0 PXM 0 [mem 0x10000000-0xbfffffff]
Jul 05 03:09:07 localhost kernel: SRAT: Node 0 PXM 0 [mem 0x100000000-0x23fffffff]
Jul 05 03:09:07 localhost kernel: NUMA: Node 0 [mem 0x00000000-0x0009ffff] + [mem 0x00100000-0x0fffffff] -> [mem 0x00000000-0x0fffffff]
Jul 05 03:09:07 localhost kernel: NUMA: Node 0 [mem 0x00000000-0x0fffffff] + [mem 0x10000000-0xbfffffff] -> [mem 0x00000000-0xbfffffff]
Jul 05 03:09:07 localhost kernel: NUMA: Node 0 [mem 0x00000000-0xbfffffff] + [mem 0x100000000-0x23fffffff] -> [mem 0x00000000-0x23fffffff]
Jul 05 03:09:07 localhost kernel: NODE_DATA(0) allocated [mem 0x23ffd7000-0x23fffdfff]
Jul 05 03:09:07 localhost kernel: Zone ranges:
Jul 05 03:09:07 localhost kernel:   DMA      [mem 0x00001000-0x00ffffff]
Jul 05 03:09:07 localhost kernel:   DMA32    [mem 0x01000000-0xffffffff]
Jul 05 03:09:07 localhost kernel:   Normal   [mem 0x100000000-0x23fffffff]
Jul 05 03:09:07 localhost kernel: Movable zone start for each node
Jul 05 03:09:07 localhost kernel: Early memory node ranges
Jul 05 03:09:07 localhost kernel:   node   0: [mem 0x00001000-0x0009efff]
Jul 05 03:09:07 localhost kernel:   node   0: [mem 0x00100000-0xbfeeffff]
Jul 05 03:09:07 localhost kernel:   node   0: [mem 0xbff00000-0xbfffffff]
Jul 05 03:09:07 localhost kernel:   node   0: [mem 0x100000000-0x23fffffff]
Jul 05 03:09:07 localhost kernel: Initmem setup node 0 [mem 0x00001000-0x23fffffff]
Jul 05 03:09:07 localhost kernel: On node 0 totalpages: 2097038
Jul 05 03:09:07 localhost kernel:   DMA zone: 64 pages used for memmap
Jul 05 03:09:07 localhost kernel:   DMA zone: 21 pages reserved
Jul 05 03:09:07 localhost kernel:   DMA zone: 3998 pages, LIFO batch:0
Jul 05 03:09:07 localhost kernel:   DMA32 zone: 12224 pages used for memmap
Jul 05 03:09:07 localhost kernel:   DMA32 zone: 782320 pages, LIFO batch:31
Jul 05 03:09:07 localhost kernel:   Normal zone: 20480 pages used for memmap
Jul 05 03:09:07 localhost kernel:   Normal zone: 1310720 pages, LIFO batch:31
Jul 05 03:09:07 localhost kernel: ACPI: PM-Timer IO Port: 0x1008
Jul 05 03:09:07 localhost kernel: ACPI: Local APIC address 0xfee00000
Jul 05 03:09:07 localhost kernel: ACPI: LAPIC (acpi_id[0x00] lapic_id[0x00] enabled)
Jul 05 03:09:07 localhost kernel: ACPI: LAPIC (acpi_id[0x01] lapic_id[0x02] enabled)
Jul 05 03:09:07 localhost kernel: ACPI: LAPIC_NMI (acpi_id[0x00] high edge lint[0x1])
Jul 05 03:09:07 localhost kernel: ACPI: LAPIC_NMI (acpi_id[0x01] high edge lint[0x1])
Jul 05 03:09:07 localhost kernel: ACPI: IOAPIC (id[0x01] address[0xfec00000] gsi_base[0])
Jul 05 03:09:07 localhost kernel: IOAPIC[0]: apic_id 1, version 17, address 0xfec00000, GSI 0-23
Jul 05 03:09:07 localhost kernel: ACPI: INT_SRC_OVR (bus 0 bus_irq 0 global_irq 2 high edge)
Jul 05 03:09:07 localhost kernel: ACPI: IRQ0 used by override.
Jul 05 03:09:07 localhost kernel: ACPI: IRQ9 used by override.
Jul 05 03:09:07 localhost kernel: Using ACPI (MADT) for SMP configuration information
Jul 05 03:09:07 localhost kernel: ACPI: HPET id: 0x8086af01 base: 0xfed00000
Jul 05 03:09:07 localhost kernel: smpboot: Allowing 2 CPUs, 0 hotplug CPUs
Jul 05 03:09:07 localhost kernel: PM: Registered nosave memory: [mem 0x0009f000-0x0009ffff]
Jul 05 03:09:07 localhost kernel: PM: Registered nosave memory: [mem 0x000a0000-0x000dbfff]
Jul 05 03:09:07 localhost kernel: PM: Registered nosave memory: [mem 0x000dc000-0x000fffff]
Jul 05 03:09:07 localhost kernel: PM: Registered nosave memory: [mem 0xbfef0000-0xbfefefff]
Jul 05 03:09:07 localhost kernel: PM: Registered nosave memory: [mem 0xbfeff000-0xbfefffff]
Jul 05 03:09:07 localhost kernel: PM: Registered nosave memory: [mem 0xc0000000-0xefffffff]
Jul 05 03:09:07 localhost kernel: PM: Registered nosave memory: [mem 0xf0000000-0xf7ffffff]
Jul 05 03:09:07 localhost kernel: PM: Registered nosave memory: [mem 0xf8000000-0xfebfffff]
Jul 05 03:09:07 localhost kernel: PM: Registered nosave memory: [mem 0xfec00000-0xfec0ffff]
Jul 05 03:09:07 localhost kernel: PM: Registered nosave memory: [mem 0xfec10000-0xfedfffff]
Jul 05 03:09:07 localhost kernel: PM: Registered nosave memory: [mem 0xfee00000-0xfee00fff]
Jul 05 03:09:07 localhost kernel: PM: Registered nosave memory: [mem 0xfee01000-0xfffdffff]
Jul 05 03:09:07 localhost kernel: PM: Registered nosave memory: [mem 0xfffe0000-0xffffffff]
Jul 05 03:09:07 localhost kernel: e820: [mem 0xc0000000-0xefffffff] available for PCI devices
Jul 05 03:09:07 localhost kernel: Booting paravirtualized kernel on bare hardware
Jul 05 03:09:07 localhost kernel: setup_percpu: NR_CPUS:5120 nr_cpumask_bits:2 nr_cpu_ids:2 nr_node_ids:1
Jul 05 03:09:07 localhost kernel: PERCPU: Embedded 33 pages/cpu @ffff88023fc00000 s97048 r8192 d29928 u1048576
Jul 05 03:09:07 localhost kernel: pcpu-alloc: s97048 r8192 d29928 u1048576 alloc=1*2097152
Jul 05 03:09:07 localhost kernel: pcpu-alloc: [0] 0 1 
Jul 05 03:09:07 localhost kernel: Built 1 zonelists in Zone order, mobility grouping on.  Total pages: 2064249
Jul 05 03:09:07 localhost kernel: Policy zone: Normal
Jul 05 03:09:07 localhost kernel: Kernel command line: initrd=initrd.img inst.stage2=hd:LABEL=CentOS\x207\x20x86_64 quiet BOOT_IMAGE=vmlinuz 
Jul 05 03:09:07 localhost kernel: PID hash table entries: 4096 (order: 3, 32768 bytes)
Jul 05 03:09:07 localhost kernel: x86/fpu: xstate_offset[2]: 0240, xstate_sizes[2]: 0100
Jul 05 03:09:07 localhost kernel: xsave: enabled xstate_bv 0x7, cntxt size 0x340 using standard form
Jul 05 03:09:07 localhost kernel: Memory: 5113132k/9437184k available (6886k kernel code, 1049032k absent, 261532k reserved, 4545k data, 1764k init)
Jul 05 03:09:07 localhost kernel: SLUB: HWalign=64, Order=0-3, MinObjects=0, CPUs=2, Nodes=1
Jul 05 03:09:07 localhost kernel: Hierarchical RCU implementation.
Jul 05 03:09:07 localhost kernel:         RCU restricting CPUs from NR_CPUS=5120 to nr_cpu_ids=2.
Jul 05 03:09:07 localhost kernel: NR_IRQS:327936 nr_irqs:440 0
Jul 05 03:09:07 localhost kernel: Console: colour VGA+ 80x25
Jul 05 03:09:07 localhost kernel: console [tty0] enabled
Jul 05 03:09:07 localhost kernel: allocated 33554432 bytes of page_cgroup
Jul 05 03:09:07 localhost kernel: please try 'cgroup_disable=memory' option if you don't want memory cgroups
Jul 05 03:09:07 localhost kernel: hpet clockevent registered
Jul 05 03:09:07 localhost kernel: tsc: Fast TSC calibration using PIT
Jul 05 03:09:07 localhost kernel: TSC freq read from hypervisor : 2596.992 MHz
Jul 05 03:09:07 localhost kernel: tsc: Detected 2596.662 MHz processor
Jul 05 03:09:07 localhost kernel: Calibrating delay loop (skipped) preset value.. 5193.98 BogoMIPS (lpj=2596992)
Jul 05 03:09:07 localhost kernel: pid_max: default: 32768 minimum: 301
Jul 05 03:09:07 localhost kernel: Security Framework initialized
Jul 05 03:09:07 localhost kernel: SELinux:  Initializing.
Jul 05 03:09:07 localhost kernel: SELinux:  Starting in permissive mode
Jul 05 03:09:07 localhost kernel: Yama: becoming mindful.
Jul 05 03:09:07 localhost kernel: Dentry cache hash table entries: 1048576 (order: 11, 8388608 bytes)
Jul 05 03:09:07 localhost kernel: Inode-cache hash table entries: 524288 (order: 10, 4194304 bytes)
Jul 05 03:09:07 localhost kernel: Mount-cache hash table entries: 16384 (order: 5, 131072 bytes)
Jul 05 03:09:07 localhost kernel: Mountpoint-cache hash table entries: 16384 (order: 5, 131072 bytes)
Jul 05 03:09:07 localhost kernel: Initializing cgroup subsys memory
Jul 05 03:09:07 localhost kernel: Initializing cgroup subsys devices
Jul 05 03:09:07 localhost kernel: Initializing cgroup subsys freezer
Jul 05 03:09:07 localhost kernel: Initializing cgroup subsys net_cls
Jul 05 03:09:07 localhost kernel: Initializing cgroup subsys blkio
Jul 05 03:09:07 localhost kernel: Initializing cgroup subsys perf_event
Jul 05 03:09:07 localhost kernel: Initializing cgroup subsys hugetlb
Jul 05 03:09:07 localhost kernel: Initializing cgroup subsys pids
Jul 05 03:09:07 localhost kernel: Initializing cgroup subsys net_prio
Jul 05 03:09:07 localhost kernel: Disabled fast string operations
Jul 05 03:09:07 localhost kernel: CPU: Physical Processor ID: 0
Jul 05 03:09:07 localhost kernel: ENERGY_PERF_BIAS: Set to 'normal', was 'performance'
Jul 05 03:09:07 localhost kernel: ENERGY_PERF_BIAS: View and update with x86_energy_perf_policy(8)
Jul 05 03:09:07 localhost kernel: mce: CPU supports 0 MCE banks
Jul 05 03:09:07 localhost kernel: Last level iTLB entries: 4KB 0, 2MB 0, 4MB 0
Jul 05 03:09:07 localhost kernel: Last level dTLB entries: 4KB 64, 2MB 0, 4MB 0
Jul 05 03:09:07 localhost kernel: tlb_flushall_shift: 6
Jul 05 03:09:07 localhost kernel: Freeing SMP alternatives: 24k freed
Jul 05 03:09:07 localhost kernel: ACPI: Core revision 20130517
Jul 05 03:09:07 localhost kernel: ACPI: All ACPI Tables successfully acquired
Jul 05 03:09:07 localhost kernel: ftrace: allocating 26584 entries in 104 pages
Jul 05 03:09:07 localhost kernel: smpboot: Max logical packages: 2
Jul 05 03:09:07 localhost kernel: Enabling x2apic
Jul 05 03:09:07 localhost kernel: Enabled x2apic
Jul 05 03:09:07 localhost kernel: Switched APIC routing to physical x2apic.
Jul 05 03:09:07 localhost kernel: ..TIMER: vector=0x30 apic1=0 pin1=2 apic2=-1 pin2=-1
Jul 05 03:09:07 localhost kernel: smpboot: CPU0: Intel(R) Xeon(R) CPU E5-2660 v3 @ 2.60GHz (fam: 06, model: 3f, stepping: 02)
Jul 05 03:09:07 localhost kernel: TSC deadline timer enabled
Jul 05 03:09:07 localhost kernel: Performance Events: 16-deep LBR, Haswell events, core PMU driver.
Jul 05 03:09:07 localhost kernel: core: CPUID marked event: 'cpu cycles' unavailable
Jul 05 03:09:07 localhost kernel: core: CPUID marked event: 'instructions' unavailable
Jul 05 03:09:07 localhost kernel: core: CPUID marked event: 'bus cycles' unavailable
Jul 05 03:09:07 localhost kernel: core: CPUID marked event: 'cache references' unavailable
Jul 05 03:09:07 localhost kernel: core: CPUID marked event: 'cache misses' unavailable
Jul 05 03:09:07 localhost kernel: core: CPUID marked event: 'branch instructions' unavailable
Jul 05 03:09:07 localhost kernel: core: CPUID marked event: 'branch misses' unavailable
Jul 05 03:09:07 localhost kernel: ... version:                1
Jul 05 03:09:07 localhost kernel: ... bit width:              48
Jul 05 03:09:07 localhost kernel: ... generic registers:      4
Jul 05 03:09:07 localhost kernel: ... value mask:             0000ffffffffffff
Jul 05 03:09:07 localhost kernel: ... max period:             000000007fffffff
Jul 05 03:09:07 localhost kernel: ... fixed-purpose events:   0
Jul 05 03:09:07 localhost kernel: ... event mask:             000000000000000f
Jul 05 03:09:07 localhost kernel: NMI watchdog: disabled (cpu0): hardware events not enabled
Jul 05 03:09:07 localhost kernel: NMI watchdog: Shutting down hard lockup detector on all cpus
Jul 05 03:09:07 localhost kernel: smpboot: Booting Node   0, Processors  #1 OK
Jul 05 03:09:07 localhost kernel: Disabled fast string operations
Jul 05 03:09:07 localhost kernel: mce: CPU supports 0 MCE banks
Jul 05 03:09:07 localhost kernel: smpboot: CPU 1 Converting physical 2 to logical package 1
Jul 05 03:09:07 localhost kernel: Skipped synchronization checks as TSC is reliable.
Jul 05 03:09:07 localhost kernel: Brought up 2 CPUs
Jul 05 03:09:07 localhost kernel: smpboot: Total of 2 processors activated (10387.96 BogoMIPS)
Jul 05 03:09:07 localhost kernel: node 0 initialised, 753372 pages in 30ms
Jul 05 03:09:07 localhost kernel: devtmpfs: initialized
Jul 05 03:09:07 localhost kernel: EVM: security.selinux
Jul 05 03:09:07 localhost kernel: EVM: security.ima
Jul 05 03:09:07 localhost kernel: EVM: security.capability
Jul 05 03:09:07 localhost kernel: PM: Registering ACPI NVS region [mem 0xbfeff000-0xbfefffff] (4096 bytes)
Jul 05 03:09:07 localhost kernel: atomic64 test passed for x86-64 platform with CX8 and with SSE
Jul 05 03:09:07 localhost kernel: pinctrl core: initialized pinctrl subsystem
Jul 05 03:09:07 localhost kernel: RTC time:  3:09:03, date: 07/05/20
Jul 05 03:09:07 localhost kernel: NET: Registered protocol family 16
Jul 05 03:09:07 localhost kernel: ACPI: bus type PCI registered
Jul 05 03:09:07 localhost kernel: acpiphp: ACPI Hot Plug PCI Controller Driver version: 0.5
Jul 05 03:09:07 localhost kernel: PCI: MMCONFIG for domain 0000 [bus 00-7f] at [mem 0xf0000000-0xf7ffffff] (base 0xf0000000)
Jul 05 03:09:07 localhost kernel: PCI: MMCONFIG at [mem 0xf0000000-0xf7ffffff] reserved in E820
Jul 05 03:09:07 localhost kernel: pmd_set_huge: Cannot satisfy [mem 0xf0000000-0xf0200000] with a huge-page mapping due to MTRR override.
Jul 05 03:09:07 localhost kernel: PCI: Using configuration type 1 for base access
Jul 05 03:09:07 localhost kernel: core: PMU erratum BJ122, BV98, HSD29 workaround disabled, HT off
Jul 05 03:09:07 localhost kernel: ACPI: Added _OSI(Module Device)
Jul 05 03:09:07 localhost kernel: ACPI: Added _OSI(Processor Device)
Jul 05 03:09:07 localhost kernel: ACPI: Added _OSI(3.0 _SCP Extensions)
Jul 05 03:09:07 localhost kernel: ACPI: Added _OSI(Processor Aggregator Device)
Jul 05 03:09:07 localhost kernel: ACPI: EC: Look up EC in DSDT
Jul 05 03:09:07 localhost kernel: [Firmware Bug]: ACPI: BIOS _OSI(Linux) query ignored
Jul 05 03:09:07 localhost kernel: ACPI: Interpreter enabled
Jul 05 03:09:07 localhost kernel: ACPI: (supports S0 S1 S4 S5)
Jul 05 03:09:07 localhost kernel: ACPI: Using IOAPIC for interrupt routing
Jul 05 03:09:07 localhost kernel: PCI: Using host bridge windows from ACPI; if necessary, use "pci=nocrs" and report a bug
Jul 05 03:09:07 localhost kernel: ACPI: PCI Root Bridge [PCI0] (domain 0000 [bus 00-7f])
Jul 05 03:09:07 localhost kernel: acpi PNP0A03:00: _OSC: OS supports [ExtendedConfig ASPM ClockPM Segments MSI]
Jul 05 03:09:07 localhost kernel: acpi PNP0A03:00: _OSC: platform does not support [AER]
Jul 05 03:09:07 localhost kernel: acpi PNP0A03:00: _OSC: OS now controls [PCIeHotplug PME PCIeCapability]
Jul 05 03:09:07 localhost kernel: PCI host bridge to bus 0000:00
Jul 05 03:09:07 localhost kernel: pci_bus 0000:00: root bus resource [bus 00-7f]
Jul 05 03:09:07 localhost kernel: pci_bus 0000:00: root bus resource [mem 0x000a0000-0x000bffff window]
Jul 05 03:09:07 localhost kernel: pci_bus 0000:00: root bus resource [mem 0x000cc000-0x000cffff window]
Jul 05 03:09:07 localhost kernel: pci_bus 0000:00: root bus resource [mem 0x000d0000-0x000d3fff window]
Jul 05 03:09:07 localhost kernel: pci_bus 0000:00: root bus resource [mem 0x000d4000-0x000d7fff window]
Jul 05 03:09:07 localhost kernel: pci_bus 0000:00: root bus resource [mem 0x000d8000-0x000dbfff window]
Jul 05 03:09:07 localhost kernel: pci_bus 0000:00: root bus resource [mem 0xc0000000-0xfebfffff window]
Jul 05 03:09:07 localhost kernel: pci_bus 0000:00: root bus resource [io  0x0000-0x0cf7 window]
Jul 05 03:09:07 localhost kernel: pci_bus 0000:00: root bus resource [io  0x0d00-0xfeff window]
Jul 05 03:09:07 localhost kernel: pci 0000:00:00.0: [8086:7190] type 00 class 0x060000
Jul 05 03:09:07 localhost kernel: pci 0000:00:01.0: [8086:7191] type 01 class 0x060400
Jul 05 03:09:07 localhost kernel: pci 0000:00:07.0: [8086:7110] type 00 class 0x060100
Jul 05 03:09:07 localhost kernel: pci 0000:00:07.1: [8086:7111] type 00 class 0x01018a
Jul 05 03:09:07 localhost kernel: pci 0000:00:07.1: reg 0x20: [io  0x1060-0x106f]
Jul 05 03:09:07 localhost kernel: pci 0000:00:07.1: legacy IDE quirk: reg 0x10: [io  0x01f0-0x01f7]
Jul 05 03:09:07 localhost kernel: pci 0000:00:07.1: legacy IDE quirk: reg 0x14: [io  0x03f6]
Jul 05 03:09:07 localhost kernel: pci 0000:00:07.1: legacy IDE quirk: reg 0x18: [io  0x0170-0x0177]
Jul 05 03:09:07 localhost kernel: pci 0000:00:07.1: legacy IDE quirk: reg 0x1c: [io  0x0376]
Jul 05 03:09:07 localhost kernel: pci 0000:00:07.3: [8086:7113] type 00 class 0x068000
Jul 05 03:09:07 localhost kernel: pci 0000:00:07.3: quirk: [io  0x1000-0x103f] claimed by PIIX4 ACPI
Jul 05 03:09:07 localhost kernel: pci 0000:00:07.3: quirk: [io  0x1040-0x104f] claimed by PIIX4 SMB
Jul 05 03:09:07 localhost kernel: pci 0000:00:07.7: [15ad:0740] type 00 class 0x088000
Jul 05 03:09:07 localhost kernel: pci 0000:00:07.7: reg 0x10: [io  0x1080-0x10bf]
Jul 05 03:09:07 localhost kernel: pci 0000:00:07.7: reg 0x14: [mem 0xfebfe000-0xfebfffff 64bit]
Jul 05 03:09:07 localhost kernel: pci 0000:00:0f.0: [15ad:0405] type 00 class 0x030000
Jul 05 03:09:07 localhost kernel: pci 0000:00:0f.0: reg 0x10: [io  0x1070-0x107f]
Jul 05 03:09:07 localhost kernel: pci 0000:00:0f.0: reg 0x14: [mem 0xe8000000-0xefffffff pref]
Jul 05 03:09:07 localhost kernel: pci 0000:00:0f.0: reg 0x18: [mem 0xfe000000-0xfe7fffff]
Jul 05 03:09:07 localhost kernel: pci 0000:00:0f.0: reg 0x30: [mem 0x00000000-0x00007fff pref]
Jul 05 03:09:07 localhost kernel: pci 0000:00:11.0: [15ad:0790] type 01 class 0x060401
Jul 05 03:09:07 localhost kernel: pci 0000:00:11.0: System wakeup disabled by ACPI
Jul 05 03:09:07 localhost kernel: pci 0000:00:15.0: [15ad:07a0] type 01 class 0x060400
Jul 05 03:09:07 localhost kernel: pci 0000:00:15.0: PME# supported from D0 D3hot D3cold
Jul 05 03:09:07 localhost kernel: pci 0000:00:15.0: System wakeup disabled by ACPI
Jul 05 03:09:07 localhost kernel: pci 0000:00:15.1: [15ad:07a0] type 01 class 0x060400
Jul 05 03:09:07 localhost kernel: pci 0000:00:15.1: PME# supported from D0 D3hot D3cold
Jul 05 03:09:07 localhost kernel: pci 0000:00:15.1: System wakeup disabled by ACPI
Jul 05 03:09:07 localhost kernel: pci 0000:00:15.2: [15ad:07a0] type 01 class 0x060400
Jul 05 03:09:07 localhost kernel: pci 0000:00:15.2: PME# supported from D0 D3hot D3cold
Jul 05 03:09:07 localhost kernel: pci 0000:00:15.2: System wakeup disabled by ACPI
Jul 05 03:09:07 localhost kernel: pci 0000:00:15.3: [15ad:07a0] type 01 class 0x060400
Jul 05 03:09:07 localhost kernel: pci 0000:00:15.3: PME# supported from D0 D3hot D3cold
Jul 05 03:09:07 localhost kernel: pci 0000:00:15.3: System wakeup disabled by ACPI
Jul 05 03:09:07 localhost kernel: pci 0000:00:15.4: [15ad:07a0] type 01 class 0x060400
Jul 05 03:09:07 localhost kernel: pci 0000:00:15.4: PME# supported from D0 D3hot D3cold
Jul 05 03:09:07 localhost kernel: pci 0000:00:15.4: System wakeup disabled by ACPI
Jul 05 03:09:07 localhost kernel: pci 0000:00:15.5: [15ad:07a0] type 01 class 0x060400
Jul 05 03:09:07 localhost kernel: pci 0000:00:15.5: PME# supported from D0 D3hot D3cold
Jul 05 03:09:07 localhost kernel: pci 0000:00:15.5: System wakeup disabled by ACPI
Jul 05 03:09:07 localhost kernel: pci 0000:00:15.6: [15ad:07a0] type 01 class 0x060400
Jul 05 03:09:07 localhost kernel: pci 0000:00:15.6: PME# supported from D0 D3hot D3cold
Jul 05 03:09:07 localhost kernel: pci 0000:00:15.6: System wakeup disabled by ACPI
Jul 05 03:09:07 localhost kernel: pci 0000:00:15.7: [15ad:07a0] type 01 class 0x060400
Jul 05 03:09:07 localhost kernel: pci 0000:00:15.7: PME# supported from D0 D3hot D3cold
Jul 05 03:09:07 localhost kernel: pci 0000:00:15.7: System wakeup disabled by ACPI
Jul 05 03:09:07 localhost kernel: pci 0000:00:16.0: [15ad:07a0] type 01 class 0x060400
Jul 05 03:09:07 localhost kernel: pci 0000:00:16.0: PME# supported from D0 D3hot D3cold
Jul 05 03:09:07 localhost kernel: pci 0000:00:16.0: System wakeup disabled by ACPI
Jul 05 03:09:07 localhost kernel: pci 0000:00:16.1: [15ad:07a0] type 01 class 0x060400
Jul 05 03:09:07 localhost kernel: pci 0000:00:16.1: PME# supported from D0 D3hot D3cold
Jul 05 03:09:07 localhost kernel: pci 0000:00:16.1: System wakeup disabled by ACPI
Jul 05 03:09:07 localhost kernel: pci 0000:00:16.2: [15ad:07a0] type 01 class 0x060400
Jul 05 03:09:07 localhost kernel: pci 0000:00:16.2: PME# supported from D0 D3hot D3cold
Jul 05 03:09:07 localhost kernel: pci 0000:00:16.2: System wakeup disabled by ACPI
Jul 05 03:09:07 localhost kernel: pci 0000:00:16.3: [15ad:07a0] type 01 class 0x060400
Jul 05 03:09:07 localhost kernel: pci 0000:00:16.3: PME# supported from D0 D3hot D3cold
Jul 05 03:09:07 localhost kernel: pci 0000:00:16.3: System wakeup disabled by ACPI
Jul 05 03:09:07 localhost kernel: pci 0000:00:16.4: [15ad:07a0] type 01 class 0x060400
Jul 05 03:09:07 localhost kernel: pci 0000:00:16.4: PME# supported from D0 D3hot D3cold
Jul 05 03:09:07 localhost kernel: pci 0000:00:16.4: System wakeup disabled by ACPI
Jul 05 03:09:07 localhost kernel: pci 0000:00:16.5: [15ad:07a0] type 01 class 0x060400
Jul 05 03:09:07 localhost kernel: pci 0000:00:16.5: PME# supported from D0 D3hot D3cold
Jul 05 03:09:07 localhost kernel: pci 0000:00:16.5: System wakeup disabled by ACPI
Jul 05 03:09:07 localhost kernel: pci 0000:00:16.6: [15ad:07a0] type 01 class 0x060400
Jul 05 03:09:07 localhost kernel: pci 0000:00:16.6: PME# supported from D0 D3hot D3cold
Jul 05 03:09:07 localhost kernel: pci 0000:00:16.6: System wakeup disabled by ACPI
Jul 05 03:09:07 localhost kernel: pci 0000:00:16.7: [15ad:07a0] type 01 class 0x060400
Jul 05 03:09:07 localhost kernel: pci 0000:00:16.7: PME# supported from D0 D3hot D3cold
Jul 05 03:09:07 localhost kernel: pci 0000:00:16.7: System wakeup disabled by ACPI
Jul 05 03:09:07 localhost kernel: pci 0000:00:17.0: [15ad:07a0] type 01 class 0x060400
Jul 05 03:09:07 localhost kernel: pci 0000:00:17.0: PME# supported from D0 D3hot D3cold
Jul 05 03:09:07 localhost kernel: pci 0000:00:17.0: System wakeup disabled by ACPI
Jul 05 03:09:07 localhost kernel: pci 0000:00:17.1: [15ad:07a0] type 01 class 0x060400
Jul 05 03:09:07 localhost kernel: pci 0000:00:17.1: PME# supported from D0 D3hot D3cold
Jul 05 03:09:07 localhost kernel: pci 0000:00:17.1: System wakeup disabled by ACPI
Jul 05 03:09:07 localhost kernel: pci 0000:00:17.2: [15ad:07a0] type 01 class 0x060400
Jul 05 03:09:07 localhost kernel: pci 0000:00:17.2: PME# supported from D0 D3hot D3cold
Jul 05 03:09:07 localhost kernel: pci 0000:00:17.2: System wakeup disabled by ACPI
Jul 05 03:09:07 localhost kernel: pci 0000:00:17.3: [15ad:07a0] type 01 class 0x060400
Jul 05 03:09:07 localhost kernel: pci 0000:00:17.3: PME# supported from D0 D3hot D3cold
Jul 05 03:09:07 localhost kernel: pci 0000:00:17.3: System wakeup disabled by ACPI
Jul 05 03:09:07 localhost kernel: pci 0000:00:17.4: [15ad:07a0] type 01 class 0x060400
Jul 05 03:09:07 localhost kernel: pci 0000:00:17.4: PME# supported from D0 D3hot D3cold
Jul 05 03:09:07 localhost kernel: pci 0000:00:17.4: System wakeup disabled by ACPI
Jul 05 03:09:07 localhost kernel: pci 0000:00:17.5: [15ad:07a0] type 01 class 0x060400
Jul 05 03:09:07 localhost kernel: pci 0000:00:17.5: PME# supported from D0 D3hot D3cold
Jul 05 03:09:07 localhost kernel: pci 0000:00:17.5: System wakeup disabled by ACPI
Jul 05 03:09:07 localhost kernel: pci 0000:00:17.6: [15ad:07a0] type 01 class 0x060400
Jul 05 03:09:07 localhost kernel: pci 0000:00:17.6: PME# supported from D0 D3hot D3cold
Jul 05 03:09:07 localhost kernel: pci 0000:00:17.6: System wakeup disabled by ACPI
Jul 05 03:09:07 localhost kernel: pci 0000:00:17.7: [15ad:07a0] type 01 class 0x060400
Jul 05 03:09:07 localhost kernel: pci 0000:00:17.7: PME# supported from D0 D3hot D3cold
Jul 05 03:09:07 localhost kernel: pci 0000:00:17.7: System wakeup disabled by ACPI
Jul 05 03:09:07 localhost kernel: pci 0000:00:18.0: [15ad:07a0] type 01 class 0x060400
Jul 05 03:09:07 localhost kernel: pci 0000:00:18.0: PME# supported from D0 D3hot D3cold
Jul 05 03:09:07 localhost kernel: pci 0000:00:18.0: System wakeup disabled by ACPI
Jul 05 03:09:07 localhost kernel: pci 0000:00:18.1: [15ad:07a0] type 01 class 0x060400
Jul 05 03:09:07 localhost kernel: pci 0000:00:18.1: PME# supported from D0 D3hot D3cold
Jul 05 03:09:07 localhost kernel: pci 0000:00:18.1: System wakeup disabled by ACPI
Jul 05 03:09:07 localhost kernel: pci 0000:00:18.2: [15ad:07a0] type 01 class 0x060400
Jul 05 03:09:07 localhost kernel: pci 0000:00:18.2: PME# supported from D0 D3hot D3cold
Jul 05 03:09:07 localhost kernel: pci 0000:00:18.2: System wakeup disabled by ACPI
Jul 05 03:09:07 localhost kernel: pci 0000:00:18.3: [15ad:07a0] type 01 class 0x060400
Jul 05 03:09:07 localhost kernel: pci 0000:00:18.3: PME# supported from D0 D3hot D3cold
Jul 05 03:09:07 localhost kernel: pci 0000:00:18.3: System wakeup disabled by ACPI
Jul 05 03:09:07 localhost kernel: pci 0000:00:18.4: [15ad:07a0] type 01 class 0x060400
Jul 05 03:09:07 localhost kernel: pci 0000:00:18.4: PME# supported from D0 D3hot D3cold
Jul 05 03:09:07 localhost kernel: pci 0000:00:18.4: System wakeup disabled by ACPI
Jul 05 03:09:07 localhost kernel: pci 0000:00:18.5: [15ad:07a0] type 01 class 0x060400
Jul 05 03:09:07 localhost kernel: pci 0000:00:18.5: PME# supported from D0 D3hot D3cold
Jul 05 03:09:07 localhost kernel: pci 0000:00:18.5: System wakeup disabled by ACPI
Jul 05 03:09:07 localhost kernel: pci 0000:00:18.6: [15ad:07a0] type 01 class 0x060400
Jul 05 03:09:07 localhost kernel: pci 0000:00:18.6: PME# supported from D0 D3hot D3cold
Jul 05 03:09:07 localhost kernel: pci 0000:00:18.6: System wakeup disabled by ACPI
Jul 05 03:09:07 localhost kernel: pci 0000:00:18.7: [15ad:07a0] type 01 class 0x060400
Jul 05 03:09:07 localhost kernel: pci 0000:00:18.7: PME# supported from D0 D3hot D3cold
Jul 05 03:09:07 localhost kernel: pci 0000:00:18.7: System wakeup disabled by ACPI
Jul 05 03:09:07 localhost kernel: pci 0000:00:01.0: PCI bridge to [bus 01]
Jul 05 03:09:07 localhost kernel: acpiphp: Slot [32] registered
Jul 05 03:09:07 localhost kernel: acpiphp: Slot [33] registered
Jul 05 03:09:07 localhost kernel: acpiphp: Slot [34] registered
Jul 05 03:09:07 localhost kernel: acpiphp: Slot [35] registered
Jul 05 03:09:07 localhost kernel: acpiphp: Slot [36] registered
Jul 05 03:09:07 localhost kernel: acpiphp: Slot [37] registered
Jul 05 03:09:07 localhost kernel: acpiphp: Slot [38] registered
Jul 05 03:09:07 localhost kernel: acpiphp: Slot [39] registered
Jul 05 03:09:07 localhost kernel: acpiphp: Slot [40] registered
Jul 05 03:09:07 localhost kernel: acpiphp: Slot [41] registered
Jul 05 03:09:07 localhost kernel: acpiphp: Slot [42] registered
Jul 05 03:09:07 localhost kernel: acpiphp: Slot [43] registered
Jul 05 03:09:07 localhost kernel: acpiphp: Slot [44] registered
Jul 05 03:09:07 localhost kernel: acpiphp: Slot [45] registered
Jul 05 03:09:07 localhost kernel: acpiphp: Slot [46] registered
Jul 05 03:09:07 localhost kernel: acpiphp: Slot [47] registered
Jul 05 03:09:07 localhost kernel: acpiphp: Slot [48] registered
Jul 05 03:09:07 localhost kernel: acpiphp: Slot [49] registered
Jul 05 03:09:07 localhost kernel: acpiphp: Slot [50] registered
Jul 05 03:09:07 localhost kernel: acpiphp: Slot [51] registered
Jul 05 03:09:07 localhost kernel: acpiphp: Slot [52] registered
Jul 05 03:09:07 localhost kernel: acpiphp: Slot [53] registered
Jul 05 03:09:07 localhost kernel: acpiphp: Slot [54] registered
Jul 05 03:09:07 localhost kernel: acpiphp: Slot [55] registered
Jul 05 03:09:07 localhost kernel: acpiphp: Slot [56] registered
Jul 05 03:09:07 localhost kernel: acpiphp: Slot [57] registered
Jul 05 03:09:07 localhost kernel: acpiphp: Slot [58] registered
Jul 05 03:09:07 localhost kernel: acpiphp: Slot [59] registered
Jul 05 03:09:07 localhost kernel: acpiphp: Slot [60] registered
Jul 05 03:09:07 localhost kernel: acpiphp: Slot [61] registered
Jul 05 03:09:07 localhost kernel: acpiphp: Slot [62] registered
Jul 05 03:09:07 localhost kernel: acpiphp: Slot [63] registered
Jul 05 03:09:07 localhost kernel: pci 0000:00:11.0: PCI bridge to [bus 02] (subtractive decode)
Jul 05 03:09:07 localhost kernel: pci 0000:00:11.0:   bridge window [io  0x2000-0x3fff]
Jul 05 03:09:07 localhost kernel: pci 0000:00:11.0:   bridge window [mem 0xfd600000-0xfdffffff]
Jul 05 03:09:07 localhost kernel: pci 0000:00:11.0:   bridge window [mem 0xe7b00000-0xe7ffffff 64bit pref]
Jul 05 03:09:07 localhost kernel: pci 0000:00:11.0:   bridge window [mem 0x000a0000-0x000bffff window] (subtractive decode)
Jul 05 03:09:07 localhost kernel: pci 0000:00:11.0:   bridge window [mem 0x000cc000-0x000cffff window] (subtractive decode)
Jul 05 03:09:07 localhost kernel: pci 0000:00:11.0:   bridge window [mem 0x000d0000-0x000d3fff window] (subtractive decode)
Jul 05 03:09:07 localhost kernel: pci 0000:00:11.0:   bridge window [mem 0x000d4000-0x000d7fff window] (subtractive decode)
Jul 05 03:09:07 localhost kernel: pci 0000:00:11.0:   bridge window [mem 0x000d8000-0x000dbfff window] (subtractive decode)
Jul 05 03:09:07 localhost kernel: pci 0000:00:11.0:   bridge window [mem 0xc0000000-0xfebfffff window] (subtractive decode)
Jul 05 03:09:07 localhost kernel: pci 0000:00:11.0:   bridge window [io  0x0000-0x0cf7 window] (subtractive decode)
Jul 05 03:09:07 localhost kernel: pci 0000:00:11.0:   bridge window [io  0x0d00-0xfeff window] (subtractive decode)
Jul 05 03:09:07 localhost kernel: pci 0000:03:00.0: [15ad:07c0] type 00 class 0x010700
Jul 05 03:09:07 localhost kernel: pci 0000:03:00.0: reg 0x10: [io  0x4000-0x4007]
Jul 05 03:09:07 localhost kernel: pci 0000:03:00.0: reg 0x14: [mem 0xfd5f8000-0xfd5fffff 64bit]
Jul 05 03:09:07 localhost kernel: pci 0000:03:00.0: reg 0x30: [mem 0x00000000-0x0000ffff pref]
Jul 05 03:09:07 localhost kernel: pci 0000:03:00.0: PME# supported from D0 D3hot D3cold
Jul 05 03:09:07 localhost kernel: pci 0000:03:00.0: System wakeup disabled by ACPI
Jul 05 03:09:07 localhost kernel: pci 0000:03:00.0: disabling ASPM on pre-1.1 PCIe device.  You can enable it with 'pcie_aspm=force'
Jul 05 03:09:07 localhost kernel: pci 0000:00:15.0: PCI bridge to [bus 03]
Jul 05 03:09:07 localhost kernel: pci 0000:00:15.0:   bridge window [io  0x4000-0x4fff]
Jul 05 03:09:07 localhost kernel: pci 0000:00:15.0:   bridge window [mem 0xfd500000-0xfd5fffff]
Jul 05 03:09:07 localhost kernel: pci 0000:00:15.1: PCI bridge to [bus 04]
Jul 05 03:09:07 localhost kernel: pci 0000:00:15.1:   bridge window [io  0x8000-0x8fff]
Jul 05 03:09:07 localhost kernel: pci 0000:00:15.1:   bridge window [mem 0xfd100000-0xfd1fffff]
Jul 05 03:09:07 localhost kernel: pci 0000:00:15.1:   bridge window [mem 0xe7800000-0xe78fffff 64bit pref]
Jul 05 03:09:07 localhost kernel: pci 0000:00:15.2: PCI bridge to [bus 05]
Jul 05 03:09:07 localhost kernel: pci 0000:00:15.2:   bridge window [io  0xc000-0xcfff]
Jul 05 03:09:07 localhost kernel: pci 0000:00:15.2:   bridge window [mem 0xfcd00000-0xfcdfffff]
Jul 05 03:09:07 localhost kernel: pci 0000:00:15.2:   bridge window [mem 0xe7400000-0xe74fffff 64bit pref]
Jul 05 03:09:07 localhost kernel: pci 0000:00:15.3: PCI bridge to [bus 06]
Jul 05 03:09:07 localhost kernel: pci 0000:00:15.3:   bridge window [mem 0xfc900000-0xfc9fffff]
Jul 05 03:09:07 localhost kernel: pci 0000:00:15.3:   bridge window [mem 0xe7000000-0xe70fffff 64bit pref]
Jul 05 03:09:07 localhost kernel: pci 0000:00:15.4: PCI bridge to [bus 07]
Jul 05 03:09:07 localhost kernel: pci 0000:00:15.4:   bridge window [mem 0xfc500000-0xfc5fffff]
Jul 05 03:09:07 localhost kernel: pci 0000:00:15.4:   bridge window [mem 0xe6c00000-0xe6cfffff 64bit pref]
Jul 05 03:09:07 localhost kernel: pci 0000:00:15.5: PCI bridge to [bus 08]
Jul 05 03:09:07 localhost kernel: pci 0000:00:15.5:   bridge window [mem 0xfc100000-0xfc1fffff]
Jul 05 03:09:07 localhost kernel: pci 0000:00:15.5:   bridge window [mem 0xe6800000-0xe68fffff 64bit pref]
Jul 05 03:09:07 localhost kernel: pci 0000:00:15.6: PCI bridge to [bus 09]
Jul 05 03:09:07 localhost kernel: pci 0000:00:15.6:   bridge window [mem 0xfbd00000-0xfbdfffff]
Jul 05 03:09:07 localhost kernel: pci 0000:00:15.6:   bridge window [mem 0xe6400000-0xe64fffff 64bit pref]
Jul 05 03:09:07 localhost kernel: pci 0000:00:15.7: PCI bridge to [bus 0a]
Jul 05 03:09:07 localhost kernel: pci 0000:00:15.7:   bridge window [mem 0xfb900000-0xfb9fffff]
Jul 05 03:09:07 localhost kernel: pci 0000:00:15.7:   bridge window [mem 0xe6000000-0xe60fffff 64bit pref]
Jul 05 03:09:07 localhost kernel: pci 0000:0b:00.0: [15ad:07b0] type 00 class 0x020000
Jul 05 03:09:07 localhost kernel: pci 0000:0b:00.0: reg 0x10: [mem 0xfd4fc000-0xfd4fcfff]
Jul 05 03:09:07 localhost kernel: pci 0000:0b:00.0: reg 0x14: [mem 0xfd4fd000-0xfd4fdfff]
Jul 05 03:09:07 localhost kernel: pci 0000:0b:00.0: reg 0x18: [mem 0xfd4fe000-0xfd4fffff]
Jul 05 03:09:07 localhost kernel: pci 0000:0b:00.0: reg 0x1c: [io  0x5000-0x500f]
Jul 05 03:09:07 localhost kernel: pci 0000:0b:00.0: reg 0x30: [mem 0x00000000-0x0000ffff pref]
Jul 05 03:09:07 localhost kernel: pci 0000:0b:00.0: supports D1 D2
Jul 05 03:09:07 localhost kernel: pci 0000:0b:00.0: PME# supported from D0 D1 D2 D3hot D3cold
Jul 05 03:09:07 localhost kernel: pci 0000:0b:00.0: System wakeup disabled by ACPI
Jul 05 03:09:07 localhost kernel: pci 0000:0b:00.0: disabling ASPM on pre-1.1 PCIe device.  You can enable it with 'pcie_aspm=force'
Jul 05 03:09:07 localhost kernel: pci 0000:00:16.0: PCI bridge to [bus 0b]
Jul 05 03:09:07 localhost kernel: pci 0000:00:16.0:   bridge window [io  0x5000-0x5fff]
Jul 05 03:09:07 localhost kernel: pci 0000:00:16.0:   bridge window [mem 0xfd400000-0xfd4fffff]
Jul 05 03:09:07 localhost kernel: pci 0000:00:16.1: PCI bridge to [bus 0c]
Jul 05 03:09:07 localhost kernel: pci 0000:00:16.1:   bridge window [io  0x9000-0x9fff]
Jul 05 03:09:07 localhost kernel: pci 0000:00:16.1:   bridge window [mem 0xfd000000-0xfd0fffff]
Jul 05 03:09:07 localhost kernel: pci 0000:00:16.1:   bridge window [mem 0xe7700000-0xe77fffff 64bit pref]
Jul 05 03:09:07 localhost kernel: pci 0000:00:16.2: PCI bridge to [bus 0d]
Jul 05 03:09:07 localhost kernel: pci 0000:00:16.2:   bridge window [io  0xd000-0xdfff]
Jul 05 03:09:07 localhost kernel: pci 0000:00:16.2:   bridge window [mem 0xfcc00000-0xfccfffff]
Jul 05 03:09:07 localhost kernel: pci 0000:00:16.2:   bridge window [mem 0xe7300000-0xe73fffff 64bit pref]
Jul 05 03:09:07 localhost kernel: pci 0000:00:16.3: PCI bridge to [bus 0e]
Jul 05 03:09:07 localhost kernel: pci 0000:00:16.3:   bridge window [mem 0xfc800000-0xfc8fffff]
Jul 05 03:09:07 localhost kernel: pci 0000:00:16.3:   bridge window [mem 0xe6f00000-0xe6ffffff 64bit pref]
Jul 05 03:09:07 localhost kernel: pci 0000:00:16.4: PCI bridge to [bus 0f]
Jul 05 03:09:07 localhost kernel: pci 0000:00:16.4:   bridge window [mem 0xfc400000-0xfc4fffff]
Jul 05 03:09:07 localhost kernel: pci 0000:00:16.4:   bridge window [mem 0xe6b00000-0xe6bfffff 64bit pref]
Jul 05 03:09:07 localhost kernel: pci 0000:00:16.5: PCI bridge to [bus 10]
Jul 05 03:09:07 localhost kernel: pci 0000:00:16.5:   bridge window [mem 0xfc000000-0xfc0fffff]
Jul 05 03:09:07 localhost kernel: pci 0000:00:16.5:   bridge window [mem 0xe6700000-0xe67fffff 64bit pref]
Jul 05 03:09:07 localhost kernel: pci 0000:00:16.6: PCI bridge to [bus 11]
Jul 05 03:09:07 localhost kernel: pci 0000:00:16.6:   bridge window [mem 0xfbc00000-0xfbcfffff]
Jul 05 03:09:07 localhost kernel: pci 0000:00:16.6:   bridge window [mem 0xe6300000-0xe63fffff 64bit pref]
Jul 05 03:09:07 localhost kernel: pci 0000:00:16.7: PCI bridge to [bus 12]
Jul 05 03:09:07 localhost kernel: pci 0000:00:16.7:   bridge window [mem 0xfb800000-0xfb8fffff]
Jul 05 03:09:07 localhost kernel: pci 0000:00:16.7:   bridge window [mem 0xe5f00000-0xe5ffffff 64bit pref]
Jul 05 03:09:07 localhost kernel: pci 0000:00:17.0: PCI bridge to [bus 13]
Jul 05 03:09:07 localhost kernel: pci 0000:00:17.0:   bridge window [io  0x6000-0x6fff]
Jul 05 03:09:07 localhost kernel: pci 0000:00:17.0:   bridge window [mem 0xfd300000-0xfd3fffff]
Jul 05 03:09:07 localhost kernel: pci 0000:00:17.0:   bridge window [mem 0xe7a00000-0xe7afffff 64bit pref]
Jul 05 03:09:07 localhost kernel: pci 0000:00:17.1: PCI bridge to [bus 14]
Jul 05 03:09:07 localhost kernel: pci 0000:00:17.1:   bridge window [io  0xa000-0xafff]
Jul 05 03:09:07 localhost kernel: pci 0000:00:17.1:   bridge window [mem 0xfcf00000-0xfcffffff]
Jul 05 03:09:07 localhost kernel: pci 0000:00:17.1:   bridge window [mem 0xe7600000-0xe76fffff 64bit pref]
Jul 05 03:09:07 localhost kernel: pci 0000:00:17.2: PCI bridge to [bus 15]
Jul 05 03:09:07 localhost kernel: pci 0000:00:17.2:   bridge window [io  0xe000-0xefff]
Jul 05 03:09:07 localhost kernel: pci 0000:00:17.2:   bridge window [mem 0xfcb00000-0xfcbfffff]
Jul 05 03:09:07 localhost kernel: pci 0000:00:17.2:   bridge window [mem 0xe7200000-0xe72fffff 64bit pref]
Jul 05 03:09:07 localhost kernel: pci 0000:00:17.3: PCI bridge to [bus 16]
Jul 05 03:09:07 localhost kernel: pci 0000:00:17.3:   bridge window [mem 0xfc700000-0xfc7fffff]
Jul 05 03:09:07 localhost kernel: pci 0000:00:17.3:   bridge window [mem 0xe6e00000-0xe6efffff 64bit pref]
Jul 05 03:09:07 localhost kernel: pci 0000:00:17.4: PCI bridge to [bus 17]
Jul 05 03:09:07 localhost kernel: pci 0000:00:17.4:   bridge window [mem 0xfc300000-0xfc3fffff]
Jul 05 03:09:07 localhost kernel: pci 0000:00:17.4:   bridge window [mem 0xe6a00000-0xe6afffff 64bit pref]
Jul 05 03:09:07 localhost kernel: pci 0000:00:17.5: PCI bridge to [bus 18]
Jul 05 03:09:07 localhost kernel: pci 0000:00:17.5:   bridge window [mem 0xfbf00000-0xfbffffff]
Jul 05 03:09:07 localhost kernel: pci 0000:00:17.5:   bridge window [mem 0xe6600000-0xe66fffff 64bit pref]
Jul 05 03:09:07 localhost kernel: pci 0000:00:17.6: PCI bridge to [bus 19]
Jul 05 03:09:07 localhost kernel: pci 0000:00:17.6:   bridge window [mem 0xfbb00000-0xfbbfffff]
Jul 05 03:09:07 localhost kernel: pci 0000:00:17.6:   bridge window [mem 0xe6200000-0xe62fffff 64bit pref]
Jul 05 03:09:07 localhost kernel: pci 0000:00:17.7: PCI bridge to [bus 1a]
Jul 05 03:09:07 localhost kernel: pci 0000:00:17.7:   bridge window [mem 0xfb700000-0xfb7fffff]
Jul 05 03:09:07 localhost kernel: pci 0000:00:17.7:   bridge window [mem 0xe5e00000-0xe5efffff 64bit pref]
Jul 05 03:09:07 localhost kernel: pci 0000:00:18.0: PCI bridge to [bus 1b]
Jul 05 03:09:07 localhost kernel: pci 0000:00:18.0:   bridge window [io  0x7000-0x7fff]
Jul 05 03:09:07 localhost kernel: pci 0000:00:18.0:   bridge window [mem 0xfd200000-0xfd2fffff]
Jul 05 03:09:07 localhost kernel: pci 0000:00:18.0:   bridge window [mem 0xe7900000-0xe79fffff 64bit pref]
Jul 05 03:09:07 localhost kernel: pci 0000:00:18.1: PCI bridge to [bus 1c]
Jul 05 03:09:07 localhost kernel: pci 0000:00:18.1:   bridge window [io  0xb000-0xbfff]
Jul 05 03:09:07 localhost kernel: pci 0000:00:18.1:   bridge window [mem 0xfce00000-0xfcefffff]
Jul 05 03:09:07 localhost kernel: pci 0000:00:18.1:   bridge window [mem 0xe7500000-0xe75fffff 64bit pref]
Jul 05 03:09:07 localhost kernel: pci 0000:00:18.2: PCI bridge to [bus 1d]
Jul 05 03:09:07 localhost kernel: pci 0000:00:18.2:   bridge window [mem 0xfca00000-0xfcafffff]
Jul 05 03:09:07 localhost kernel: pci 0000:00:18.2:   bridge window [mem 0xe7100000-0xe71fffff 64bit pref]
Jul 05 03:09:07 localhost kernel: pci 0000:00:18.3: PCI bridge to [bus 1e]
Jul 05 03:09:07 localhost kernel: pci 0000:00:18.3:   bridge window [mem 0xfc600000-0xfc6fffff]
Jul 05 03:09:07 localhost kernel: pci 0000:00:18.3:   bridge window [mem 0xe6d00000-0xe6dfffff 64bit pref]
Jul 05 03:09:07 localhost kernel: pci 0000:00:18.4: PCI bridge to [bus 1f]
Jul 05 03:09:07 localhost kernel: pci 0000:00:18.4:   bridge window [mem 0xfc200000-0xfc2fffff]
Jul 05 03:09:07 localhost kernel: pci 0000:00:18.4:   bridge window [mem 0xe6900000-0xe69fffff 64bit pref]
Jul 05 03:09:07 localhost kernel: pci 0000:00:18.5: PCI bridge to [bus 20]
Jul 05 03:09:07 localhost kernel: pci 0000:00:18.5:   bridge window [mem 0xfbe00000-0xfbefffff]
Jul 05 03:09:07 localhost kernel: pci 0000:00:18.5:   bridge window [mem 0xe6500000-0xe65fffff 64bit pref]
Jul 05 03:09:07 localhost kernel: pci 0000:00:18.6: PCI bridge to [bus 21]
Jul 05 03:09:07 localhost kernel: pci 0000:00:18.6:   bridge window [mem 0xfba00000-0xfbafffff]
Jul 05 03:09:07 localhost kernel: pci 0000:00:18.6:   bridge window [mem 0xe6100000-0xe61fffff 64bit pref]
Jul 05 03:09:07 localhost kernel: pci 0000:00:18.7: PCI bridge to [bus 22]
Jul 05 03:09:07 localhost kernel: pci 0000:00:18.7:   bridge window [mem 0xfb600000-0xfb6fffff]
Jul 05 03:09:07 localhost kernel: pci 0000:00:18.7:   bridge window [mem 0xe5d00000-0xe5dfffff 64bit pref]
Jul 05 03:09:07 localhost kernel: ACPI: PCI Interrupt Link [LNKA] (IRQs 3 4 5 6 7 *9 10 11 14 15)
Jul 05 03:09:07 localhost kernel: ACPI: PCI Interrupt Link [LNKB] (IRQs 3 4 5 6 7 9 10 11 14 15) *0, disabled.
Jul 05 03:09:07 localhost kernel: ACPI: PCI Interrupt Link [LNKC] (IRQs 3 4 5 6 7 9 10 *11 14 15)
Jul 05 03:09:07 localhost kernel: ACPI: PCI Interrupt Link [LNKD] (IRQs 3 4 5 6 7 9 *10 11 14 15)
Jul 05 03:09:07 localhost kernel: ACPI: Enabled 2 GPEs in block 00 to 0F
Jul 05 03:09:07 localhost kernel: vgaarb: device added: PCI:0000:00:0f.0,decodes=io+mem,owns=io+mem,locks=none
Jul 05 03:09:07 localhost kernel: vgaarb: loaded
Jul 05 03:09:07 localhost kernel: vgaarb: bridge control possible 0000:00:0f.0
Jul 05 03:09:07 localhost kernel: SCSI subsystem initialized
Jul 05 03:09:07 localhost kernel: ACPI: bus type USB registered
Jul 05 03:09:07 localhost kernel: usbcore: registered new interface driver usbfs
Jul 05 03:09:07 localhost kernel: usbcore: registered new interface driver hub
Jul 05 03:09:07 localhost kernel: usbcore: registered new device driver usb
Jul 05 03:09:07 localhost kernel: PCI: Using ACPI for IRQ routing
Jul 05 03:09:07 localhost kernel: PCI: pci_cache_line_size set to 64 bytes
Jul 05 03:09:07 localhost kernel: e820: reserve RAM buffer [mem 0x0009f800-0x0009ffff]
Jul 05 03:09:07 localhost kernel: e820: reserve RAM buffer [mem 0xbfef0000-0xbfffffff]
Jul 05 03:09:07 localhost kernel: NetLabel: Initializing
Jul 05 03:09:07 localhost kernel: NetLabel:  domain hash size = 128
Jul 05 03:09:07 localhost kernel: NetLabel:  protocols = UNLABELED CIPSOv4
Jul 05 03:09:07 localhost kernel: NetLabel:  unlabeled traffic allowed by default
Jul 05 03:09:07 localhost kernel: hpet0: at MMIO 0xfed00000, IRQs 2, 8, 0, 0, 0, 0, 0, 0, 0, 0, 0, 0, 0, 0, 0, 0
Jul 05 03:09:07 localhost kernel: hpet0: 16 comparators, 64-bit 14.318180 MHz counter
Jul 05 03:09:07 localhost kernel: amd_nb: Cannot enumerate AMD northbridges
Jul 05 03:09:07 localhost kernel: Switched to clocksource hpet
Jul 05 03:09:07 localhost kernel: pnp: PnP ACPI init
Jul 05 03:09:07 localhost kernel: ACPI: bus type PNP registered
Jul 05 03:09:07 localhost kernel: system 00:00: [io  0x1000-0x103f] could not be reserved
Jul 05 03:09:07 localhost kernel: system 00:00: [io  0x1040-0x104f] has been reserved
Jul 05 03:09:07 localhost kernel: system 00:00: [io  0x0cf0-0x0cf1] has been reserved
Jul 05 03:09:07 localhost kernel: system 00:00: Plug and Play ACPI device, IDs PNP0c02 (active)
Jul 05 03:09:07 localhost kernel: pnp 00:01: Plug and Play ACPI device, IDs PNP0b00 (active)
Jul 05 03:09:07 localhost kernel: pnp 00:02: Plug and Play ACPI device, IDs PNP0303 (active)
Jul 05 03:09:07 localhost kernel: pnp 00:03: Plug and Play ACPI device, IDs PNP0f13 (active)
Jul 05 03:09:07 localhost kernel: system 00:04: [mem 0xfed00000-0xfed003ff] has been reserved
Jul 05 03:09:07 localhost kernel: system 00:04: Plug and Play ACPI device, IDs PNP0103 PNP0c01 (active)
Jul 05 03:09:07 localhost kernel: pnp 00:05: [dma 2]
Jul 05 03:09:07 localhost kernel: pnp 00:05: Plug and Play ACPI device, IDs PNP0700 (active)
Jul 05 03:09:07 localhost kernel: system 00:06: [io  0xfce0-0xfcff] has been reserved
Jul 05 03:09:07 localhost kernel: system 00:06: [mem 0xf0000000-0xf7ffffff] has been reserved
Jul 05 03:09:07 localhost kernel: system 00:06: [mem 0xfe800000-0xfe9fffff] has been reserved
Jul 05 03:09:07 localhost kernel: system 00:06: Plug and Play ACPI device, IDs PNP0c02 (active)
Jul 05 03:09:07 localhost kernel: pnp: PnP ACPI: found 7 devices
Jul 05 03:09:07 localhost kernel: ACPI: bus type PNP unregistered
Jul 05 03:09:07 localhost kernel: pci 0000:00:15.0: bridge window [mem 0x00100000-0x000fffff 64bit pref] to [bus 03] add_size 200000 add_align 100000
Jul 05 03:09:07 localhost kernel: pci 0000:00:15.3: bridge window [io  0x1000-0x0fff] to [bus 06] add_size 1000
Jul 05 03:09:07 localhost kernel: pci 0000:00:15.4: bridge window [io  0x1000-0x0fff] to [bus 07] add_size 1000
Jul 05 03:09:07 localhost kernel: pci 0000:00:15.5: bridge window [io  0x1000-0x0fff] to [bus 08] add_size 1000
Jul 05 03:09:07 localhost kernel: pci 0000:00:15.6: bridge window [io  0x1000-0x0fff] to [bus 09] add_size 1000
Jul 05 03:09:07 localhost kernel: pci 0000:00:15.7: bridge window [io  0x1000-0x0fff] to [bus 0a] add_size 1000
Jul 05 03:09:07 localhost kernel: pci 0000:00:16.0: bridge window [mem 0x00100000-0x000fffff 64bit pref] to [bus 0b] add_size 200000 add_align 100000
Jul 05 03:09:07 localhost kernel: pci 0000:00:16.3: bridge window [io  0x1000-0x0fff] to [bus 0e] add_size 1000
Jul 05 03:09:07 localhost kernel: pci 0000:00:16.4: bridge window [io  0x1000-0x0fff] to [bus 0f] add_size 1000
Jul 05 03:09:07 localhost kernel: pci 0000:00:16.5: bridge window [io  0x1000-0x0fff] to [bus 10] add_size 1000
Jul 05 03:09:07 localhost kernel: pci 0000:00:16.6: bridge window [io  0x1000-0x0fff] to [bus 11] add_size 1000
Jul 05 03:09:07 localhost kernel: pci 0000:00:16.7: bridge window [io  0x1000-0x0fff] to [bus 12] add_size 1000
Jul 05 03:09:07 localhost kernel: pci 0000:00:17.3: bridge window [io  0x1000-0x0fff] to [bus 16] add_size 1000
Jul 05 03:09:07 localhost kernel: pci 0000:00:17.4: bridge window [io  0x1000-0x0fff] to [bus 17] add_size 1000
Jul 05 03:09:07 localhost kernel: pci 0000:00:17.5: bridge window [io  0x1000-0x0fff] to [bus 18] add_size 1000
Jul 05 03:09:07 localhost kernel: pci 0000:00:17.6: bridge window [io  0x1000-0x0fff] to [bus 19] add_size 1000
Jul 05 03:09:07 localhost kernel: pci 0000:00:17.7: bridge window [io  0x1000-0x0fff] to [bus 1a] add_size 1000
Jul 05 03:09:07 localhost kernel: pci 0000:00:18.2: bridge window [io  0x1000-0x0fff] to [bus 1d] add_size 1000
Jul 05 03:09:07 localhost kernel: pci 0000:00:18.3: bridge window [io  0x1000-0x0fff] to [bus 1e] add_size 1000
Jul 05 03:09:07 localhost kernel: pci 0000:00:18.4: bridge window [io  0x1000-0x0fff] to [bus 1f] add_size 1000
Jul 05 03:09:07 localhost kernel: pci 0000:00:18.5: bridge window [io  0x1000-0x0fff] to [bus 20] add_size 1000
Jul 05 03:09:07 localhost kernel: pci 0000:00:18.6: bridge window [io  0x1000-0x0fff] to [bus 21] add_size 1000
Jul 05 03:09:07 localhost kernel: pci 0000:00:18.7: bridge window [io  0x1000-0x0fff] to [bus 22] add_size 1000
Jul 05 03:09:07 localhost kernel: pci 0000:00:15.0: res[15]=[mem 0x00100000-0x000fffff 64bit pref] res_to_dev_res add_size 200000 min_align 100000
Jul 05 03:09:07 localhost kernel: pci 0000:00:15.0: res[15]=[mem 0x00100000-0x002fffff 64bit pref] res_to_dev_res add_size 200000 min_align 100000
Jul 05 03:09:07 localhost kernel: pci 0000:00:16.0: res[15]=[mem 0x00100000-0x000fffff 64bit pref] res_to_dev_res add_size 200000 min_align 100000
Jul 05 03:09:07 localhost kernel: pci 0000:00:16.0: res[15]=[mem 0x00100000-0x002fffff 64bit pref] res_to_dev_res add_size 200000 min_align 100000
Jul 05 03:09:07 localhost kernel: pci 0000:00:15.3: res[13]=[io  0x1000-0x0fff] res_to_dev_res add_size 1000 min_align 1000
Jul 05 03:09:07 localhost kernel: pci 0000:00:15.3: res[13]=[io  0x1000-0x1fff] res_to_dev_res add_size 1000 min_align 1000
Jul 05 03:09:07 localhost kernel: pci 0000:00:15.4: res[13]=[io  0x1000-0x0fff] res_to_dev_res add_size 1000 min_align 1000
Jul 05 03:09:07 localhost kernel: pci 0000:00:15.4: res[13]=[io  0x1000-0x1fff] res_to_dev_res add_size 1000 min_align 1000
Jul 05 03:09:07 localhost kernel: pci 0000:00:15.5: res[13]=[io  0x1000-0x0fff] res_to_dev_res add_size 1000 min_align 1000
Jul 05 03:09:07 localhost kernel: pci 0000:00:15.5: res[13]=[io  0x1000-0x1fff] res_to_dev_res add_size 1000 min_align 1000
Jul 05 03:09:07 localhost kernel: pci 0000:00:15.6: res[13]=[io  0x1000-0x0fff] res_to_dev_res add_size 1000 min_align 1000
Jul 05 03:09:07 localhost kernel: pci 0000:00:15.6: res[13]=[io  0x1000-0x1fff] res_to_dev_res add_size 1000 min_align 1000
Jul 05 03:09:07 localhost kernel: pci 0000:00:15.7: res[13]=[io  0x1000-0x0fff] res_to_dev_res add_size 1000 min_align 1000
Jul 05 03:09:07 localhost kernel: pci 0000:00:15.7: res[13]=[io  0x1000-0x1fff] res_to_dev_res add_size 1000 min_align 1000
Jul 05 03:09:07 localhost kernel: pci 0000:00:16.3: res[13]=[io  0x1000-0x0fff] res_to_dev_res add_size 1000 min_align 1000
Jul 05 03:09:07 localhost kernel: pci 0000:00:16.3: res[13]=[io  0x1000-0x1fff] res_to_dev_res add_size 1000 min_align 1000
Jul 05 03:09:07 localhost kernel: pci 0000:00:16.4: res[13]=[io  0x1000-0x0fff] res_to_dev_res add_size 1000 min_align 1000
Jul 05 03:09:07 localhost kernel: pci 0000:00:16.4: res[13]=[io  0x1000-0x1fff] res_to_dev_res add_size 1000 min_align 1000
Jul 05 03:09:07 localhost kernel: pci 0000:00:16.5: res[13]=[io  0x1000-0x0fff] res_to_dev_res add_size 1000 min_align 1000
Jul 05 03:09:07 localhost kernel: pci 0000:00:16.5: res[13]=[io  0x1000-0x1fff] res_to_dev_res add_size 1000 min_align 1000
Jul 05 03:09:07 localhost kernel: pci 0000:00:16.6: res[13]=[io  0x1000-0x0fff] res_to_dev_res add_size 1000 min_align 1000
Jul 05 03:09:07 localhost kernel: pci 0000:00:16.6: res[13]=[io  0x1000-0x1fff] res_to_dev_res add_size 1000 min_align 1000
Jul 05 03:09:07 localhost kernel: pci 0000:00:16.7: res[13]=[io  0x1000-0x0fff] res_to_dev_res add_size 1000 min_align 1000
Jul 05 03:09:07 localhost kernel: pci 0000:00:16.7: res[13]=[io  0x1000-0x1fff] res_to_dev_res add_size 1000 min_align 1000
Jul 05 03:09:07 localhost kernel: pci 0000:00:17.3: res[13]=[io  0x1000-0x0fff] res_to_dev_res add_size 1000 min_align 1000
Jul 05 03:09:07 localhost kernel: pci 0000:00:17.3: res[13]=[io  0x1000-0x1fff] res_to_dev_res add_size 1000 min_align 1000
Jul 05 03:09:07 localhost kernel: pci 0000:00:17.4: res[13]=[io  0x1000-0x0fff] res_to_dev_res add_size 1000 min_align 1000
Jul 05 03:09:07 localhost kernel: pci 0000:00:17.4: res[13]=[io  0x1000-0x1fff] res_to_dev_res add_size 1000 min_align 1000
Jul 05 03:09:07 localhost kernel: pci 0000:00:17.5: res[13]=[io  0x1000-0x0fff] res_to_dev_res add_size 1000 min_align 1000
Jul 05 03:09:07 localhost kernel: pci 0000:00:17.5: res[13]=[io  0x1000-0x1fff] res_to_dev_res add_size 1000 min_align 1000
Jul 05 03:09:07 localhost kernel: pci 0000:00:17.6: res[13]=[io  0x1000-0x0fff] res_to_dev_res add_size 1000 min_align 1000
Jul 05 03:09:07 localhost kernel: pci 0000:00:17.6: res[13]=[io  0x1000-0x1fff] res_to_dev_res add_size 1000 min_align 1000
Jul 05 03:09:07 localhost kernel: pci 0000:00:17.7: res[13]=[io  0x1000-0x0fff] res_to_dev_res add_size 1000 min_align 1000
Jul 05 03:09:07 localhost kernel: pci 0000:00:17.7: res[13]=[io  0x1000-0x1fff] res_to_dev_res add_size 1000 min_align 1000
Jul 05 03:09:07 localhost kernel: pci 0000:00:18.2: res[13]=[io  0x1000-0x0fff] res_to_dev_res add_size 1000 min_align 1000
Jul 05 03:09:07 localhost kernel: pci 0000:00:18.2: res[13]=[io  0x1000-0x1fff] res_to_dev_res add_size 1000 min_align 1000
Jul 05 03:09:07 localhost kernel: pci 0000:00:18.3: res[13]=[io  0x1000-0x0fff] res_to_dev_res add_size 1000 min_align 1000
Jul 05 03:09:07 localhost kernel: pci 0000:00:18.3: res[13]=[io  0x1000-0x1fff] res_to_dev_res add_size 1000 min_align 1000
Jul 05 03:09:07 localhost kernel: pci 0000:00:18.4: res[13]=[io  0x1000-0x0fff] res_to_dev_res add_size 1000 min_align 1000
Jul 05 03:09:07 localhost kernel: pci 0000:00:18.4: res[13]=[io  0x1000-0x1fff] res_to_dev_res add_size 1000 min_align 1000
Jul 05 03:09:07 localhost kernel: pci 0000:00:18.5: res[13]=[io  0x1000-0x0fff] res_to_dev_res add_size 1000 min_align 1000
Jul 05 03:09:07 localhost kernel: pci 0000:00:18.5: res[13]=[io  0x1000-0x1fff] res_to_dev_res add_size 1000 min_align 1000
Jul 05 03:09:07 localhost kernel: pci 0000:00:18.6: res[13]=[io  0x1000-0x0fff] res_to_dev_res add_size 1000 min_align 1000
Jul 05 03:09:07 localhost kernel: pci 0000:00:18.6: res[13]=[io  0x1000-0x1fff] res_to_dev_res add_size 1000 min_align 1000
Jul 05 03:09:07 localhost kernel: pci 0000:00:18.7: res[13]=[io  0x1000-0x0fff] res_to_dev_res add_size 1000 min_align 1000
Jul 05 03:09:07 localhost kernel: pci 0000:00:18.7: res[13]=[io  0x1000-0x1fff] res_to_dev_res add_size 1000 min_align 1000
Jul 05 03:09:07 localhost kernel: pci 0000:00:15.0: BAR 15: assigned [mem 0xc0000000-0xc01fffff 64bit pref]
Jul 05 03:09:07 localhost kernel: pci 0000:00:16.0: BAR 15: assigned [mem 0xc0200000-0xc03fffff 64bit pref]
Jul 05 03:09:07 localhost kernel: pci 0000:00:0f.0: BAR 6: assigned [mem 0xc0400000-0xc0407fff pref]
Jul 05 03:09:07 localhost kernel: pci 0000:00:15.3: BAR 13: no space for [io  size 0x1000]
Jul 05 03:09:07 localhost kernel: pci 0000:00:15.3: BAR 13: failed to assign [io  size 0x1000]
Jul 05 03:09:07 localhost kernel: pci 0000:00:15.4: BAR 13: no space for [io  size 0x1000]
Jul 05 03:09:07 localhost kernel: pci 0000:00:15.4: BAR 13: failed to assign [io  size 0x1000]
Jul 05 03:09:07 localhost kernel: pci 0000:00:15.5: BAR 13: no space for [io  size 0x1000]
Jul 05 03:09:07 localhost kernel: pci 0000:00:15.5: BAR 13: failed to assign [io  size 0x1000]
Jul 05 03:09:07 localhost kernel: pci 0000:00:15.6: BAR 13: no space for [io  size 0x1000]
Jul 05 03:09:07 localhost kernel: pci 0000:00:15.6: BAR 13: failed to assign [io  size 0x1000]
Jul 05 03:09:07 localhost kernel: pci 0000:00:15.7: BAR 13: no space for [io  size 0x1000]
Jul 05 03:09:07 localhost kernel: pci 0000:00:15.7: BAR 13: failed to assign [io  size 0x1000]
Jul 05 03:09:07 localhost kernel: pci 0000:00:16.3: BAR 13: no space for [io  size 0x1000]
Jul 05 03:09:07 localhost kernel: pci 0000:00:16.3: BAR 13: failed to assign [io  size 0x1000]
Jul 05 03:09:07 localhost kernel: pci 0000:00:16.4: BAR 13: no space for [io  size 0x1000]
Jul 05 03:09:07 localhost kernel: pci 0000:00:16.4: BAR 13: failed to assign [io  size 0x1000]
Jul 05 03:09:07 localhost kernel: pci 0000:00:16.5: BAR 13: no space for [io  size 0x1000]
Jul 05 03:09:07 localhost kernel: pci 0000:00:16.5: BAR 13: failed to assign [io  size 0x1000]
Jul 05 03:09:07 localhost kernel: pci 0000:00:16.6: BAR 13: no space for [io  size 0x1000]
Jul 05 03:09:07 localhost kernel: pci 0000:00:16.6: BAR 13: failed to assign [io  size 0x1000]
Jul 05 03:09:07 localhost kernel: pci 0000:00:16.7: BAR 13: no space for [io  size 0x1000]
Jul 05 03:09:07 localhost kernel: pci 0000:00:16.7: BAR 13: failed to assign [io  size 0x1000]
Jul 05 03:09:07 localhost kernel: pci 0000:00:17.3: BAR 13: no space for [io  size 0x1000]
Jul 05 03:09:07 localhost kernel: pci 0000:00:17.3: BAR 13: failed to assign [io  size 0x1000]
Jul 05 03:09:07 localhost kernel: pci 0000:00:17.4: BAR 13: no space for [io  size 0x1000]
Jul 05 03:09:07 localhost kernel: pci 0000:00:17.4: BAR 13: failed to assign [io  size 0x1000]
Jul 05 03:09:07 localhost kernel: pci 0000:00:17.5: BAR 13: no space for [io  size 0x1000]
Jul 05 03:09:07 localhost kernel: pci 0000:00:17.5: BAR 13: failed to assign [io  size 0x1000]
Jul 05 03:09:07 localhost kernel: pci 0000:00:17.6: BAR 13: no space for [io  size 0x1000]
Jul 05 03:09:07 localhost kernel: pci 0000:00:17.6: BAR 13: failed to assign [io  size 0x1000]
Jul 05 03:09:07 localhost kernel: pci 0000:00:17.7: BAR 13: no space for [io  size 0x1000]
Jul 05 03:09:07 localhost kernel: pci 0000:00:17.7: BAR 13: failed to assign [io  size 0x1000]
Jul 05 03:09:07 localhost kernel: pci 0000:00:18.2: BAR 13: no space for [io  size 0x1000]
Jul 05 03:09:07 localhost kernel: pci 0000:00:18.2: BAR 13: failed to assign [io  size 0x1000]
Jul 05 03:09:07 localhost kernel: pci 0000:00:18.3: BAR 13: no space for [io  size 0x1000]
Jul 05 03:09:07 localhost kernel: pci 0000:00:18.3: BAR 13: failed to assign [io  size 0x1000]
Jul 05 03:09:07 localhost kernel: pci 0000:00:18.4: BAR 13: no space for [io  size 0x1000]
Jul 05 03:09:07 localhost kernel: pci 0000:00:18.4: BAR 13: failed to assign [io  size 0x1000]
Jul 05 03:09:07 localhost kernel: pci 0000:00:18.5: BAR 13: no space for [io  size 0x1000]
Jul 05 03:09:07 localhost kernel: pci 0000:00:18.5: BAR 13: failed to assign [io  size 0x1000]
Jul 05 03:09:07 localhost kernel: pci 0000:00:18.6: BAR 13: no space for [io  size 0x1000]
Jul 05 03:09:07 localhost kernel: pci 0000:00:18.6: BAR 13: failed to assign [io  size 0x1000]
Jul 05 03:09:07 localhost kernel: pci 0000:00:18.7: BAR 13: no space for [io  size 0x1000]
Jul 05 03:09:07 localhost kernel: pci 0000:00:18.7: BAR 13: failed to assign [io  size 0x1000]
Jul 05 03:09:07 localhost kernel: pci 0000:00:18.7: BAR 13: no space for [io  size 0x1000]
Jul 05 03:09:07 localhost kernel: pci 0000:00:18.7: BAR 13: failed to assign [io  size 0x1000]
Jul 05 03:09:07 localhost kernel: pci 0000:00:18.6: BAR 13: no space for [io  size 0x1000]
Jul 05 03:09:07 localhost kernel: pci 0000:00:18.6: BAR 13: failed to assign [io  size 0x1000]
Jul 05 03:09:07 localhost kernel: pci 0000:00:18.5: BAR 13: no space for [io  size 0x1000]
Jul 05 03:09:07 localhost kernel: pci 0000:00:18.5: BAR 13: failed to assign [io  size 0x1000]
Jul 05 03:09:07 localhost kernel: pci 0000:00:18.4: BAR 13: no space for [io  size 0x1000]
Jul 05 03:09:07 localhost kernel: pci 0000:00:18.4: BAR 13: failed to assign [io  size 0x1000]
Jul 05 03:09:07 localhost kernel: pci 0000:00:18.3: BAR 13: no space for [io  size 0x1000]
Jul 05 03:09:07 localhost kernel: pci 0000:00:18.3: BAR 13: failed to assign [io  size 0x1000]
Jul 05 03:09:07 localhost kernel: pci 0000:00:18.2: BAR 13: no space for [io  size 0x1000]
Jul 05 03:09:07 localhost kernel: pci 0000:00:18.2: BAR 13: failed to assign [io  size 0x1000]
Jul 05 03:09:07 localhost kernel: pci 0000:00:17.7: BAR 13: no space for [io  size 0x1000]
Jul 05 03:09:07 localhost kernel: pci 0000:00:17.7: BAR 13: failed to assign [io  size 0x1000]
Jul 05 03:09:07 localhost kernel: pci 0000:00:17.6: BAR 13: no space for [io  size 0x1000]
Jul 05 03:09:07 localhost kernel: pci 0000:00:17.6: BAR 13: failed to assign [io  size 0x1000]
Jul 05 03:09:07 localhost kernel: pci 0000:00:17.5: BAR 13: no space for [io  size 0x1000]
Jul 05 03:09:07 localhost kernel: pci 0000:00:17.5: BAR 13: failed to assign [io  size 0x1000]
Jul 05 03:09:07 localhost kernel: pci 0000:00:17.4: BAR 13: no space for [io  size 0x1000]
Jul 05 03:09:07 localhost kernel: pci 0000:00:17.4: BAR 13: failed to assign [io  size 0x1000]
Jul 05 03:09:07 localhost kernel: pci 0000:00:17.3: BAR 13: no space for [io  size 0x1000]
Jul 05 03:09:07 localhost kernel: pci 0000:00:17.3: BAR 13: failed to assign [io  size 0x1000]
Jul 05 03:09:07 localhost kernel: pci 0000:00:16.7: BAR 13: no space for [io  size 0x1000]
Jul 05 03:09:07 localhost kernel: pci 0000:00:16.7: BAR 13: failed to assign [io  size 0x1000]
Jul 05 03:09:07 localhost kernel: pci 0000:00:16.6: BAR 13: no space for [io  size 0x1000]
Jul 05 03:09:07 localhost kernel: pci 0000:00:16.6: BAR 13: failed to assign [io  size 0x1000]
Jul 05 03:09:07 localhost kernel: pci 0000:00:16.5: BAR 13: no space for [io  size 0x1000]
Jul 05 03:09:07 localhost kernel: pci 0000:00:16.5: BAR 13: failed to assign [io  size 0x1000]
Jul 05 03:09:07 localhost kernel: pci 0000:00:16.4: BAR 13: no space for [io  size 0x1000]
Jul 05 03:09:07 localhost kernel: pci 0000:00:16.4: BAR 13: failed to assign [io  size 0x1000]
Jul 05 03:09:07 localhost kernel: pci 0000:00:16.3: BAR 13: no space for [io  size 0x1000]
Jul 05 03:09:07 localhost kernel: pci 0000:00:16.3: BAR 13: failed to assign [io  size 0x1000]
Jul 05 03:09:07 localhost kernel: pci 0000:00:15.7: BAR 13: no space for [io  size 0x1000]
Jul 05 03:09:07 localhost kernel: pci 0000:00:15.7: BAR 13: failed to assign [io  size 0x1000]
Jul 05 03:09:07 localhost kernel: pci 0000:00:15.6: BAR 13: no space for [io  size 0x1000]
Jul 05 03:09:07 localhost kernel: pci 0000:00:15.6: BAR 13: failed to assign [io  size 0x1000]
Jul 05 03:09:07 localhost kernel: pci 0000:00:15.5: BAR 13: no space for [io  size 0x1000]
Jul 05 03:09:07 localhost kernel: pci 0000:00:15.5: BAR 13: failed to assign [io  size 0x1000]
Jul 05 03:09:07 localhost kernel: pci 0000:00:15.4: BAR 13: no space for [io  size 0x1000]
Jul 05 03:09:07 localhost kernel: pci 0000:00:15.4: BAR 13: failed to assign [io  size 0x1000]
Jul 05 03:09:07 localhost kernel: pci 0000:00:15.3: BAR 13: no space for [io  size 0x1000]
Jul 05 03:09:07 localhost kernel: pci 0000:00:15.3: BAR 13: failed to assign [io  size 0x1000]
Jul 05 03:09:07 localhost kernel: pci 0000:00:01.0: PCI bridge to [bus 01]
Jul 05 03:09:07 localhost kernel: pci 0000:00:11.0: PCI bridge to [bus 02]
Jul 05 03:09:07 localhost kernel: pci 0000:00:11.0:   bridge window [io  0x2000-0x3fff]
Jul 05 03:09:07 localhost kernel: pci 0000:00:11.0:   bridge window [mem 0xfd600000-0xfdffffff]
Jul 05 03:09:07 localhost kernel: pci 0000:00:11.0:   bridge window [mem 0xe7b00000-0xe7ffffff 64bit pref]
Jul 05 03:09:07 localhost kernel: pci 0000:03:00.0: BAR 6: assigned [mem 0xfd500000-0xfd50ffff pref]
Jul 05 03:09:07 localhost kernel: pci 0000:00:15.0: PCI bridge to [bus 03]
Jul 05 03:09:07 localhost kernel: pci 0000:00:15.0:   bridge window [io  0x4000-0x4fff]
Jul 05 03:09:07 localhost kernel: pci 0000:00:15.0:   bridge window [mem 0xfd500000-0xfd5fffff]
Jul 05 03:09:07 localhost kernel: pci 0000:00:15.0:   bridge window [mem 0xc0000000-0xc01fffff 64bit pref]
Jul 05 03:09:07 localhost kernel: pci 0000:00:15.1: PCI bridge to [bus 04]
Jul 05 03:09:07 localhost kernel: pci 0000:00:15.1:   bridge window [io  0x8000-0x8fff]
Jul 05 03:09:07 localhost kernel: pci 0000:00:15.1:   bridge window [mem 0xfd100000-0xfd1fffff]
Jul 05 03:09:07 localhost kernel: pci 0000:00:15.1:   bridge window [mem 0xe7800000-0xe78fffff 64bit pref]
Jul 05 03:09:07 localhost kernel: pci 0000:00:15.2: PCI bridge to [bus 05]
Jul 05 03:09:07 localhost kernel: pci 0000:00:15.2:   bridge window [io  0xc000-0xcfff]
Jul 05 03:09:07 localhost kernel: pci 0000:00:15.2:   bridge window [mem 0xfcd00000-0xfcdfffff]
Jul 05 03:09:07 localhost kernel: pci 0000:00:15.2:   bridge window [mem 0xe7400000-0xe74fffff 64bit pref]
Jul 05 03:09:07 localhost kernel: pci 0000:00:15.3: PCI bridge to [bus 06]
Jul 05 03:09:07 localhost kernel: pci 0000:00:15.3:   bridge window [mem 0xfc900000-0xfc9fffff]
Jul 05 03:09:07 localhost kernel: pci 0000:00:15.3:   bridge window [mem 0xe7000000-0xe70fffff 64bit pref]
Jul 05 03:09:07 localhost kernel: pci 0000:00:15.4: PCI bridge to [bus 07]
Jul 05 03:09:07 localhost kernel: pci 0000:00:15.4:   bridge window [mem 0xfc500000-0xfc5fffff]
Jul 05 03:09:07 localhost kernel: pci 0000:00:15.4:   bridge window [mem 0xe6c00000-0xe6cfffff 64bit pref]
Jul 05 03:09:07 localhost kernel: pci 0000:00:15.5: PCI bridge to [bus 08]
Jul 05 03:09:07 localhost kernel: pci 0000:00:15.5:   bridge window [mem 0xfc100000-0xfc1fffff]
Jul 05 03:09:07 localhost kernel: pci 0000:00:15.5:   bridge window [mem 0xe6800000-0xe68fffff 64bit pref]
Jul 05 03:09:07 localhost kernel: pci 0000:00:15.6: PCI bridge to [bus 09]
Jul 05 03:09:07 localhost kernel: pci 0000:00:15.6:   bridge window [mem 0xfbd00000-0xfbdfffff]
Jul 05 03:09:07 localhost kernel: pci 0000:00:15.6:   bridge window [mem 0xe6400000-0xe64fffff 64bit pref]
Jul 05 03:09:07 localhost kernel: pci 0000:00:15.7: PCI bridge to [bus 0a]
Jul 05 03:09:07 localhost kernel: pci 0000:00:15.7:   bridge window [mem 0xfb900000-0xfb9fffff]
Jul 05 03:09:07 localhost kernel: pci 0000:00:15.7:   bridge window [mem 0xe6000000-0xe60fffff 64bit pref]
Jul 05 03:09:07 localhost kernel: pci 0000:0b:00.0: BAR 6: assigned [mem 0xfd400000-0xfd40ffff pref]
Jul 05 03:09:07 localhost kernel: pci 0000:00:16.0: PCI bridge to [bus 0b]
Jul 05 03:09:07 localhost kernel: pci 0000:00:16.0:   bridge window [io  0x5000-0x5fff]
Jul 05 03:09:07 localhost kernel: pci 0000:00:16.0:   bridge window [mem 0xfd400000-0xfd4fffff]
Jul 05 03:09:07 localhost kernel: pci 0000:00:16.0:   bridge window [mem 0xc0200000-0xc03fffff 64bit pref]
Jul 05 03:09:07 localhost kernel: pci 0000:00:16.1: PCI bridge to [bus 0c]
Jul 05 03:09:07 localhost kernel: pci 0000:00:16.1:   bridge window [io  0x9000-0x9fff]
Jul 05 03:09:07 localhost kernel: pci 0000:00:16.1:   bridge window [mem 0xfd000000-0xfd0fffff]
Jul 05 03:09:07 localhost kernel: pci 0000:00:16.1:   bridge window [mem 0xe7700000-0xe77fffff 64bit pref]
Jul 05 03:09:07 localhost kernel: pci 0000:00:16.2: PCI bridge to [bus 0d]
Jul 05 03:09:07 localhost kernel: pci 0000:00:16.2:   bridge window [io  0xd000-0xdfff]
Jul 05 03:09:07 localhost kernel: pci 0000:00:16.2:   bridge window [mem 0xfcc00000-0xfccfffff]
Jul 05 03:09:07 localhost kernel: pci 0000:00:16.2:   bridge window [mem 0xe7300000-0xe73fffff 64bit pref]
Jul 05 03:09:07 localhost kernel: pci 0000:00:16.3: PCI bridge to [bus 0e]
Jul 05 03:09:07 localhost kernel: pci 0000:00:16.3:   bridge window [mem 0xfc800000-0xfc8fffff]
Jul 05 03:09:07 localhost kernel: pci 0000:00:16.3:   bridge window [mem 0xe6f00000-0xe6ffffff 64bit pref]
Jul 05 03:09:07 localhost kernel: pci 0000:00:16.4: PCI bridge to [bus 0f]
Jul 05 03:09:07 localhost kernel: pci 0000:00:16.4:   bridge window [mem 0xfc400000-0xfc4fffff]
Jul 05 03:09:07 localhost kernel: pci 0000:00:16.4:   bridge window [mem 0xe6b00000-0xe6bfffff 64bit pref]
Jul 05 03:09:07 localhost kernel: pci 0000:00:16.5: PCI bridge to [bus 10]
Jul 05 03:09:07 localhost kernel: pci 0000:00:16.5:   bridge window [mem 0xfc000000-0xfc0fffff]
Jul 05 03:09:07 localhost kernel: pci 0000:00:16.5:   bridge window [mem 0xe6700000-0xe67fffff 64bit pref]
Jul 05 03:09:07 localhost kernel: pci 0000:00:16.6: PCI bridge to [bus 11]
Jul 05 03:09:07 localhost kernel: pci 0000:00:16.6:   bridge window [mem 0xfbc00000-0xfbcfffff]
Jul 05 03:09:07 localhost kernel: pci 0000:00:16.6:   bridge window [mem 0xe6300000-0xe63fffff 64bit pref]
Jul 05 03:09:07 localhost kernel: pci 0000:00:16.7: PCI bridge to [bus 12]
Jul 05 03:09:07 localhost kernel: pci 0000:00:16.7:   bridge window [mem 0xfb800000-0xfb8fffff]
Jul 05 03:09:07 localhost kernel: pci 0000:00:16.7:   bridge window [mem 0xe5f00000-0xe5ffffff 64bit pref]
Jul 05 03:09:07 localhost kernel: pci 0000:00:17.0: PCI bridge to [bus 13]
Jul 05 03:09:07 localhost kernel: pci 0000:00:17.0:   bridge window [io  0x6000-0x6fff]
Jul 05 03:09:07 localhost kernel: pci 0000:00:17.0:   bridge window [mem 0xfd300000-0xfd3fffff]
Jul 05 03:09:07 localhost kernel: pci 0000:00:17.0:   bridge window [mem 0xe7a00000-0xe7afffff 64bit pref]
Jul 05 03:09:07 localhost kernel: pci 0000:00:17.1: PCI bridge to [bus 14]
Jul 05 03:09:07 localhost kernel: pci 0000:00:17.1:   bridge window [io  0xa000-0xafff]
Jul 05 03:09:07 localhost kernel: pci 0000:00:17.1:   bridge window [mem 0xfcf00000-0xfcffffff]
Jul 05 03:09:07 localhost kernel: pci 0000:00:17.1:   bridge window [mem 0xe7600000-0xe76fffff 64bit pref]
Jul 05 03:09:07 localhost kernel: pci 0000:00:17.2: PCI bridge to [bus 15]
Jul 05 03:09:07 localhost kernel: pci 0000:00:17.2:   bridge window [io  0xe000-0xefff]
Jul 05 03:09:07 localhost kernel: pci 0000:00:17.2:   bridge window [mem 0xfcb00000-0xfcbfffff]
Jul 05 03:09:07 localhost kernel: pci 0000:00:17.2:   bridge window [mem 0xe7200000-0xe72fffff 64bit pref]
Jul 05 03:09:07 localhost kernel: pci 0000:00:17.3: PCI bridge to [bus 16]
Jul 05 03:09:07 localhost kernel: pci 0000:00:17.3:   bridge window [mem 0xfc700000-0xfc7fffff]
Jul 05 03:09:07 localhost kernel: pci 0000:00:17.3:   bridge window [mem 0xe6e00000-0xe6efffff 64bit pref]
Jul 05 03:09:07 localhost kernel: pci 0000:00:17.4: PCI bridge to [bus 17]
Jul 05 03:09:07 localhost kernel: pci 0000:00:17.4:   bridge window [mem 0xfc300000-0xfc3fffff]
Jul 05 03:09:07 localhost kernel: pci 0000:00:17.4:   bridge window [mem 0xe6a00000-0xe6afffff 64bit pref]
Jul 05 03:09:07 localhost kernel: pci 0000:00:17.5: PCI bridge to [bus 18]
Jul 05 03:09:07 localhost kernel: pci 0000:00:17.5:   bridge window [mem 0xfbf00000-0xfbffffff]
Jul 05 03:09:07 localhost kernel: pci 0000:00:17.5:   bridge window [mem 0xe6600000-0xe66fffff 64bit pref]
Jul 05 03:09:07 localhost kernel: pci 0000:00:17.6: PCI bridge to [bus 19]
Jul 05 03:09:07 localhost kernel: pci 0000:00:17.6:   bridge window [mem 0xfbb00000-0xfbbfffff]
Jul 05 03:09:07 localhost kernel: pci 0000:00:17.6:   bridge window [mem 0xe6200000-0xe62fffff 64bit pref]
Jul 05 03:09:07 localhost kernel: pci 0000:00:17.7: PCI bridge to [bus 1a]
Jul 05 03:09:07 localhost kernel: pci 0000:00:17.7:   bridge window [mem 0xfb700000-0xfb7fffff]
Jul 05 03:09:07 localhost kernel: pci 0000:00:17.7:   bridge window [mem 0xe5e00000-0xe5efffff 64bit pref]
Jul 05 03:09:07 localhost kernel: pci 0000:00:18.0: PCI bridge to [bus 1b]
Jul 05 03:09:07 localhost kernel: pci 0000:00:18.0:   bridge window [io  0x7000-0x7fff]
Jul 05 03:09:07 localhost kernel: pci 0000:00:18.0:   bridge window [mem 0xfd200000-0xfd2fffff]
Jul 05 03:09:07 localhost kernel: pci 0000:00:18.0:   bridge window [mem 0xe7900000-0xe79fffff 64bit pref]
Jul 05 03:09:07 localhost kernel: pci 0000:00:18.1: PCI bridge to [bus 1c]
Jul 05 03:09:07 localhost kernel: pci 0000:00:18.1:   bridge window [io  0xb000-0xbfff]
Jul 05 03:09:07 localhost kernel: pci 0000:00:18.1:   bridge window [mem 0xfce00000-0xfcefffff]
Jul 05 03:09:07 localhost kernel: pci 0000:00:18.1:   bridge window [mem 0xe7500000-0xe75fffff 64bit pref]
Jul 05 03:09:07 localhost kernel: pci 0000:00:18.2: PCI bridge to [bus 1d]
Jul 05 03:09:07 localhost kernel: pci 0000:00:18.2:   bridge window [mem 0xfca00000-0xfcafffff]
Jul 05 03:09:07 localhost kernel: pci 0000:00:18.2:   bridge window [mem 0xe7100000-0xe71fffff 64bit pref]
Jul 05 03:09:07 localhost kernel: pci 0000:00:18.3: PCI bridge to [bus 1e]
Jul 05 03:09:07 localhost kernel: pci 0000:00:18.3:   bridge window [mem 0xfc600000-0xfc6fffff]
Jul 05 03:09:07 localhost kernel: pci 0000:00:18.3:   bridge window [mem 0xe6d00000-0xe6dfffff 64bit pref]
Jul 05 03:09:07 localhost kernel: pci 0000:00:18.4: PCI bridge to [bus 1f]
Jul 05 03:09:07 localhost kernel: pci 0000:00:18.4:   bridge window [mem 0xfc200000-0xfc2fffff]
Jul 05 03:09:07 localhost kernel: pci 0000:00:18.4:   bridge window [mem 0xe6900000-0xe69fffff 64bit pref]
Jul 05 03:09:07 localhost kernel: pci 0000:00:18.5: PCI bridge to [bus 20]
Jul 05 03:09:07 localhost kernel: pci 0000:00:18.5:   bridge window [mem 0xfbe00000-0xfbefffff]
Jul 05 03:09:07 localhost kernel: pci 0000:00:18.5:   bridge window [mem 0xe6500000-0xe65fffff 64bit pref]
Jul 05 03:09:07 localhost kernel: pci 0000:00:18.6: PCI bridge to [bus 21]
Jul 05 03:09:07 localhost kernel: pci 0000:00:18.6:   bridge window [mem 0xfba00000-0xfbafffff]
Jul 05 03:09:07 localhost kernel: pci 0000:00:18.6:   bridge window [mem 0xe6100000-0xe61fffff 64bit pref]
Jul 05 03:09:07 localhost kernel: pci 0000:00:18.7: PCI bridge to [bus 22]
Jul 05 03:09:07 localhost kernel: pci 0000:00:18.7:   bridge window [mem 0xfb600000-0xfb6fffff]
Jul 05 03:09:07 localhost kernel: pci 0000:00:18.7:   bridge window [mem 0xe5d00000-0xe5dfffff 64bit pref]
Jul 05 03:09:07 localhost kernel: pci_bus 0000:00: resource 4 [mem 0x000a0000-0x000bffff window]
Jul 05 03:09:07 localhost kernel: pci_bus 0000:00: resource 5 [mem 0x000cc000-0x000cffff window]
Jul 05 03:09:07 localhost kernel: pci_bus 0000:00: resource 6 [mem 0x000d0000-0x000d3fff window]
Jul 05 03:09:07 localhost kernel: pci_bus 0000:00: resource 7 [mem 0x000d4000-0x000d7fff window]
Jul 05 03:09:07 localhost kernel: pci_bus 0000:00: resource 8 [mem 0x000d8000-0x000dbfff window]
Jul 05 03:09:07 localhost kernel: pci_bus 0000:00: resource 9 [mem 0xc0000000-0xfebfffff window]
Jul 05 03:09:07 localhost kernel: pci_bus 0000:00: resource 10 [io  0x0000-0x0cf7 window]
Jul 05 03:09:07 localhost kernel: pci_bus 0000:00: resource 11 [io  0x0d00-0xfeff window]
Jul 05 03:09:07 localhost kernel: pci_bus 0000:02: resource 0 [io  0x2000-0x3fff]
Jul 05 03:09:07 localhost kernel: pci_bus 0000:02: resource 1 [mem 0xfd600000-0xfdffffff]
Jul 05 03:09:07 localhost kernel: pci_bus 0000:02: resource 2 [mem 0xe7b00000-0xe7ffffff 64bit pref]
Jul 05 03:09:07 localhost kernel: pci_bus 0000:02: resource 4 [mem 0x000a0000-0x000bffff window]
Jul 05 03:09:07 localhost kernel: pci_bus 0000:02: resource 5 [mem 0x000cc000-0x000cffff window]
Jul 05 03:09:07 localhost kernel: pci_bus 0000:02: resource 6 [mem 0x000d0000-0x000d3fff window]
Jul 05 03:09:07 localhost kernel: pci_bus 0000:02: resource 7 [mem 0x000d4000-0x000d7fff window]
Jul 05 03:09:07 localhost kernel: pci_bus 0000:02: resource 8 [mem 0x000d8000-0x000dbfff window]
Jul 05 03:09:07 localhost kernel: pci_bus 0000:02: resource 9 [mem 0xc0000000-0xfebfffff window]
Jul 05 03:09:07 localhost kernel: pci_bus 0000:02: resource 10 [io  0x0000-0x0cf7 window]
Jul 05 03:09:07 localhost kernel: pci_bus 0000:02: resource 11 [io  0x0d00-0xfeff window]
Jul 05 03:09:07 localhost kernel: pci_bus 0000:03: resource 0 [io  0x4000-0x4fff]
Jul 05 03:09:07 localhost kernel: pci_bus 0000:03: resource 1 [mem 0xfd500000-0xfd5fffff]
Jul 05 03:09:07 localhost kernel: pci_bus 0000:03: resource 2 [mem 0xc0000000-0xc01fffff 64bit pref]
Jul 05 03:09:07 localhost kernel: pci_bus 0000:04: resource 0 [io  0x8000-0x8fff]
Jul 05 03:09:07 localhost kernel: pci_bus 0000:04: resource 1 [mem 0xfd100000-0xfd1fffff]
Jul 05 03:09:07 localhost kernel: pci_bus 0000:04: resource 2 [mem 0xe7800000-0xe78fffff 64bit pref]
Jul 05 03:09:07 localhost kernel: pci_bus 0000:05: resource 0 [io  0xc000-0xcfff]
Jul 05 03:09:07 localhost kernel: pci_bus 0000:05: resource 1 [mem 0xfcd00000-0xfcdfffff]
Jul 05 03:09:07 localhost kernel: pci_bus 0000:05: resource 2 [mem 0xe7400000-0xe74fffff 64bit pref]
Jul 05 03:09:07 localhost kernel: pci_bus 0000:06: resource 1 [mem 0xfc900000-0xfc9fffff]
Jul 05 03:09:07 localhost kernel: pci_bus 0000:06: resource 2 [mem 0xe7000000-0xe70fffff 64bit pref]
Jul 05 03:09:07 localhost kernel: pci_bus 0000:07: resource 1 [mem 0xfc500000-0xfc5fffff]
Jul 05 03:09:07 localhost kernel: pci_bus 0000:07: resource 2 [mem 0xe6c00000-0xe6cfffff 64bit pref]
Jul 05 03:09:07 localhost kernel: pci_bus 0000:08: resource 1 [mem 0xfc100000-0xfc1fffff]
Jul 05 03:09:07 localhost kernel: pci_bus 0000:08: resource 2 [mem 0xe6800000-0xe68fffff 64bit pref]
Jul 05 03:09:07 localhost kernel: pci_bus 0000:09: resource 1 [mem 0xfbd00000-0xfbdfffff]
Jul 05 03:09:07 localhost kernel: pci_bus 0000:09: resource 2 [mem 0xe6400000-0xe64fffff 64bit pref]
Jul 05 03:09:07 localhost kernel: pci_bus 0000:0a: resource 1 [mem 0xfb900000-0xfb9fffff]
Jul 05 03:09:07 localhost kernel: pci_bus 0000:0a: resource 2 [mem 0xe6000000-0xe60fffff 64bit pref]
Jul 05 03:09:07 localhost kernel: pci_bus 0000:0b: resource 0 [io  0x5000-0x5fff]
Jul 05 03:09:07 localhost kernel: pci_bus 0000:0b: resource 1 [mem 0xfd400000-0xfd4fffff]
Jul 05 03:09:07 localhost kernel: pci_bus 0000:0b: resource 2 [mem 0xc0200000-0xc03fffff 64bit pref]
Jul 05 03:09:07 localhost kernel: pci_bus 0000:0c: resource 0 [io  0x9000-0x9fff]
Jul 05 03:09:07 localhost kernel: pci_bus 0000:0c: resource 1 [mem 0xfd000000-0xfd0fffff]
Jul 05 03:09:07 localhost kernel: pci_bus 0000:0c: resource 2 [mem 0xe7700000-0xe77fffff 64bit pref]
Jul 05 03:09:07 localhost kernel: pci_bus 0000:0d: resource 0 [io  0xd000-0xdfff]
Jul 05 03:09:07 localhost kernel: pci_bus 0000:0d: resource 1 [mem 0xfcc00000-0xfccfffff]
Jul 05 03:09:07 localhost kernel: pci_bus 0000:0d: resource 2 [mem 0xe7300000-0xe73fffff 64bit pref]
Jul 05 03:09:07 localhost kernel: pci_bus 0000:0e: resource 1 [mem 0xfc800000-0xfc8fffff]
Jul 05 03:09:07 localhost kernel: pci_bus 0000:0e: resource 2 [mem 0xe6f00000-0xe6ffffff 64bit pref]
Jul 05 03:09:07 localhost kernel: pci_bus 0000:0f: resource 1 [mem 0xfc400000-0xfc4fffff]
Jul 05 03:09:07 localhost kernel: pci_bus 0000:0f: resource 2 [mem 0xe6b00000-0xe6bfffff 64bit pref]
Jul 05 03:09:07 localhost kernel: pci_bus 0000:10: resource 1 [mem 0xfc000000-0xfc0fffff]
Jul 05 03:09:07 localhost kernel: pci_bus 0000:10: resource 2 [mem 0xe6700000-0xe67fffff 64bit pref]
Jul 05 03:09:07 localhost kernel: pci_bus 0000:11: resource 1 [mem 0xfbc00000-0xfbcfffff]
Jul 05 03:09:07 localhost kernel: pci_bus 0000:11: resource 2 [mem 0xe6300000-0xe63fffff 64bit pref]
Jul 05 03:09:07 localhost kernel: pci_bus 0000:12: resource 1 [mem 0xfb800000-0xfb8fffff]
Jul 05 03:09:07 localhost kernel: pci_bus 0000:12: resource 2 [mem 0xe5f00000-0xe5ffffff 64bit pref]
Jul 05 03:09:07 localhost kernel: pci_bus 0000:13: resource 0 [io  0x6000-0x6fff]
Jul 05 03:09:07 localhost kernel: pci_bus 0000:13: resource 1 [mem 0xfd300000-0xfd3fffff]
Jul 05 03:09:07 localhost kernel: pci_bus 0000:13: resource 2 [mem 0xe7a00000-0xe7afffff 64bit pref]
Jul 05 03:09:07 localhost kernel: pci_bus 0000:14: resource 0 [io  0xa000-0xafff]
Jul 05 03:09:07 localhost kernel: pci_bus 0000:14: resource 1 [mem 0xfcf00000-0xfcffffff]
Jul 05 03:09:07 localhost kernel: pci_bus 0000:14: resource 2 [mem 0xe7600000-0xe76fffff 64bit pref]
Jul 05 03:09:07 localhost kernel: pci_bus 0000:15: resource 0 [io  0xe000-0xefff]
Jul 05 03:09:07 localhost kernel: pci_bus 0000:15: resource 1 [mem 0xfcb00000-0xfcbfffff]
Jul 05 03:09:07 localhost kernel: pci_bus 0000:15: resource 2 [mem 0xe7200000-0xe72fffff 64bit pref]
Jul 05 03:09:07 localhost kernel: pci_bus 0000:16: resource 1 [mem 0xfc700000-0xfc7fffff]
Jul 05 03:09:07 localhost kernel: pci_bus 0000:16: resource 2 [mem 0xe6e00000-0xe6efffff 64bit pref]
Jul 05 03:09:07 localhost kernel: pci_bus 0000:17: resource 1 [mem 0xfc300000-0xfc3fffff]
Jul 05 03:09:07 localhost kernel: pci_bus 0000:17: resource 2 [mem 0xe6a00000-0xe6afffff 64bit pref]
Jul 05 03:09:07 localhost kernel: pci_bus 0000:18: resource 1 [mem 0xfbf00000-0xfbffffff]
Jul 05 03:09:07 localhost kernel: pci_bus 0000:18: resource 2 [mem 0xe6600000-0xe66fffff 64bit pref]
Jul 05 03:09:07 localhost kernel: pci_bus 0000:19: resource 1 [mem 0xfbb00000-0xfbbfffff]
Jul 05 03:09:07 localhost kernel: pci_bus 0000:19: resource 2 [mem 0xe6200000-0xe62fffff 64bit pref]
Jul 05 03:09:07 localhost kernel: pci_bus 0000:1a: resource 1 [mem 0xfb700000-0xfb7fffff]
Jul 05 03:09:07 localhost kernel: pci_bus 0000:1a: resource 2 [mem 0xe5e00000-0xe5efffff 64bit pref]
Jul 05 03:09:07 localhost kernel: pci_bus 0000:1b: resource 0 [io  0x7000-0x7fff]
Jul 05 03:09:07 localhost kernel: pci_bus 0000:1b: resource 1 [mem 0xfd200000-0xfd2fffff]
Jul 05 03:09:07 localhost kernel: pci_bus 0000:1b: resource 2 [mem 0xe7900000-0xe79fffff 64bit pref]
Jul 05 03:09:07 localhost kernel: pci_bus 0000:1c: resource 0 [io  0xb000-0xbfff]
Jul 05 03:09:07 localhost kernel: pci_bus 0000:1c: resource 1 [mem 0xfce00000-0xfcefffff]
Jul 05 03:09:07 localhost kernel: pci_bus 0000:1c: resource 2 [mem 0xe7500000-0xe75fffff 64bit pref]
Jul 05 03:09:07 localhost kernel: pci_bus 0000:1d: resource 1 [mem 0xfca00000-0xfcafffff]
Jul 05 03:09:07 localhost kernel: pci_bus 0000:1d: resource 2 [mem 0xe7100000-0xe71fffff 64bit pref]
Jul 05 03:09:07 localhost kernel: pci_bus 0000:1e: resource 1 [mem 0xfc600000-0xfc6fffff]
Jul 05 03:09:07 localhost kernel: pci_bus 0000:1e: resource 2 [mem 0xe6d00000-0xe6dfffff 64bit pref]
Jul 05 03:09:07 localhost kernel: pci_bus 0000:1f: resource 1 [mem 0xfc200000-0xfc2fffff]
Jul 05 03:09:07 localhost kernel: pci_bus 0000:1f: resource 2 [mem 0xe6900000-0xe69fffff 64bit pref]
Jul 05 03:09:07 localhost kernel: pci_bus 0000:20: resource 1 [mem 0xfbe00000-0xfbefffff]
Jul 05 03:09:07 localhost kernel: pci_bus 0000:20: resource 2 [mem 0xe6500000-0xe65fffff 64bit pref]
Jul 05 03:09:07 localhost kernel: pci_bus 0000:21: resource 1 [mem 0xfba00000-0xfbafffff]
Jul 05 03:09:07 localhost kernel: pci_bus 0000:21: resource 2 [mem 0xe6100000-0xe61fffff 64bit pref]
Jul 05 03:09:07 localhost kernel: pci_bus 0000:22: resource 1 [mem 0xfb600000-0xfb6fffff]
Jul 05 03:09:07 localhost kernel: pci_bus 0000:22: resource 2 [mem 0xe5d00000-0xe5dfffff 64bit pref]
Jul 05 03:09:07 localhost kernel: NET: Registered protocol family 2
Jul 05 03:09:07 localhost kernel: TCP established hash table entries: 65536 (order: 7, 524288 bytes)
Jul 05 03:09:07 localhost kernel: TCP bind hash table entries: 65536 (order: 8, 1048576 bytes)
Jul 05 03:09:07 localhost kernel: TCP: Hash tables configured (established 65536 bind 65536)
Jul 05 03:09:07 localhost kernel: TCP: reno registered
Jul 05 03:09:07 localhost kernel: UDP hash table entries: 4096 (order: 5, 131072 bytes)
Jul 05 03:09:07 localhost kernel: UDP-Lite hash table entries: 4096 (order: 5, 131072 bytes)
Jul 05 03:09:07 localhost kernel: NET: Registered protocol family 1
Jul 05 03:09:07 localhost kernel: pci 0000:00:00.0: Limiting direct PCI/PCI transfers
Jul 05 03:09:07 localhost kernel: pci 0000:00:0f.0: Boot video device
Jul 05 03:09:07 localhost kernel: PCI: CLS 32 bytes, default 64
Jul 05 03:09:07 localhost kernel: Unpacking initramfs...
Jul 05 03:09:07 localhost kernel: Freeing initrd memory: 47300k freed
Jul 05 03:09:07 localhost kernel: PCI-DMA: Using software bounce buffering for IO (SWIOTLB)
Jul 05 03:09:07 localhost kernel: software IO TLB [mem 0xbbef0000-0xbfef0000] (64MB) mapped at [ffff8800bbef0000-ffff8800bfeeffff]
Jul 05 03:09:07 localhost kernel: RAPL PMU: API unit is 2^-32 Joules, 4 fixed counters, 10737418240 ms ovfl timer
Jul 05 03:09:07 localhost kernel: RAPL PMU: hw unit of domain pp0-core 2^-0 Joules
Jul 05 03:09:07 localhost kernel: RAPL PMU: hw unit of domain package 2^-0 Joules
Jul 05 03:09:07 localhost kernel: RAPL PMU: hw unit of domain dram 2^-0 Joules
Jul 05 03:09:07 localhost kernel: RAPL PMU: hw unit of domain pp1-gpu 2^-0 Joules
Jul 05 03:09:07 localhost kernel: Simple Boot Flag at 0x36 set to 0x80
Jul 05 03:09:07 localhost kernel: Switched to clocksource tsc
Jul 05 03:09:07 localhost kernel: sha1_ssse3: Using AVX optimized SHA-1 implementation
Jul 05 03:09:07 localhost kernel: sha256_ssse3: Using AVX2 optimized SHA-256 implementation
Jul 05 03:09:07 localhost kernel: futex hash table entries: 512 (order: 3, 32768 bytes)
Jul 05 03:09:07 localhost kernel: Initialise system trusted keyring
Jul 05 03:09:07 localhost kernel: audit: initializing netlink socket (disabled)
Jul 05 03:09:07 localhost kernel: type=2000 audit(1593918546.229:1): initialized
Jul 05 03:09:07 localhost kernel: HugeTLB registered 1 GB page size, pre-allocated 0 pages
Jul 05 03:09:07 localhost kernel: HugeTLB registered 2 MB page size, pre-allocated 0 pages
Jul 05 03:09:07 localhost kernel: zpool: loaded
Jul 05 03:09:07 localhost kernel: zbud: loaded
Jul 05 03:09:07 localhost kernel: VFS: Disk quotas dquot_6.5.2
Jul 05 03:09:07 localhost kernel: Dquot-cache hash table entries: 512 (order 0, 4096 bytes)
Jul 05 03:09:07 localhost kernel: msgmni has been set to 15964
Jul 05 03:09:07 localhost kernel: Key type big_key registered
Jul 05 03:09:07 localhost kernel: SELinux:  Registering netfilter hooks
Jul 05 03:09:07 localhost kernel: NET: Registered protocol family 38
Jul 05 03:09:07 localhost kernel: Key type asymmetric registered
Jul 05 03:09:07 localhost kernel: Asymmetric key parser 'x509' registered
Jul 05 03:09:07 localhost kernel: Block layer SCSI generic (bsg) driver version 0.4 loaded (major 250)
Jul 05 03:09:07 localhost kernel: io scheduler noop registered
Jul 05 03:09:07 localhost kernel: io scheduler deadline registered (default)
Jul 05 03:09:07 localhost kernel: io scheduler cfq registered
Jul 05 03:09:07 localhost kernel: pcieport 0000:00:15.0: irq 24 for MSI/MSI-X
Jul 05 03:09:07 localhost kernel: pcieport 0000:00:15.1: irq 25 for MSI/MSI-X
Jul 05 03:09:07 localhost kernel: pcieport 0000:00:15.2: irq 26 for MSI/MSI-X
Jul 05 03:09:07 localhost kernel: pcieport 0000:00:15.3: irq 27 for MSI/MSI-X
Jul 05 03:09:07 localhost kernel: pcieport 0000:00:15.4: irq 28 for MSI/MSI-X
Jul 05 03:09:07 localhost kernel: pcieport 0000:00:15.5: irq 29 for MSI/MSI-X
Jul 05 03:09:07 localhost kernel: pcieport 0000:00:15.6: irq 30 for MSI/MSI-X
Jul 05 03:09:07 localhost kernel: pcieport 0000:00:15.7: irq 31 for MSI/MSI-X
Jul 05 03:09:07 localhost kernel: pcieport 0000:00:16.0: irq 32 for MSI/MSI-X
Jul 05 03:09:07 localhost kernel: pcieport 0000:00:16.1: irq 33 for MSI/MSI-X
Jul 05 03:09:07 localhost kernel: pcieport 0000:00:16.2: irq 34 for MSI/MSI-X
Jul 05 03:09:07 localhost kernel: pcieport 0000:00:16.3: irq 35 for MSI/MSI-X
Jul 05 03:09:07 localhost kernel: pcieport 0000:00:16.4: irq 36 for MSI/MSI-X
Jul 05 03:09:07 localhost kernel: pcieport 0000:00:16.5: irq 37 for MSI/MSI-X
Jul 05 03:09:07 localhost kernel: pcieport 0000:00:16.6: irq 38 for MSI/MSI-X
Jul 05 03:09:07 localhost kernel: pcieport 0000:00:16.7: irq 39 for MSI/MSI-X
Jul 05 03:09:07 localhost kernel: pcieport 0000:00:17.0: irq 40 for MSI/MSI-X
Jul 05 03:09:07 localhost kernel: pcieport 0000:00:17.1: irq 41 for MSI/MSI-X
Jul 05 03:09:07 localhost kernel: pcieport 0000:00:17.2: irq 42 for MSI/MSI-X
Jul 05 03:09:07 localhost kernel: pcieport 0000:00:17.3: irq 43 for MSI/MSI-X
Jul 05 03:09:07 localhost kernel: pcieport 0000:00:17.4: irq 44 for MSI/MSI-X
Jul 05 03:09:07 localhost kernel: pcieport 0000:00:17.5: irq 45 for MSI/MSI-X
Jul 05 03:09:07 localhost kernel: pcieport 0000:00:17.6: irq 46 for MSI/MSI-X
Jul 05 03:09:07 localhost kernel: pcieport 0000:00:17.7: irq 47 for MSI/MSI-X
Jul 05 03:09:07 localhost kernel: pcieport 0000:00:18.0: irq 48 for MSI/MSI-X
Jul 05 03:09:07 localhost kernel: pcieport 0000:00:18.1: irq 49 for MSI/MSI-X
Jul 05 03:09:07 localhost kernel: pcieport 0000:00:18.2: irq 50 for MSI/MSI-X
Jul 05 03:09:07 localhost kernel: pcieport 0000:00:18.3: irq 51 for MSI/MSI-X
Jul 05 03:09:07 localhost kernel: pcieport 0000:00:18.4: irq 52 for MSI/MSI-X
Jul 05 03:09:07 localhost kernel: pcieport 0000:00:18.5: irq 53 for MSI/MSI-X
Jul 05 03:09:07 localhost kernel: pcieport 0000:00:18.6: irq 54 for MSI/MSI-X
Jul 05 03:09:07 localhost kernel: pcieport 0000:00:18.7: irq 55 for MSI/MSI-X
Jul 05 03:09:07 localhost kernel: pcieport 0000:00:15.0: Signaling PME through PCIe PME interrupt
Jul 05 03:09:07 localhost kernel: pci 0000:03:00.0: Signaling PME through PCIe PME interrupt
Jul 05 03:09:07 localhost kernel: pcie_pme 0000:00:15.0:pcie01: service driver pcie_pme loaded
Jul 05 03:09:07 localhost kernel: pcieport 0000:00:15.1: Signaling PME through PCIe PME interrupt
Jul 05 03:09:07 localhost kernel: pcie_pme 0000:00:15.1:pcie01: service driver pcie_pme loaded
Jul 05 03:09:07 localhost kernel: pcieport 0000:00:15.2: Signaling PME through PCIe PME interrupt
Jul 05 03:09:07 localhost kernel: pcie_pme 0000:00:15.2:pcie01: service driver pcie_pme loaded
Jul 05 03:09:07 localhost kernel: pcieport 0000:00:15.3: Signaling PME through PCIe PME interrupt
Jul 05 03:09:07 localhost kernel: pcie_pme 0000:00:15.3:pcie01: service driver pcie_pme loaded
Jul 05 03:09:07 localhost kernel: pcieport 0000:00:15.4: Signaling PME through PCIe PME interrupt
Jul 05 03:09:07 localhost kernel: pcie_pme 0000:00:15.4:pcie01: service driver pcie_pme loaded
Jul 05 03:09:07 localhost kernel: pcieport 0000:00:15.5: Signaling PME through PCIe PME interrupt
Jul 05 03:09:07 localhost kernel: pcie_pme 0000:00:15.5:pcie01: service driver pcie_pme loaded
Jul 05 03:09:07 localhost kernel: pcieport 0000:00:15.6: Signaling PME through PCIe PME interrupt
Jul 05 03:09:07 localhost kernel: pcie_pme 0000:00:15.6:pcie01: service driver pcie_pme loaded
Jul 05 03:09:07 localhost kernel: pcieport 0000:00:15.7: Signaling PME through PCIe PME interrupt
Jul 05 03:09:07 localhost kernel: pcie_pme 0000:00:15.7:pcie01: service driver pcie_pme loaded
Jul 05 03:09:07 localhost kernel: pcieport 0000:00:16.0: Signaling PME through PCIe PME interrupt
Jul 05 03:09:07 localhost kernel: pci 0000:0b:00.0: Signaling PME through PCIe PME interrupt
Jul 05 03:09:07 localhost kernel: pcie_pme 0000:00:16.0:pcie01: service driver pcie_pme loaded
Jul 05 03:09:07 localhost kernel: pcieport 0000:00:16.1: Signaling PME through PCIe PME interrupt
Jul 05 03:09:07 localhost kernel: pcie_pme 0000:00:16.1:pcie01: service driver pcie_pme loaded
Jul 05 03:09:07 localhost kernel: pcieport 0000:00:16.2: Signaling PME through PCIe PME interrupt
Jul 05 03:09:07 localhost kernel: pcie_pme 0000:00:16.2:pcie01: service driver pcie_pme loaded
Jul 05 03:09:07 localhost kernel: pcieport 0000:00:16.3: Signaling PME through PCIe PME interrupt
Jul 05 03:09:07 localhost kernel: pcie_pme 0000:00:16.3:pcie01: service driver pcie_pme loaded
Jul 05 03:09:07 localhost kernel: pcieport 0000:00:16.4: Signaling PME through PCIe PME interrupt
Jul 05 03:09:07 localhost kernel: pcie_pme 0000:00:16.4:pcie01: service driver pcie_pme loaded
Jul 05 03:09:07 localhost kernel: pcieport 0000:00:16.5: Signaling PME through PCIe PME interrupt
Jul 05 03:09:07 localhost kernel: pcie_pme 0000:00:16.5:pcie01: service driver pcie_pme loaded
Jul 05 03:09:07 localhost kernel: pcieport 0000:00:16.6: Signaling PME through PCIe PME interrupt
Jul 05 03:09:07 localhost kernel: pcie_pme 0000:00:16.6:pcie01: service driver pcie_pme loaded
Jul 05 03:09:07 localhost kernel: pcieport 0000:00:16.7: Signaling PME through PCIe PME interrupt
Jul 05 03:09:07 localhost kernel: pcie_pme 0000:00:16.7:pcie01: service driver pcie_pme loaded
Jul 05 03:09:07 localhost kernel: pcieport 0000:00:17.0: Signaling PME through PCIe PME interrupt
Jul 05 03:09:07 localhost kernel: pcie_pme 0000:00:17.0:pcie01: service driver pcie_pme loaded
Jul 05 03:09:07 localhost kernel: pcieport 0000:00:17.1: Signaling PME through PCIe PME interrupt
Jul 05 03:09:07 localhost kernel: pcie_pme 0000:00:17.1:pcie01: service driver pcie_pme loaded
Jul 05 03:09:07 localhost kernel: pcieport 0000:00:17.2: Signaling PME through PCIe PME interrupt
Jul 05 03:09:07 localhost kernel: pcie_pme 0000:00:17.2:pcie01: service driver pcie_pme loaded
Jul 05 03:09:07 localhost kernel: pcieport 0000:00:17.3: Signaling PME through PCIe PME interrupt
Jul 05 03:09:07 localhost kernel: pcie_pme 0000:00:17.3:pcie01: service driver pcie_pme loaded
Jul 05 03:09:07 localhost kernel: pcieport 0000:00:17.4: Signaling PME through PCIe PME interrupt
Jul 05 03:09:07 localhost kernel: pcie_pme 0000:00:17.4:pcie01: service driver pcie_pme loaded
Jul 05 03:09:07 localhost kernel: pcieport 0000:00:17.5: Signaling PME through PCIe PME interrupt
Jul 05 03:09:07 localhost kernel: pcie_pme 0000:00:17.5:pcie01: service driver pcie_pme loaded
Jul 05 03:09:07 localhost kernel: pcieport 0000:00:17.6: Signaling PME through PCIe PME interrupt
Jul 05 03:09:07 localhost kernel: pcie_pme 0000:00:17.6:pcie01: service driver pcie_pme loaded
Jul 05 03:09:07 localhost kernel: pcieport 0000:00:17.7: Signaling PME through PCIe PME interrupt
Jul 05 03:09:07 localhost kernel: pcie_pme 0000:00:17.7:pcie01: service driver pcie_pme loaded
Jul 05 03:09:07 localhost kernel: pcieport 0000:00:18.0: Signaling PME through PCIe PME interrupt
Jul 05 03:09:07 localhost kernel: pcie_pme 0000:00:18.0:pcie01: service driver pcie_pme loaded
Jul 05 03:09:07 localhost kernel: pcieport 0000:00:18.1: Signaling PME through PCIe PME interrupt
Jul 05 03:09:07 localhost kernel: pcie_pme 0000:00:18.1:pcie01: service driver pcie_pme loaded
Jul 05 03:09:07 localhost kernel: pcieport 0000:00:18.2: Signaling PME through PCIe PME interrupt
Jul 05 03:09:07 localhost kernel: pcie_pme 0000:00:18.2:pcie01: service driver pcie_pme loaded
Jul 05 03:09:07 localhost kernel: pcieport 0000:00:18.3: Signaling PME through PCIe PME interrupt
Jul 05 03:09:07 localhost kernel: pcie_pme 0000:00:18.3:pcie01: service driver pcie_pme loaded
Jul 05 03:09:07 localhost kernel: pcieport 0000:00:18.4: Signaling PME through PCIe PME interrupt
Jul 05 03:09:07 localhost kernel: pcie_pme 0000:00:18.4:pcie01: service driver pcie_pme loaded
Jul 05 03:09:07 localhost kernel: pcieport 0000:00:18.5: Signaling PME through PCIe PME interrupt
Jul 05 03:09:07 localhost kernel: pcie_pme 0000:00:18.5:pcie01: service driver pcie_pme loaded
Jul 05 03:09:07 localhost kernel: pcieport 0000:00:18.6: Signaling PME through PCIe PME interrupt
Jul 05 03:09:07 localhost kernel: pcie_pme 0000:00:18.6:pcie01: service driver pcie_pme loaded
Jul 05 03:09:07 localhost kernel: pcieport 0000:00:18.7: Signaling PME through PCIe PME interrupt
Jul 05 03:09:07 localhost kernel: pcie_pme 0000:00:18.7:pcie01: service driver pcie_pme loaded
Jul 05 03:09:07 localhost kernel: pci_hotplug: PCI Hot Plug PCI Core version: 0.5
Jul 05 03:09:07 localhost kernel: pciehp 0000:00:15.0:pcie04: Slot #160 AttnBtn+ PwrCtrl+ MRL- AttnInd- PwrInd- HotPlug+ Surprise- Interlock- NoCompl+ LLActRep+
Jul 05 03:09:07 localhost kernel: pciehp 0000:00:15.0:pcie04: service driver pciehp loaded
Jul 05 03:09:07 localhost kernel: pciehp 0000:00:15.1:pcie04: Slot #161 AttnBtn+ PwrCtrl+ MRL- AttnInd- PwrInd- HotPlug+ Surprise- Interlock- NoCompl+ LLActRep+
Jul 05 03:09:07 localhost kernel: pciehp 0000:00:15.1:pcie04: service driver pciehp loaded
Jul 05 03:09:07 localhost kernel: pciehp 0000:00:15.2:pcie04: Slot #162 AttnBtn+ PwrCtrl+ MRL- AttnInd- PwrInd- HotPlug+ Surprise- Interlock- NoCompl+ LLActRep+
Jul 05 03:09:07 localhost kernel: pciehp 0000:00:15.2:pcie04: service driver pciehp loaded
Jul 05 03:09:07 localhost kernel: pciehp 0000:00:15.3:pcie04: Slot #163 AttnBtn+ PwrCtrl+ MRL- AttnInd- PwrInd- HotPlug+ Surprise- Interlock- NoCompl+ LLActRep+
Jul 05 03:09:07 localhost kernel: pciehp 0000:00:15.3:pcie04: service driver pciehp loaded
Jul 05 03:09:07 localhost kernel: pciehp 0000:00:15.4:pcie04: Slot #164 AttnBtn+ PwrCtrl+ MRL- AttnInd- PwrInd- HotPlug+ Surprise- Interlock- NoCompl+ LLActRep+
Jul 05 03:09:07 localhost kernel: pciehp 0000:00:15.4:pcie04: service driver pciehp loaded
Jul 05 03:09:07 localhost kernel: pciehp 0000:00:15.5:pcie04: Slot #165 AttnBtn+ PwrCtrl+ MRL- AttnInd- PwrInd- HotPlug+ Surprise- Interlock- NoCompl+ LLActRep+
